06-13 12:12:33.735  2412  2822 V WindowManager: Sent Transition (#185) createdAt=06-13 12:12:33.540 via request=TransitionRequestInfo { type = OPEN, triggerTask = TaskInfo{userId=0 taskId=374 effectiveUid=10335 displayId=0 isRunning=true baseIntent=Intent { act=android.intent.action.MAIN cat=[android.intent.category.LAUNCHER] flg=0x10200000 cmp=com.android.chrome/com.google.android.apps.chrome.Main } baseActivity=ComponentInfo{com.android.chrome/org.chromium.chrome.browser.ChromeTabbedActivity} topActivity=ComponentInfo{com.android.chrome/org.chromium.chrome.browser.settings.SettingsActivity} origActivity=ComponentInfo{com.android.chrome/com.google.android.apps.chrome.Main} realActivity=ComponentInfo{com.android.chrome/org.chromium.chrome.browser.ChromeTabbedActivity} numActivities=2 lastActiveTime=11622279 supportsMultiWindow=true resizeMode=2 isResizeable=true minWidth=-1 minHeight=-1 defaultMinSize=220 token=WCT{RemoteToken{82bcee Task{35c83e #374 type=standard A=10335:com.android.chrome}}} topActivityType=1 pictureInPictureParams=null shouldDockBigOverlays=false launchIntoPipHostTaskId=-1 lastParentTaskIdBeforePip=-1 displayCutoutSafeInsets=Rect(0, 0 - 0, 0) topActivityInfo=ActivityInfo{b6bc8d4 org.chromium.chrome.browser.settings.SettingsActivity} launchCookies=[android.os.BinderProxy@9bec01c] positionInParent=Point(0, 0) parentTaskId=-1 isFocused=true isVisible=true isVisibleRequested=true isTopActivityNoDisplay=false isSleeping=false locusId=null displayAreaFeatureId=1 isTopActivityTransparent=false isActivityStackTransparent=false lastNonFullscreenBounds=null capturedLink=null capturedLinkTimestamp=0 requestedVisibleTypes=503 topActivityRequestOpenInBrowserEducationTimestamp=0 appCompatTaskInfo=AppCompatTaskInfo { topActivityInSizeCompat=false isLeafTask= true eligibleForLetterboxEducation= false isLetterboxEducationEnabled= false isLetterboxDoubleTapEnabled= false eligibleForUserAspectRatioButton= false topActivityBoundsLetterboxed= false isFromLetterboxDoubleTap= false topActivityLetterboxVerticalPosition= -1 topActivityLetterboxHorizontalPosition= -1 topActivityLetterboxWidth=-1 topActivityLetterboxHeight=-1 topActivityAppBounds=Rect(0, 0 - 1220, 2712) isUserFullscreenOverrideEnabled=false isSystemFullscreenOverrideEnabled=false hasMinAspectRatioOverride=false topActivityLetterboxBounds=null cameraCompatTaskInfo=CameraCompatTaskInfo { cameraCompatMode=undefinedundefined} topNonResizableActivityAspectRatio=-1.0} topActivityMainWindowFrame=null isAppBubble=false isTopAppLocked=false}, pipChange = null, remoteTransitionInfo = null, displayChange = null, requestedLocation = null, userChange = null, windowingLayerChange = null, flags = 0, debugId = 185 }
06-13 12:12:33.735  2412  2822 V WindowManager:     startWCT=WindowContainerTransaction { changes= {} hops= [] errorCallbackToken=null taskFragmentOrganizer=null }
06-13 12:12:33.743  2412  2822 V WindowManager:     info={id=185 t=OPEN f=0x0 trk=0 r=[0@Point(0, 0)] c=[
06-13 12:12:33.743  2412  2822 V WindowManager:         {m=OPEN f=FILLS_TASK leash=Surface(name=ActivityRecord{106085329 u0 com.android.chrome/org.chromium.chrome.browser.settings.SettingsActivity#2585)/@0xd293b41 sb=Rect(0, 0 - 0, 0) eb=Rect(0, 0 - 1220, 2712) epz=Point(1220, 2712) d=-1->0 r=-1->0:-1 bc=ff1f1f1f activity=ActivityTransitionInfo { component = ComponentInfo{com.android.chrome/org.chromium.chrome.browser.settings.SettingsActivity}, taskId = 374, appCompatTransitionInfo = null } opt={t=FROM_STYLE mUserId=0}},
06-13 12:12:33.743  2412  2822 V WindowManager:         {m=TO_BACK f=FILLS_TASK leash=Surface(name=ActivityRecord{156143865 u0 com.android.chrome/com.google.android.apps.chrome.Main#2551)/@0x719b228 sb=Rect(0, 0 - 1220, 2712) eb=Rect(0, 0 - 1220, 2712) epz=Point(1220, 2712) d=0 bc=ff1f1f1f activity=ActivityTransitionInfo { component = ComponentInfo{com.android.chrome/org.chromium.chrome.browser.ChromeTabbedActivity}, taskId = 374, appCompatTransitionInfo = null } opt={t=FROM_STYLE mUserId=0}}
06-13 12:12:33.743  2412  2822 V WindowManager:     ]}
06-13 12:12:34.186  2412  2822 V WindowManager: Finish Transition (#185): created at 06-13 12:12:33.540 collect-started=0.043ms request-sent=3.59ms started=6.17ms ready=34.711ms sent=172.148ms commit=19.014ms finished=645.799ms
06-13 12:12:34.201  2412  2825 W AccessibilityWindowsPopulator: Windows change within in 2 frames continuously over 500 ms and notify windows changed immediately
06-13 12:12:34.262  2412  3810 W ProcessStats: Tracking association SourceState{54f25d6 system/1000 BFgs #37714} whose proc state 4 is better than process ProcessState{e50645 com.google.android.ext.services/10244 pkg=com.google.android.ext.services} proc state 14 (9 skipped)
06-13 12:12:34.262  2412  3050 D BackgroundInstallControlService: Package event received: 0
06-13 12:12:34.263  2412  3050 D BackgroundInstallControlService: Package event received: 0
06-13 12:12:36.077  2412  2842 D ActivityManager: sync unfroze 8799 com.android.cellbroadcastreceiver.module for 3
06-13 12:12:37.118  2412  4093 I ActivityTaskManager: START u0 {flg=0x34000000 xflg=0x4 cmp=com.google.android.gms/.credential.manager.PasswordManagerActivity (has extras)} with LAUNCH_MULTIPLE from uid 10295 (com.google.android.gms) (realCallingUid=10335) (BAL_ALLOW_PERMISSION) result code=0
06-13 12:12:37.122  3103  3150 D ShellSplitScreen: logExit: no-op, mLoggerSessionId is null
06-13 12:12:37.122  3103  3150 V ShellDesktopMode: DesktopTasksController: handleRequest request=TransitionRequestInfo { type = OPEN, triggerTask = TaskInfo{userId=0 taskId=375 effectiveUid=10295 displayId=0 isRunning=true baseIntent=Intent { flg=0x34000000 cmp=com.google.android.gms/.credential.manager.PasswordManagerActivity } baseActivity=ComponentInfo{com.google.android.gms/com.google.android.gms.credential.manager.PasswordManagerActivity} topActivity=ComponentInfo{com.google.android.gms/com.google.android.gms.credential.manager.PasswordManagerActivity} origActivity=null realActivity=ComponentInfo{com.google.android.gms/com.google.android.gms.credential.manager.PasswordManagerActivity} numActivities=1 lastActiveTime=11625853 supportsMultiWindow=true resizeMode=1 isResizeable=true minWidth=-1 minHeight=-1 defaultMinSize=220 token=WCT{android.os.BinderProxy@c0dc496} topActivityType=1 pictureInPictureParams=null shouldDockBigOverlays=false launchIntoPipHostTaskId=-1 lastParentTaskIdBeforePip=-1 displayCutoutSafeInsets=Rect(0, 104 - 0, 0) topActivityInfo=ActivityInfo{5c69817 com.google.android.gms.credential.manager.PasswordManagerActivity} launchCookies=[] positionInParent=Point(0, 0) parentTaskId=-1 isFocused=false isVisible=false isVisibleRequested=false isTopActivityNoDisplay=false isSleeping=false locusId=null displayAreaFeatureId=1 isTopActivityTransparent=false isActivityStackTransparent=false lastNonFullscreenBounds=null capturedLink=null capturedLinkTimestamp=0 requestedVisibleTypes=503 topActivityRequestOpenInBrowserEducationTimestamp=0 appCompatTaskInfo=AppCompatTaskInfo { topActivityInSizeCompat=false isLeafTask= true eligibleForLetterboxEducation= false isLetterboxEducationEnabled= false isLetterboxDoubleTapEnabled= false eligibleForUserAspectRatioButton= false topActivityBoundsLetterboxed= false isFromLetterboxDoubleTap= false topActivityLetterboxVerticalPosition= -1 topActivityLetterboxHorizontalPosition= -1 topActivityLetterboxWidth=-1 topActivityLetterboxHeight=-1 topActivityAppBounds=Rect(0, 0 - 1220, 2712) isUserFullscreenOverrideEnabled=false isSystemFullscreenOverrideEnabled=false hasMinAspectRatioOverride=false topActivityLetterboxBounds=null cameraCompatTaskInfo=CameraCompatTaskInfo { cameraCompatMode=undefinedundefined} topNonResizableActivityAspectRatio=-1.0} topActivityMainWindowFrame=null isAppBubble=false isTopAppLocked=false}, pipChange = null, remoteTransitionInfo = null, displayChange = null, requestedLocation = null, userChange = null, windowingLayerChange = null, flags = 0, debugId = 186 }
06-13 12:12:37.122  3103  3150 V ShellDesktopMode: DesktopTasksController: skipping handleRequest reason=triggerTask's display doesn't support desktop mode
06-13 12:12:37.130  2412  3810 D ProcessFreezerManager: Already triggered freeze for com.google.android.gms.ui
06-13 12:12:37.131  2412  2945 D DisplayRefreshRateController: Skip update refresh rate due to in extreme mode
06-13 12:12:37.134  2412  2843 I ActivityManager: Start proc 11571:com.google.android.gms.ui/u0a295 for next-top-activity {com.google.android.gms/com.google.android.gms.credential.manager.PasswordManagerActivity}
06-13 12:12:37.135  2412  3050 D BackgroundInstallControlService: Package event received: 0
06-13 12:12:37.160  3103  3150 V ShellDesktopMode: DesktopModeLogger: taskInfo map after processing changes 0
06-13 12:12:37.160  3103  3150 D ShellDesktopMode: DesktopTaskChangeListener: onTaskMovingToBack for taskId=374, displayId=0 - desktop not supported
06-13 12:12:37.160  3103  3150 D ShellDesktopMode: DesktopTaskChangeListener: onTaskOpening for taskId=375, displayId=0 userId=0 currentUserId=0 parentTaskId=-1 isFreeform=false isActive=false
06-13 12:12:37.160  3103  3150 D ShellDesktopMode: DesktopTaskChangeListener: onTaskOpening for taskId=375, displayId=0 - desktop not supported
06-13 12:12:37.160  3103  3150 D ShellSplitScreen: startAnimation: transition=186 isSplitActive=false
06-13 12:12:37.160  3103  3150 V ShellDesktopMode: DesktopMixedTransitionHandler: No pending desktop transition
06-13 12:12:37.164  2412  2822 V WindowManager: Sent Transition (#186) createdAt=06-13 12:12:37.109 via request=TransitionRequestInfo { type = OPEN, triggerTask = TaskInfo{userId=0 taskId=375 effectiveUid=10295 displayId=0 isRunning=true baseIntent=Intent { flg=0x34000000 cmp=com.google.android.gms/.credential.manager.PasswordManagerActivity } baseActivity=ComponentInfo{com.google.android.gms/com.google.android.gms.credential.manager.PasswordManagerActivity} topActivity=ComponentInfo{com.google.android.gms/com.google.android.gms.credential.manager.PasswordManagerActivity} origActivity=null realActivity=ComponentInfo{com.google.android.gms/com.google.android.gms.credential.manager.PasswordManagerActivity} numActivities=1 lastActiveTime=11625853 supportsMultiWindow=true resizeMode=1 isResizeable=true minWidth=-1 minHeight=-1 defaultMinSize=220 token=WCT{RemoteToken{95b52d5 Task{8aad948 #375 type=standard A=10295:com.google.android.gms}}} topActivityType=1 pictureInPictureParams=null shouldDockBigOverlays=false launchIntoPipHostTaskId=-1 lastParentTaskIdBeforePip=-1 displayCutoutSafeInsets=Rect(0, 104 - 0, 0) topActivityInfo=ActivityInfo{4dd5aea com.google.android.gms.credential.manager.PasswordManagerActivity} launchCookies=[] positionInParent=Point(0, 0) parentTaskId=-1 isFocused=false isVisible=false isVisibleRequested=false isTopActivityNoDisplay=false isSleeping=false locusId=null displayAreaFeatureId=1 isTopActivityTransparent=false isActivityStackTransparent=false lastNonFullscreenBounds=null capturedLink=null capturedLinkTimestamp=0 requestedVisibleTypes=503 topActivityRequestOpenInBrowserEducationTimestamp=0 appCompatTaskInfo=AppCompatTaskInfo { topActivityInSizeCompat=false isLeafTask= true eligibleForLetterboxEducation= false isLetterboxEducationEnabled= false isLetterboxDoubleTapEnabled= false eligibleForUserAspectRatioButton= false topActivityBoundsLetterboxed= false isFromLetterboxDoubleTap= false topActivityLetterboxVerticalPosition= -1 topActivityLetterboxHorizontalPosition= -1 topActivityLetterboxWidth=-1 topActivityLetterboxHeight=-1 topActivityAppBounds=Rect(0, 0 - 1220, 2712) isUserFullscreenOverrideEnabled=false isSystemFullscreenOverrideEnabled=false hasMinAspectRatioOverride=false topActivityLetterboxBounds=null cameraCompatTaskInfo=CameraCompatTaskInfo { cameraCompatMode=undefinedundefined} topNonResizableActivityAspectRatio=-1.0} topActivityMainWindowFrame=null isAppBubble=false isTopAppLocked=false}, pipChange = null, remoteTransitionInfo = null, displayChange = null, requestedLocation = null, userChange = null, windowingLayerChange = null, flags = 0, debugId = 186 }
06-13 12:12:37.164  2412  2822 V WindowManager:     startWCT=WindowContainerTransaction { changes= {} hops= [] errorCallbackToken=null taskFragmentOrganizer=null }
06-13 12:12:37.164  2412  2822 V WindowManager:     info={id=186 t=OPEN f=0x0 trk=0 r=[0@Point(0, 0)] c=[
06-13 12:12:37.164  2412  2822 V WindowManager:         {WCT{RemoteToken{95b52d5 Task{8aad948 #375 type=standard A=10295:com.google.android.gms}}} m=OPEN f=NONE leash=Surface(name=Task=375#2593)/@0xbf12ede sb=Rect(0, 0 - 1220, 2712) eb=Rect(0, 0 - 1220, 2712) epz=Point(1220, 2712) d=0 taskParent=-1 winMode=1 userId=0},
06-13 12:12:37.164  2412  2822 V WindowManager:         {WCT{RemoteToken{82bcee Task{35c83e #374 type=standard A=10335:com.android.chrome}}} m=TO_BACK f=NONE leash=Surface(name=Task=374#2550)/@0xf6244f0 sb=Rect(0, 0 - 1220, 2712) eb=Rect(0, 0 - 1220, 2712) epz=Point(1220, 2712) d=0 taskParent=-1 winMode=1 userId=0}
06-13 12:12:37.164  2412  2822 V WindowManager:     ]}
06-13 12:12:37.182  2412  3050 D BackgroundInstallControlService: Package event received: 0
06-13 12:12:37.188  3103  3150 V ShellTaskOrganizer: Task appeared taskId=375 listener=FullscreenTaskListener
06-13 12:12:37.188  3103  3150 V ShellTaskOrganizer: Fullscreen Task Appeared: #375
06-13 12:12:37.202  2412  3038 I MR2ServiceImpl: Updating composite discovery preference | preference: RouteDiscoveryRequest{ preferredFeatures={}, activeScan=false }, active routers: []
06-13 12:12:37.402  2412  3569 I ActivityManager: Process com.google.android.euicc (pid 10366) has died: cch  +75 CEM 
06-13 12:12:37.474  2412  2931 D ActivityManager: freezing 9740 com.google.android.apps.turbo
06-13 12:12:37.641  2412  3050 D BackgroundInstallControlService: Package event received: 0
06-13 12:12:37.642  2412  2412 W AccessibilityManagerService:  wait for adding window timeout: 305
06-13 12:12:37.642  2412  3050 D BackgroundInstallControlService: Package event received: 0
06-13 12:12:37.645 11571 11602 I DisplayManager: Choreographer implicitly registered for the refresh rate.
06-13 12:12:37.668  2412  2825 W AccessibilityWindowsPopulator: Windows change within in 2 frames continuously over 500 ms and notify windows changed immediately
06-13 12:12:37.703  2412  2822 V WindowManager: Finish Transition (#186): created at 06-13 12:12:37.109 collect-started=0.027ms request-sent=8.191ms started=13.577ms ready=42.518ms sent=44.605ms commit=42.571ms finished=593.324ms
06-13 12:12:37.815  2412  4093 D CoreBackPreview: Window{a618e76 u0 com.google.android.gms/com.google.android.gms.credential.manager.PasswordManagerActivity}: Setting back callback OnBackInvokedCallbackInfo{mCallback=android.window.IOnBackInvokedCallback$Stub$Proxy@7501c02, mPriority=-1, mIsAnimationCallback=false, mOverrideBehavior=0}
06-13 12:12:37.981  2412  3050 D BackgroundInstallControlService: Package event received: 0
06-13 12:12:38.034  2412  3824 D CoreBackPreview: Window{a618e76 u0 com.google.android.gms/com.google.android.gms.credential.manager.PasswordManagerActivity}: Setting back callback OnBackInvokedCallbackInfo{mCallback=android.window.IOnBackInvokedCallback$Stub$Proxy@abcf9e5, mPriority=0, mIsAnimationCallback=true, mOverrideBehavior=0}
06-13 12:12:38.095  2412  3810 D CoreBackPreview: Window{a618e76 u0 com.google.android.gms/com.google.android.gms.credential.manager.PasswordManagerActivity}: Setting back callback OnBackInvokedCallbackInfo{mCallback=android.window.IOnBackInvokedCallback$Stub$Proxy@69c576b, mPriority=-1, mIsAnimationCallback=false, mOverrideBehavior=0}
06-13 12:12:38.110  2412  3824 D BiometricService: canAuthenticate: User=0, Caller=0, Authenticators=65536
06-13 12:12:38.111  2412  3824 D BiometricService/PreAuthInfo: getCanAuthenticateInternal Modality: 0 AuthenticatorStatus: 13
06-13 12:12:38.113  2412  3824 D AuthService: canAuthenticate, userId: 0, callingUserId: 0, authenticators: 65536, result: 20
06-13 12:12:38.114  2412  3824 D BiometricService: canAuthenticate: User=0, Caller=0, Authenticators=65536
06-13 12:12:38.114  2412  3824 D BiometricService/PreAuthInfo: getCanAuthenticateInternal Modality: 0 AuthenticatorStatus: 13
06-13 12:12:38.114  2412  3824 D AuthService: canAuthenticate, userId: 0, callingUserId: 0, authenticators: 65536, result: 20
06-13 12:12:38.119  2412  3824 D BiometricService: canAuthenticate: User=0, Caller=0, Authenticators=65536
06-13 12:12:38.119  2412  3824 D BiometricService/PreAuthInfo: getCanAuthenticateInternal Modality: 0 AuthenticatorStatus: 13
06-13 12:12:38.119  2412  3824 D AuthService: canAuthenticate, userId: 0, callingUserId: 0, authenticators: 65536, result: 20
06-13 12:12:38.119  2412  3824 D BiometricService: canAuthenticate: User=0, Caller=0, Authenticators=65536
06-13 12:12:38.120  2412  3824 D BiometricService/PreAuthInfo: getCanAuthenticateInternal Modality: 0 AuthenticatorStatus: 13
06-13 12:12:38.120  2412  3824 D AuthService: canAuthenticate, userId: 0, callingUserId: 0, authenticators: 65536, result: 20
06-13 12:12:39.259  2412  3569 D CoreBackPreview: Window{a618e76 u0 com.google.android.gms/com.google.android.gms.credential.manager.PasswordManagerActivity}: Setting back callback OnBackInvokedCallbackInfo{mCallback=android.window.IOnBackInvokedCallback$Stub$Proxy@765c6a6, mPriority=0, mIsAnimationCallback=true, mOverrideBehavior=0}
06-13 12:12:39.268  2412  2807 D BiometricService: canAuthenticate: User=0, Caller=0, Authenticators=65536
06-13 12:12:39.268  2412  2807 D BiometricService/PreAuthInfo: getCanAuthenticateInternal Modality: 0 AuthenticatorStatus: 13
06-13 12:12:39.268  2412  2807 D AuthService: canAuthenticate, userId: 0, callingUserId: 0, authenticators: 65536, result: 20
06-13 12:12:39.269  2412  2807 D BiometricService: canAuthenticate: User=0, Caller=0, Authenticators=65536
06-13 12:12:39.269  2412  2807 D BiometricService/PreAuthInfo: getCanAuthenticateInternal Modality: 0 AuthenticatorStatus: 13
06-13 12:12:39.269  2412  2807 D AuthService: canAuthenticate, userId: 0, callingUserId: 0, authenticators: 65536, result: 20
06-13 12:12:39.644 11571 11571 D InsetsController: show(ime())
06-13 12:12:39.644 11571 11571 D InsetsController: Setting requestedVisibleTypes to 511 (was 503)
06-13 12:12:39.648  2412  3050 D BackgroundInstallControlService: Package event received: 0
06-13 12:12:39.665  2412  2926 D CoreBackPreview: Window{a618e76 u0 com.google.android.gms/com.google.android.gms.credential.manager.PasswordManagerActivity}: Setting back callback OnBackInvokedCallbackInfo{mCallback=android.window.IOnBackInvokedCallback$Stub$Proxy@8af9ccf, mPriority=0, mIsAnimationCallback=true, mOverrideBehavior=0}
06-13 12:12:39.679  3103  3150 D Bubbles : BubbleController.BubblesImeListener.onImeVisibilityChanged visible=truerunnable=null stackView=com.android.wm.shell.bubbles.BubbleStackView{12c9776 IFE...C.. ......ID 0,0-1220,2712}
06-13 12:12:39.931  2412  2931 D ActivityManager: freezing 11367 com.android.adservices.api
06-13 12:12:42.283  2412  2926 D BiometricService: canAuthenticate: User=0, Caller=0, Authenticators=65536
06-13 12:12:42.284  2412  2926 D BiometricService/PreAuthInfo: getCanAuthenticateInternal Modality: 0 AuthenticatorStatus: 13
06-13 12:12:42.284  2412  2926 D AuthService: canAuthenticate, userId: 0, callingUserId: 0, authenticators: 65536, result: 20
06-13 12:12:42.290  2412  2977 D BiometricService/PreAuthInfo: Package: com.google.android.gms Sensor ID: 1008 Modality: 8 User id: 0 Status: 1
06-13 12:12:42.290  2412  2977 D BiometricService/PreAuthInfo: Package: com.google.android.gms Sensor ID: 0 Modality: 2 User id: 0 Status: 1
06-13 12:12:42.290  2412  2977 D BiometricService/PreAuthInfo: getCanAuthenticateInternal Modality: 11 AuthenticatorStatus: 1
06-13 12:12:42.290  2412  2977 D BiometricService: handleAuthenticate: modality(11), status(0), preAuthInfo: BiometricRequested: true, StrengthRequested: 255, CredentialRequested: true, Eligible:{1008 0 }, Ineligible:{}, CredentialAvailable: true,  requestId: 1 promptInfo.isIgnoreEnrollmentState: false
06-13 12:12:42.290  2412  2977 D BiometricService: Creating authSession with authRequest: BiometricRequested: true, StrengthRequested: 255, CredentialRequested: true, Eligible:{1008 0 }, Ineligible:{}, CredentialAvailable: true, 
06-13 12:12:42.291  2412  2977 D BiometricService/AuthSession: Creating AuthSession with: BiometricRequested: true, StrengthRequested: 255, CredentialRequested: true, Eligible:{1008 0 }, Ineligible:{}, CredentialAvailable: true, 
06-13 12:12:42.292  2412  3039 D BiometricScheduler: [Added] {[36] com.android.server.biometrics.sensors.fingerprint.aidl.FingerprintAuthenticationClient, proto=3, owner=com.google.android.gms, cookie=1381035667, requestId=1, userId=0}, new queue size: 1
06-13 12:12:42.292  2412  3039 D BiometricScheduler: [Polled] {[36] com.android.server.biometrics.sensors.fingerprint.aidl.FingerprintAuthenticationClient, proto=3, owner=com.google.android.gms, cookie=1381035667, requestId=1, userId=0}, State: 0
06-13 12:12:42.292  2412  3039 D GestureAvailabilityTracker: Notifying gesture availability, active=false
06-13 12:12:42.292  2412  3039 D BiometricScheduler: Waiting for cookie before starting: {[36] com.android.server.biometrics.sensors.fingerprint.aidl.FingerprintAuthenticationClient, proto=3, owner=com.google.android.gms, cookie=1381035667, requestId=1, userId=0}, State: 4
06-13 12:12:42.292  2412  2977 D BiometricService/Sensor: Sensor(0) matched cookie: 1381035667
06-13 12:12:42.292  2412  2977 D BiometricService/PreAuthInfo: Sensor ID: 1008 Waiting for cookie: 2014086196
06-13 12:12:42.292  2412  2977 D BiometricService/AuthSession: Remaining cookies: 1
06-13 12:12:42.292  2412  2977 V BiometricService/AuthSession: onCookieReceived: still waiting
06-13 12:12:42.293  2412  2412 D BiometricScheduler: [Added] {[37] com.android.server.biometrics.sensors.face.sense.FaceUpdateActiveUserClient, proto=1, owner=android, cookie=0, requestId=-1, userId=0}, new queue size: 1
06-13 12:12:42.293  2412  2412 D BiometricScheduler: [Polled] {[37] com.android.server.biometrics.sensors.face.sense.FaceUpdateActiveUserClient, proto=1, owner=android, cookie=0, requestId=-1, userId=0}, State: 0
06-13 12:12:42.293  2412  2412 D BiometricScheduler: [Started] {[37] com.android.server.biometrics.sensors.face.sense.FaceUpdateActiveUserClient, proto=1, owner=android, cookie=0, requestId=-1, userId=0}
06-13 12:12:42.298  2412  2412 D BiometricSchedulerOperation: [Finished / destroy]: {[37] com.android.server.biometrics.sensors.face.sense.FaceUpdateActiveUserClient, proto=1, owner=android, cookie=0, requestId=-1, userId=0}
06-13 12:12:42.298  2412  2412 V BiometricSchedulerOperation: started: {[37] com.android.server.biometrics.sensors.face.sense.FaceUpdateActiveUserClient, proto=1, owner=android, cookie=0, requestId=-1, userId=0}, State: 5
06-13 12:12:42.298  2412  2412 D BiometricScheduler: [Added] {[38] com.android.server.biometrics.sensors.face.sense.FaceAuthenticationClient, proto=3, owner=com.google.android.gms, cookie=2014086196, requestId=1, userId=0}, new queue size: 1
06-13 12:12:42.298  2412  2412 V BiometricScheduler: Not idle, current operation: {[37] com.android.server.biometrics.sensors.face.sense.FaceUpdateActiveUserClient, proto=1, owner=android, cookie=0, requestId=-1, userId=0}, State: 5
06-13 12:12:42.298  2412  2412 D BiometricScheduler: [Finishing] {[37] com.android.server.biometrics.sensors.face.sense.FaceUpdateActiveUserClient, proto=1, owner=android, cookie=0, requestId=-1, userId=0}, success: true
06-13 12:12:42.298  2412  2412 D BiometricScheduler: [Polled] {[38] com.android.server.biometrics.sensors.face.sense.FaceAuthenticationClient, proto=3, owner=com.google.android.gms, cookie=2014086196, requestId=1, userId=0}, State: 0
06-13 12:12:42.298  2412  2412 D BiometricScheduler: Waiting for cookie before starting: {[38] com.android.server.biometrics.sensors.face.sense.FaceAuthenticationClient, proto=3, owner=com.google.android.gms, cookie=2014086196, requestId=1, userId=0}, State: 4
06-13 12:12:42.298  2412  2977 D BiometricService/Sensor: Sensor(1008) matched cookie: 2014086196
06-13 12:12:42.298  2412  2977 D BiometricService/AuthSession: Remaining cookies: 0
06-13 12:12:42.300  2412  2412 V ALSProbe: Enable ALS: 175951710
06-13 12:12:42.300  2412  2412 D BiometricScheduler: [Started] {[38] com.android.server.biometrics.sensors.face.sense.FaceAuthenticationClient, proto=3, owner=com.google.android.gms, cookie=2014086196, requestId=1, userId=0}
06-13 12:12:42.300  2412  2412 D AuthenticationClient: Requesting auth for com.google.android.gms
06-13 12:12:42.301  2412  2412 V BiometricSchedulerOperation: started: {[38] com.android.server.biometrics.sensors.face.sense.FaceAuthenticationClient, proto=3, owner=com.google.android.gms, cookie=2014086196, requestId=1, userId=0}, State: 2
06-13 12:12:42.301  2412  2412 D BiometricScheduler: [Started] Prepared client: {[38] com.android.server.biometrics.sensors.face.sense.FaceAuthenticationClient, proto=3, owner=com.google.android.gms, cookie=2014086196, requestId=1, userId=0}, State: 2
06-13 12:12:42.423  2412  2926 D CoreBackPreview: Window{ec5c0f8 u0 BiometricPrompt}: Setting back callback OnBackInvokedCallbackInfo{mCallback=android.window.IOnBackInvokedCallback$Stub$Proxy@507520d, mPriority=0, mIsAnimationCallback=false, mOverrideBehavior=0}
06-13 12:12:42.500  2412  2823 W Looper  : Slow dispatch took 137ms android.ui app=system_server main=false group=TOP_APP h=com.android.server.policy.PhoneWindowManager$PolicyHandler c=android.hardware.camera2.CameraManager$CameraManagerGlobal$$ExternalSyntheticLambda7@5cbb710 m=0
06-13 12:12:42.524  2412  3569 D CoreBackPreview: Window{a618e76 u0 com.google.android.gms/com.google.android.gms.credential.manager.PasswordManagerActivity}: Setting back callback OnBackInvokedCallbackInfo{mCallback=android.window.IOnBackInvokedCallback$Stub$Proxy@31d343c, mPriority=0, mIsAnimationCallback=true, mOverrideBehavior=0}
06-13 12:12:42.535  3103  3150 D Bubbles : BubbleController.BubblesImeListener.onImeVisibilityChanged visible=falserunnable=null stackView=com.android.wm.shell.bubbles.BubbleStackView{12c9776 IFE...C.. ......ID 0,0-1220,2712}
06-13 12:12:42.576  2412  2926 D CoreBackPreview: Window{ec5c0f8 u0 BiometricPrompt}: Setting back callback OnBackInvokedCallbackInfo{mCallback=android.window.IOnBackInvokedCallback$Stub$Proxy@47dd87d, mPriority=0, mIsAnimationCallback=true, mOverrideBehavior=0}
06-13 12:12:42.589  2412  2992 D CoreBackPreview: Window{ec5c0f8 u0 BiometricPrompt}: Setting back callback OnBackInvokedCallbackInfo{mCallback=android.window.IOnBackInvokedCallback$Stub$Proxy@f397372, mPriority=0, mIsAnimationCallback=false, mOverrideBehavior=0}
06-13 12:12:42.860  2412  2977 D BiometricService: handleOnDialogAnimatedIn
06-13 12:12:42.860  2412  2977 D BiometricService/AuthSession: delaying fingerprint sensor start
06-13 12:12:42.925  2412  2926 I ActivityManager: Process com.android.providers.calendar (pid 4695) has died: cch  +65 CEM 
06-13 12:12:42.959  2412  3388 I ActivityManager: Process com.google.android.apps.turbo (pid 9740) has died: cch  +65 CEM 
06-13 12:12:44.219  2412  2926 W WindowManager: Failed looking up window session=Session{5e591c6 11344:u0a10335} callers=com.android.server.wm.WindowManagerService.removeClientToken:2241 com.android.server.wm.Session.remove:287 android.view.IWindowSession$Stub.onTransact:639 
06-13 12:12:44.220  2412  2926 W WindowManager: Failed looking up window session=Session{5e591c6 11344:u0a10335} callers=com.android.server.wm.WindowManagerService.removeClientToken:2241 com.android.server.wm.Session.remove:287 android.view.IWindowSession$Stub.onTransact:639 
06-13 12:12:46.120  2412  2931 D ActivityManager: freezing 8799 com.android.cellbroadcastreceiver.module
06-13 12:12:47.135  2412  2825 W ProcessStats: Tracking association SourceState{54f25d6 system/1000 BFgs #37830} whose proc state 4 is better than process ProcessState{e50645 com.google.android.ext.services/10244 pkg=com.google.android.ext.services} proc state 14 (11 skipped)
06-13 12:12:47.176  2412  2412 D BiometricLogger: Authenticated! Modality: face, latency: -1
06-13 12:12:47.177  2412  2412 W BiometricFrameworkStatsLogger: found a negative latency : -1
06-13 12:12:47.183  2412  2412 V BiometricService: onAuthenticationFailed
06-13 12:12:47.183  2412  2412 D BiometricSchedulerOperation: [Finished / destroy]: {[38] com.android.server.biometrics.sensors.face.sense.FaceAuthenticationClient, proto=3, owner=com.google.android.gms, cookie=2014086196, requestId=1, userId=0}
06-13 12:12:47.184  2412  2977 V BiometricService: handleAuthenticationRejected()
06-13 12:12:47.184  2412  2977 D BiometricService/AuthSession: Cancelling sensorId: 1008
06-13 12:12:47.185  2412  2412 V ALSProbe: Disable ALS: 175951710
06-13 12:12:47.186  2412  2412 D BiometricScheduler: [Finishing] {[38] com.android.server.biometrics.sensors.face.sense.FaceAuthenticationClient, proto=3, owner=com.google.android.gms, cookie=2014086196, requestId=1, userId=0}, success: true
06-13 12:12:47.186  2412  2412 D BiometricScheduler: No operations, returning to idle
06-13 12:12:47.186  2412  2412 D BiometricScheduler: cancelAuthenticationOrDetection, requestId: 1
06-13 12:12:47.193  2412  2977 D BiometricService: handleOnStartFingerprintNow
06-13 12:12:47.194  2412  3039 D BiometricScheduler: [Started] {[36] com.android.server.biometrics.sensors.fingerprint.aidl.FingerprintAuthenticationClient, proto=3, owner=com.google.android.gms, cookie=1381035667, requestId=1, userId=0}
06-13 12:12:47.196  2412  3039 D BiometricStateCallback: State updated from 0 to 3, client {[36] com.android.server.biometrics.sensors.fingerprint.aidl.FingerprintAuthenticationClient, proto=3, owner=com.google.android.gms, cookie=1381035667, requestId=1, userId=0}
06-13 12:12:47.197  2412  3039 D AuthenticationClient: Requesting auth for com.google.android.gms
06-13 12:12:47.208  2412  3039 V ALSProbe: Enable ALS: 174674342
06-13 12:12:47.209  2412  3039 V BiometricSchedulerOperation: started: {[36] com.android.server.biometrics.sensors.fingerprint.aidl.FingerprintAuthenticationClient, proto=3, owner=com.google.android.gms, cookie=1381035667, requestId=1, userId=0}, State: 2
06-13 12:12:47.209  2412  3039 D BiometricScheduler: [Started] Prepared client: {[36] com.android.server.biometrics.sensors.fingerprint.aidl.FingerprintAuthenticationClient, proto=3, owner=com.google.android.gms, cookie=1381035667, requestId=1, userId=0}, State: 2
06-13 12:12:47.247  2412  3039 D FingerprintProvider/default: setIgnoreDisplayTouches set to false
06-13 12:12:47.619  2412  2977 D BiometricService: onTryAgainPressed
06-13 12:12:47.620  2412  2977 D BiometricService/AuthSession: Skip retry because sensor: 0 is: 3
06-13 12:12:47.620  2412  2412 D BiometricScheduler: [Added] {[39] com.android.server.biometrics.sensors.face.sense.FaceUpdateActiveUserClient, proto=1, owner=android, cookie=0, requestId=-1, userId=0}, new queue size: 1
06-13 12:12:47.620  2412  2412 D BiometricScheduler: [Polled] {[39] com.android.server.biometrics.sensors.face.sense.FaceUpdateActiveUserClient, proto=1, owner=android, cookie=0, requestId=-1, userId=0}, State: 0
06-13 12:12:47.620  2412  2412 D BiometricScheduler: [Started] {[39] com.android.server.biometrics.sensors.face.sense.FaceUpdateActiveUserClient, proto=1, owner=android, cookie=0, requestId=-1, userId=0}
06-13 12:12:47.620  2412  2412 D BiometricSchedulerOperation: [Finished / destroy]: {[39] com.android.server.biometrics.sensors.face.sense.FaceUpdateActiveUserClient, proto=1, owner=android, cookie=0, requestId=-1, userId=0}
06-13 12:12:47.620  2412  2412 V BiometricSchedulerOperation: started: {[39] com.android.server.biometrics.sensors.face.sense.FaceUpdateActiveUserClient, proto=1, owner=android, cookie=0, requestId=-1, userId=0}, State: 5
06-13 12:12:47.620  2412  2412 D BiometricScheduler: [Added] {[40] com.android.server.biometrics.sensors.face.sense.FaceAuthenticationClient, proto=3, owner=com.google.android.gms, cookie=910729627, requestId=1, userId=0}, new queue size: 1
06-13 12:12:47.620  2412  2412 V BiometricScheduler: Not idle, current operation: {[39] com.android.server.biometrics.sensors.face.sense.FaceUpdateActiveUserClient, proto=1, owner=android, cookie=0, requestId=-1, userId=0}, State: 5
06-13 12:12:47.620  2412  2412 D BiometricScheduler: [Finishing] {[39] com.android.server.biometrics.sensors.face.sense.FaceUpdateActiveUserClient, proto=1, owner=android, cookie=0, requestId=-1, userId=0}, success: true
06-13 12:12:47.620  2412  2412 D BiometricScheduler: [Polled] {[40] com.android.server.biometrics.sensors.face.sense.FaceAuthenticationClient, proto=3, owner=com.google.android.gms, cookie=910729627, requestId=1, userId=0}, State: 0
06-13 12:12:47.620  2412  2412 D BiometricScheduler: Waiting for cookie before starting: {[40] com.android.server.biometrics.sensors.face.sense.FaceAuthenticationClient, proto=3, owner=com.google.android.gms, cookie=910729627, requestId=1, userId=0}, State: 4
06-13 12:12:47.620  2412  2977 D BiometricService/Sensor: Sensor(1008) matched cookie: 910729627
06-13 12:12:47.620  2412  2977 D BiometricService/AuthSession: Remaining cookies: 0
06-13 12:12:47.621  2412  2412 V ALSProbe: Enable ALS: 188122506
06-13 12:12:47.621  2412  2412 D BiometricScheduler: [Started] {[40] com.android.server.biometrics.sensors.face.sense.FaceAuthenticationClient, proto=3, owner=com.google.android.gms, cookie=910729627, requestId=1, userId=0}
06-13 12:12:47.621  2412  2412 D AuthenticationClient: Requesting auth for com.google.android.gms
06-13 12:12:47.621  2412  2412 V BiometricSchedulerOperation: started: {[40] com.android.server.biometrics.sensors.face.sense.FaceAuthenticationClient, proto=3, owner=com.google.android.gms, cookie=910729627, requestId=1, userId=0}, State: 2
06-13 12:12:47.621  2412  2412 D BiometricScheduler: [Started] Prepared client: {[40] com.android.server.biometrics.sensors.face.sense.FaceAuthenticationClient, proto=3, owner=com.google.android.gms, cookie=910729627, requestId=1, userId=0}, State: 2
06-13 12:12:47.622  2412  3039 E BiometricSchedulerOperation: start: mState=2 must be one of [0, 4, 1]
06-13 12:12:47.622  2412  3039 D BiometricScheduler: [Started] Prepared client: {[36] com.android.server.biometrics.sensors.fingerprint.aidl.FingerprintAuthenticationClient, proto=3, owner=com.google.android.gms, cookie=1381035667, requestId=1, userId=0}, State: 2
06-13 12:12:47.843  2412  2977 D BiometricService/AuthSession: sensorId: 0 acquiredInfo: 0 message: null
06-13 12:12:47.843  2412  3039 D BiometricLogger: Authenticated! Modality: fingerprint, latency: -1
06-13 12:12:47.843  2412  3039 W BiometricFrameworkStatsLogger: found a negative latency : -1
06-13 12:12:47.844  2412  3039 V BiometricUtils: Checking if the authenticating is in background, clientPackage:com.google.android.gms
06-13 12:12:47.844  2412  3039 D BaseClientMonitor: marking operation as done: {[36] com.android.server.biometrics.sensors.fingerprint.aidl.FingerprintAuthenticationClient, proto=3, owner=com.google.android.gms, cookie=1381035667, requestId=1, userId=0}
06-13 12:12:47.845  2412  3039 D AuthenticationClient: Skipping addAuthToken
06-13 12:12:47.845  2412  2977 V BiometricService: handleAuthenticationSucceeded(), sensorId: 0
06-13 12:12:47.845  2412  2977 D BiometricService/AuthSession: Cancelling sensorId: 1008
06-13 12:12:47.845  2412  2412 D BiometricScheduler: cancelAuthenticationOrDetection, requestId: 1
06-13 12:12:47.845  2412  2412 D BiometricScheduler: Cancelling auth/detect op: {[40] com.android.server.biometrics.sensors.face.sense.FaceAuthenticationClient, proto=3, owner=com.google.android.gms, cookie=910729627, requestId=1, userId=0}, State: 2
06-13 12:12:47.845  2412  2412 D BiometricSchedulerOperation: [Cancelling] Current client: {[40] com.android.server.biometrics.sensors.face.sense.FaceAuthenticationClient, proto=3, owner=com.google.android.gms, cookie=910729627, requestId=1, userId=0}
06-13 12:12:47.846  2412  3039 D BiometricStateCallback: Client finished, state updated to 0, client {[36] com.android.server.biometrics.sensors.fingerprint.aidl.FingerprintAuthenticationClient, proto=3, owner=com.google.android.gms, cookie=1381035667, requestId=1, userId=0}
06-13 12:12:47.846  2412  2412 D SenseProvider: handleError, client: com.google.android.gms, error: 5, vendorCode: 0
06-13 12:12:47.846  2412  2412 D AcquisitionClient: onErrorInternal code: 5, finish: true
06-13 12:12:47.846  2412  2412 D BiometricLogger: Error! Modality: face, latency: -1
06-13 12:12:47.847  2412  2412 W BiometricFrameworkStatsLogger: found a negative latency : -1
06-13 12:12:47.847  2412  2412 D BiometricSchedulerOperation: [Finished / destroy]: {[40] com.android.server.biometrics.sensors.face.sense.FaceAuthenticationClient, proto=3, owner=com.google.android.gms, cookie=910729627, requestId=1, userId=0}
06-13 12:12:47.847  2412  2977 D BiometricService: handleOnError() sensorId: 1008, cookie: 910729627, error: 5, vendorCode: 0
06-13 12:12:47.847  2412  2977 D BiometricService/AuthSession: onErrorReceived sensor: 1008 error: 5 state: 7
06-13 12:12:47.847  2412  2977 D BiometricService/AuthSession: onErrorReceived after successful auth (ignoring)
06-13 12:12:47.847  2412  2412 V ALSProbe: Disable ALS: 188122506
06-13 12:12:47.847  2412  2412 D BiometricScheduler: [Finishing] {[40] com.android.server.biometrics.sensors.face.sense.FaceAuthenticationClient, proto=3, owner=com.google.android.gms, cookie=910729627, requestId=1, userId=0}, success: false
06-13 12:12:47.847  2412  2412 D BiometricScheduler: No operations, returning to idle
06-13 12:12:47.848  2412  3039 D BiometricSchedulerOperation: [Finished / destroy]: {[36] com.android.server.biometrics.sensors.fingerprint.aidl.FingerprintAuthenticationClient, proto=3, owner=com.google.android.gms, cookie=1381035667, requestId=1, userId=0}
06-13 12:12:47.848  2412  3039 V ALSProbe: Disable ALS: 174674342
06-13 12:12:47.848  2412  3039 D FingerprintAuthenticationClient: Lockout is implemented by the HAL
06-13 12:12:47.848  2412  3039 D BiometricScheduler: [Finishing] {[36] com.android.server.biometrics.sensors.fingerprint.aidl.FingerprintAuthenticationClient, proto=3, owner=com.google.android.gms, cookie=1381035667, requestId=1, userId=0}, success: true
06-13 12:12:47.848  2412  3039 D GestureAvailabilityTracker: Notifying gesture availability, active=true
06-13 12:12:47.848  2412  3039 D BiometricScheduler: No operations, returning to idle
06-13 12:12:47.851  2412  3039 E FingerprintProvider/default: onPointerUp received during client: null
06-13 12:12:47.860  2412  3039 D FingerprintProvider/default: setIgnoreDisplayTouches set to true
06-13 12:12:48.730  2412  2926 D CoreBackPreview: Window{ec5c0f8 u0 BiometricPrompt}: Setting back callback null
06-13 12:12:48.730   857 16103 I keystore2: system/security/keystore2/src/authorization.rs:116 - add_auth_token(challenge=0, userId=6903870240328810850, authId=1569262703313641122, authType=0x2, timestamp=11641771ms)
06-13 12:12:48.730  2412  2977 D BiometricService/AuthSession: addAuthToken: 0
06-13 12:12:48.731  2412  2977 D BiometricService: resetLockout from: 0, for: 1008, userId: 0
06-13 12:12:48.731  2412  2977 D BiometricService/AuthSession: Cancelling sensorId: 1008
06-13 12:12:48.731  2412  2977 D BiometricService/AuthSession: Cancelling sensorId: 0
06-13 12:12:48.731  2412  2977 D FingerprintService: cancelAuthenticationFromService, sensorId: 0
06-13 12:12:48.731  2412  3039 D BiometricScheduler: cancelAuthenticationOrDetection, requestId: 1
06-13 12:12:48.732  2412  2412 D BiometricScheduler: [Added] {[41] com.android.server.biometrics.sensors.face.sense.FaceUpdateActiveUserClient, proto=1, owner=android, cookie=0, requestId=-1, userId=0}, new queue size: 1
06-13 12:12:48.732  2412  2412 D BiometricScheduler: [Polled] {[41] com.android.server.biometrics.sensors.face.sense.FaceUpdateActiveUserClient, proto=1, owner=android, cookie=0, requestId=-1, userId=0}, State: 0
06-13 12:12:48.732  2412  2412 D BiometricScheduler: [Started] {[41] com.android.server.biometrics.sensors.face.sense.FaceUpdateActiveUserClient, proto=1, owner=android, cookie=0, requestId=-1, userId=0}
06-13 12:12:48.733  2412  2412 D BiometricSchedulerOperation: [Finished / destroy]: {[41] com.android.server.biometrics.sensors.face.sense.FaceUpdateActiveUserClient, proto=1, owner=android, cookie=0, requestId=-1, userId=0}
06-13 12:12:48.733  2412  2412 V BiometricSchedulerOperation: started: {[41] com.android.server.biometrics.sensors.face.sense.FaceUpdateActiveUserClient, proto=1, owner=android, cookie=0, requestId=-1, userId=0}, State: 5
06-13 12:12:48.733  2412  2412 D BiometricScheduler: [Added] {[42] com.android.server.biometrics.sensors.face.sense.FaceResetLockoutClient, proto=12, owner=android, cookie=0, requestId=-1, userId=0}, new queue size: 1
06-13 12:12:48.734  2412  2412 V BiometricScheduler: Not idle, current operation: {[41] com.android.server.biometrics.sensors.face.sense.FaceUpdateActiveUserClient, proto=1, owner=android, cookie=0, requestId=-1, userId=0}, State: 5
06-13 12:12:48.734  2412  2412 D BiometricScheduler: [Finishing] {[41] com.android.server.biometrics.sensors.face.sense.FaceUpdateActiveUserClient, proto=1, owner=android, cookie=0, requestId=-1, userId=0}, success: true
06-13 12:12:48.734  2412  2412 D BiometricScheduler: [Polled] {[42] com.android.server.biometrics.sensors.face.sense.FaceResetLockoutClient, proto=12, owner=android, cookie=0, requestId=-1, userId=0}, State: 0
06-13 12:12:48.734  2412  2412 D BiometricScheduler: [Started] {[42] com.android.server.biometrics.sensors.face.sense.FaceResetLockoutClient, proto=12, owner=android, cookie=0, requestId=-1, userId=0}
06-13 12:12:48.734  2412  2412 W BiometricStateCallback: Other authentication client: FaceResetLockoutClient
06-13 12:12:48.734  2412  2412 D BiometricStateCallback: State updated from 0 to 0, client {[42] com.android.server.biometrics.sensors.face.sense.FaceResetLockoutClient, proto=12, owner=android, cookie=0, requestId=-1, userId=0}
06-13 12:12:48.734  2412  2412 D BiometricStateCallback: Client finished, state updated to 0, client {[42] com.android.server.biometrics.sensors.face.sense.FaceResetLockoutClient, proto=12, owner=android, cookie=0, requestId=-1, userId=0}
06-13 12:12:48.734  2412  2412 D BiometricSchedulerOperation: [Finished / destroy]: {[42] com.android.server.biometrics.sensors.face.sense.FaceResetLockoutClient, proto=12, owner=android, cookie=0, requestId=-1, userId=0}
06-13 12:12:48.734  2412  2412 V BiometricSchedulerOperation: started: {[42] com.android.server.biometrics.sensors.face.sense.FaceResetLockoutClient, proto=12, owner=android, cookie=0, requestId=-1, userId=0}, State: 5
06-13 12:12:48.734  2412  2412 D BiometricScheduler: [Finishing] {[42] com.android.server.biometrics.sensors.face.sense.FaceResetLockoutClient, proto=12, owner=android, cookie=0, requestId=-1, userId=0}, success: true
06-13 12:12:48.734  2412  2412 D BiometricScheduler: No operations, returning to idle
06-13 12:12:48.754  2412  2825 V WindowManager: Unknown focus tokens, dropping reportFocusChanged
06-13 12:12:48.776  2412  3050 D BackgroundInstallControlService: Package event received: 0
06-13 12:12:48.796  2412  2926 E AppOps  : Bad call made by uid 1001. Package "com.android.phone" does not belong to uid 10295.
06-13 12:12:48.799  2412  2926 E AppOps  : Cannot noteOperation
06-13 12:12:48.799  2412  2926 E AppOps  : java.lang.SecurityException: Specified package "com.android.phone" under uid 10295 but it is not
06-13 12:12:48.799  2412  2926 E AppOps  : 	at com.android.server.appop.AppOpsService.verifyAndGetBypass(AppOpsService.java:5115)
06-13 12:12:48.799  2412  2926 E AppOps  : 	at com.android.server.appop.AppOpsService.verifyAndGetBypass(AppOpsService.java:4971)
06-13 12:12:48.799  2412  2926 E AppOps  : 	at com.android.server.appop.AppOpsService.noteOperationUnchecked(AppOpsService.java:3414)
06-13 12:12:48.799  2412  2926 E AppOps  : 	at com.android.server.appop.AppOpsService.noteOperationImpl(AppOpsService.java:3400)
06-13 12:12:48.799  2412  2926 E AppOps  : 	at com.android.server.appop.AppOpsService.-$$Nest$mnoteOperationImpl(AppOpsService.java:0)
06-13 12:12:48.799  2412  2926 E AppOps  : 	at com.android.server.appop.AppOpsService$CheckOpsDelegateDispatcher.$r8$lambda$eTKLGbByFLiOzK62QHhpSvtx4do(AppOpsService.java:0)
06-13 12:12:48.799  2412  2926 E AppOps  : 	at com.android.server.appop.AppOpsService$CheckOpsDelegateDispatcher$$ExternalSyntheticLambda5.apply(R8$$SyntheticClass:0)
06-13 12:12:48.799  2412  2926 E AppOps  : 	at com.android.server.policy.AppOpsPolicy.noteOperation(AppOpsPolicy.java:254)
06-13 12:12:48.799  2412  2926 E AppOps  : 	at com.android.server.appop.AppOpsService$CheckOpsDelegateDispatcher.noteOperation(AppOpsService.java:8007)
06-13 12:12:48.799  2412  2926 E AppOps  : 	at com.android.server.appop.AppOpsService.noteOperation(AppOpsService.java:3347)
06-13 12:12:48.799  2412  2926 E AppOps  : 	at com.android.internal.app.IAppOpsService$Stub.onTransact(IAppOpsService.java:585)
06-13 12:12:48.799  2412  2926 E AppOps  : 	at android.os.Binder.execTransactInternal(Binder.java:1473)
06-13 12:12:48.799  2412  2926 E AppOps  : 	at android.os.Binder.execTransact(Binder.java:1418)
06-13 12:12:48.803  1986  1986 W wificond: Failed to get NL80211_ATTR_MAX_NUM_AKM_SUITES
06-13 12:12:48.803  1986  1986 W wificond: Failed to get NL80211_ATTR_MAX_NUM_AKM_SUITES
06-13 12:12:48.804  1986  1986 W wificond: Failed to get NL80211_ATTR_MAX_NUM_AKM_SUITES
06-13 12:12:48.807  2412  6554 D CoreBackPreview: Window{a618e76 u0 com.google.android.gms/com.google.android.gms.credential.manager.PasswordManagerActivity}: Setting back callback OnBackInvokedCallbackInfo{mCallback=android.window.IOnBackInvokedCallback$Stub$Proxy@e1921c, mPriority=0, mIsAnimationCallback=true, mOverrideBehavior=0}
06-13 12:12:48.822  3103  3150 D Bubbles : BubbleController.BubblesImeListener.onImeVisibilityChanged visible=truerunnable=null stackView=com.android.wm.shell.bubbles.BubbleStackView{12c9776 IFE...C.. ......ID 0,0-1220,2712}
06-13 12:12:50.338  2412  2842 D ActivityManager: sync unfroze 8799 com.android.cellbroadcastreceiver.module for 3
06-13 12:12:50.842  2412  2897 D BiometricService: canAuthenticate: User=0, Caller=0, Authenticators=65536
06-13 12:12:50.842  2412  2897 D BiometricService/PreAuthInfo: getCanAuthenticateInternal Modality: 0 AuthenticatorStatus: 13
06-13 12:12:50.842  2412  2897 D AuthService: canAuthenticate, userId: 0, callingUserId: 0, authenticators: 65536, result: 20
06-13 12:12:50.842  2412  3846 D BiometricService: canAuthenticate: User=0, Caller=0, Authenticators=65536
06-13 12:12:50.842  2412  3846 D BiometricService/PreAuthInfo: getCanAuthenticateInternal Modality: 0 AuthenticatorStatus: 13
06-13 12:12:50.842  2412  3846 D AuthService: canAuthenticate, userId: 0, callingUserId: 0, authenticators: 65536, result: 20
06-13 12:12:50.843  2412  3846 D BiometricService: canAuthenticate: User=0, Caller=0, Authenticators=65536
06-13 12:12:50.844  2412  3846 D BiometricService/PreAuthInfo: getCanAuthenticateInternal Modality: 0 AuthenticatorStatus: 13
06-13 12:12:50.844  2412  3846 D AuthService: canAuthenticate, userId: 0, callingUserId: 0, authenticators: 65536, result: 20
06-13 12:12:50.844  2412  2897 D BiometricService: canAuthenticate: User=0, Caller=0, Authenticators=65536
06-13 12:12:50.844  2412  2897 D BiometricService/PreAuthInfo: getCanAuthenticateInternal Modality: 0 AuthenticatorStatus: 13
06-13 12:12:50.844  2412  2897 D AuthService: canAuthenticate, userId: 0, callingUserId: 0, authenticators: 65536, result: 20
06-13 12:12:50.878 11571 11571 D InsetsController: hide(ime())
06-13 12:12:50.878 11571 11571 D InsetsController: Setting requestedVisibleTypes to 503 (was 511)
06-13 12:12:50.878  2412  3846 D CoreBackPreview: Window{a618e76 u0 com.google.android.gms/com.google.android.gms.credential.manager.PasswordManagerActivity}: Setting back callback OnBackInvokedCallbackInfo{mCallback=android.window.IOnBackInvokedCallback$Stub$Proxy@63c945f, mPriority=0, mIsAnimationCallback=true, mOverrideBehavior=0}
06-13 12:12:50.879  3103  3150 D Bubbles : BubbleController.BubblesImeListener.onImeVisibilityChanged visible=falserunnable=null stackView=com.android.wm.shell.bubbles.BubbleStackView{12c9776 IFE...C.. ......ID 0,0-1220,2712}
06-13 12:12:52.255  2412  2911 W AppOps  : Noting op not finished: uid 10295 pkg com.google.android.gms code 79 startTime of in progress event=1781327557182
06-13 12:12:52.258  2412  2911 W AppOps  : Noting op not finished: uid 10295 pkg com.google.android.gms code 113 startTime of in progress event=1781327557182
06-13 12:12:52.265  2412  2808 W AppOps  : Noting op not finished: uid 10295 pkg com.google.android.gms code 113 startTime of in progress event=1781327557182
06-13 12:12:53.238  2412  6554 E ClipboardService: Denying clipboard access to com.android.chrome, application is not in focus nor is it a system service for user 0
06-13 12:12:53.256  2412  6554 W AppOps  : Noting op not finished: uid 10295 pkg com.google.android.gms code 113 startTime of in progress event=1781327557182
06-13 12:12:53.335  2412  3050 D BackgroundInstallControlService: Package event received: 0
06-13 12:12:53.346  2412  2843 I ActivityManager: Start proc 11876:com.android.providers.calendar/u0a227 for content provider {com.android.providers.calendar/com.android.providers.calendar.CalendarProvider2}
06-13 12:12:53.389  2412  3061 E ClipboardService: Denying clipboard access to com.android.chrome, application is not in focus nor is it a system service for user 0
06-13 12:12:53.452  2412  3050 D BackgroundInstallControlService: Package event received: 0
