--------- beginning of main
06-03 00:04:14.167  5731  5808 D FileUtils: Rounded bytes from 7657684992 to 8000000000
--------- beginning of system
06-03 00:04:14.233  5731  5808 W ActivityTaskManager: callingPackage for (uid=2000, pid=16076) has no WPC
06-03 00:04:14.233  5731  5808 V WindowManager: DesktopModeLaunchParamsModifier: phase= 0 task=null activity=null display-area-from-current-params=null display-area-from-default-fallback=DefaultTaskDisplayArea@26848690 display-id=0 task-display-area-windowing-mode=1 suggested-display-area=DefaultTaskDisplayArea@26848690 task null, skipping
06-03 00:04:14.234  5731  5808 V WindowManager: TaskLaunchParamsModifier:phase=0 task=null activity=null display-area-from-current-params=null display-area-from-default-fallback=DefaultTaskDisplayArea@26848690 display-id=0 task-display-area-windowing-mode=1 suggested-display-area=DefaultTaskDisplayArea@26848690
06-03 00:04:14.234  5731  5808 V GrammaticalInflectionUtils: AttributionSource: android.content.AttributionSource@4938cf97 does not have READ_SYSTEM_GRAMMATICAL_GENDER permission.
06-03 00:04:14.235  5731  5808 V WindowManager: DesktopModeLaunchParamsModifier: phase= 0 task=null activity=ActivityRecord{131206877 u0 com.example.musicfy.debug/com.example.musicfy.WelcomeActivity display-area-from-current-params=null display-area-from-default-fallback=DefaultTaskDisplayArea@26848690 display-id=0 task-display-area-windowing-mode=1 suggested-display-area=DefaultTaskDisplayArea@26848690 task null, skipping
06-03 00:04:14.235  5731  5808 V WindowManager: TaskLaunchParamsModifier:phase=0 task=null activity=ActivityRecord{131206877 u0 com.example.musicfy.debug/com.example.musicfy.WelcomeActivity t-1} display-area-from-current-params=null display-area-from-default-fallback=DefaultTaskDisplayArea@26848690 display-id=0 task-display-area-windowing-mode=1 suggested-display-area=DefaultTaskDisplayArea@26848690
06-03 00:04:14.235  5731  5808 V WindowManager: DesktopModeLaunchParamsModifier: phase= 3 task=null activity=ActivityRecord{131206877 u0 com.example.musicfy.debug/com.example.musicfy.WelcomeActivity t-1} display-area-from-current-params=null display-area-from-default-fallback=DefaultTaskDisplayArea@26848690 display-id=0 task-display-area-windowing-mode=1 suggested-display-area=DefaultTaskDisplayArea@26848690 task null, skipping
06-03 00:04:14.235  5731  5808 V WindowManager: TaskLaunchParamsModifier:phase=3 task=null activity=ActivityRecord{131206877 u0 com.example.musicfy.debug/com.example.musicfy.WelcomeActivity t-1} display-area-from-current-params=null display-area-from-default-fallback=DefaultTaskDisplayArea@26848690 display-id=0 task-display-area-windowing-mode=1 suggested-display-area=DefaultTaskDisplayArea@26848690 non-freeform-task-display-area display-area=DefaultTaskDisplayArea@26848690 skip-bounds-fullscreen
06-03 00:04:14.236 14981 14981 D RecentsView: onTaskDisplayChanged: 12059, new displayId = 0
06-03 00:04:14.238  5731  5808 V WindowManager: DesktopModeLaunchParamsModifier: phase= 3 task=Task{e5da52 #12059 type=standard A=10136:com.example.musicfy.debug} activity=ActivityRecord{131206877 u0 com.example.musicfy.debug/com.example.musicfy.WelcomeActivity t-1} display-from-task=0 display-id=0 task-display-area-windowing-mode=1 suggested-display-area=DefaultTaskDisplayArea@26848690 not entering desktop mode, skipping
06-03 00:04:14.238  5731  5808 V WindowManager: TaskLaunchParamsModifier:phase=3 task=Task{e5da52 #12059 type=standard A=10136:com.example.musicfy.debug} activity=ActivityRecord{131206877 u0 com.example.musicfy.debug/com.example.musicfy.WelcomeActivity t-1} display-from-task=0 display-id=0 task-display-area-windowing-mode=1 suggested-display-area=DefaultTaskDisplayArea@26848690 inherit-from-task=fullscreen non-freeform-task-display-area display-area=DefaultTaskDisplayArea@26848690 skip-bounds-fullscreen
06-03 00:04:14.243  5731  5808 I ActivityTaskManager: START u0 {flg=0x10000000 xflg=0x5 cmp=com.example.musicfy.debug/com.example.musicfy.WelcomeActivity} with LAUNCH_MULTIPLE from uid 2000 (com.android.shell) (BAL_ALLOW_PERMISSION) result code=0
06-03 00:04:14.244 12899 12899 I PIP_DEBUG: [Activity] onPictureInPictureRequested
06-03 00:04:14.245 12899 12899 I PIP_DEBUG: [Activity] onUserLeaveHint
06-03 00:04:14.245 12899 12899 I PIP_DEBUG: [Activity] onPause
06-03 00:04:14.246  5989  6024 D ShellDesktopMode: DesktopRepository: Removes freeform task: taskId=12058
06-03 00:04:14.246  5989  6024 W ShellDesktopMode: DesktopRepository: No display id found for task: taskId=12058
06-03 00:04:14.246  5989  6024 D ShellSplitScreen: logExit: no-op, mLoggerSessionId is null
06-03 00:04:14.247  5989  6024 V ShellDesktopMode: DesktopTasksController: handleRequest request=TransitionRequestInfo { type = OPEN, triggerTask = TaskInfo{userId=0 taskId=12059 effectiveUid=10136 displayId=0 isRunning=true baseIntent=Intent { flg=0x10000000 cmp=com.example.musicfy.debug/com.example.musicfy.WelcomeActivity } baseActivity=ComponentInfo{com.example.musicfy.debug/com.example.musicfy.WelcomeActivity} topActivity=ComponentInfo{com.example.musicfy.debug/com.example.musicfy.WelcomeActivity} origActivity=null realActivity=ComponentInfo{com.example.musicfy.debug/com.example.musicfy.WelcomeActivity} numActivities=1 lastActiveTime=22118120 supportsMultiWindow=true resizeMode=1 isResizeable=true minWidth=-1 minHeight=-1 defaultMinSize=220 token=WCT{android.os.BinderProxy@37b7d7} topActivityType=1 pictureInPictureParams=null shouldDockBigOverlays=false launchIntoPipHostTaskId=-1 lastParentTaskIdBeforePip=-1 displayCutoutSafeInsets=Rect(0, 104 - 0, 0) topActivityInfo=ActivityInfo{906f8c4 com.example.musicfy.WelcomeActivity} launchCookies=[] positionInParent=Point(0, 0) parentTaskId=-1 isFocused=false isVisible=false isVisibleRequested=false isTopActivityNoDisplay=false isSleeping=false locusId=null displayAreaFeatureId=1 isTopActivityTransparent=false isActivityStackTransparent=false lastNonFullscreenBounds=null capturedLink=null capturedLinkTimestamp=0 requestedVisibleTypes=503 topActivityRequestOpenInBrowserEducationTimestamp=0 appCompatTaskInfo=AppCompatTaskInfo { topActivityInSizeCompat=false isLeafTask= true eligibleForLetterboxEducation= false isLetterboxEducationEnabled= false isLetterboxDoubleTapEnabled= false eligibleForUserAspectRatioButton= false topActivityBoundsLetterboxed= false isFromLetterboxDoubleTap= false topActivityLetterboxVerticalPosition= -1 topActivityLetterboxHorizontalPosition= -1 topActivityLetterboxWidth=-1 topActivityLetterboxHeight=-1 topActivityAppBounds=Rect(0, 0 - 1220, 2712) isUserFullscreenOverrideEnabled=false isSystemFullscreenOverrideEnabled=false hasMinAspectRatioOverride=false topActivityLetterboxBounds=null cameraCompatTaskInfo=CameraCompatTaskInfo { cameraCompatMode=undefinedundefined} topNonResizableActivityAspectRatio=-1.0} topActivityMainWindowFrame=null isAppBubble=false isTopAppLocked=false}, pipChange = null, remoteTransition = null, displayChange = null, requestedLocation = null, userChange = null, windowingLayerChange = null, flags = 0, debugId = 325 }
06-03 00:04:14.247  5989  6024 V ShellDesktopMode: DesktopTasksController: skipping handleRequest reason=triggerTask's display doesn't support desktop mode
06-03 00:04:14.248 14981 14981 D b/417220811: invalidateLoadedTasks - previous requestLoadId: -1
06-03 00:04:14.248 14981 14981 D b/417220811: invalidateLoadedTasks - previous requestLoadId: -1
06-03 00:04:14.252  1444  1444 I sensors-hal: batch:211, android.sensor.linear_acceleration/101, period=66667000, max_latency=0
06-03 00:04:14.252  1444  1444 I sensors-hal: set_config:57, sample_period_ns is adjusted to 66667000 based on min/max delay_ns
06-03 00:04:14.252  1444  1444 I sensors-hal: send_sync_sensor_request:429, send sync request
06-03 00:04:14.252  1444  1444 I sensors-hal: send_sync_sensor_request:455, wait for notification of response
06-03 00:04:14.253  1444 12664 I sensors-hal: ssc_conn_resp_cb:740, resp_value = 0
06-03 00:04:14.253  1444  1444 I sensors-hal: send_sync_sensor_request:461, takes 0 ms to receive the response with 0
06-03 00:04:14.253  1444  1444 I sensors-hal: batch:220, android.sensor.linear_acceleration/101, period=66667000, max_latency=0 request completed
06-03 00:04:14.254  1444  1444 I sensors-hal: activate:178, android.sensor.gravity/91 en=0
06-03 00:04:14.254  1367  1435 E minksocket: MinkIPC_QRTR_Service: client with node 1 port 4d07 went down
06-03 00:04:14.255  1444  1444 I sensors-hal: activate:189, android.sensor.gravity/91 en=0 completed
06-03 00:04:14.255  1444  1444 I UsProximitySensor: MIUS:SHAL: activate() enter, enable = 0,
06-03 00:04:14.255  1444  1444 I MIUS    : MIUS:  enter ultraSoundEnable(), enable = 0 
06-03 00:04:14.255  1444  1444 I MIUS    : MIUS:  enter snsClientRequest()
06-03 00:04:14.255  1444  1444 D MIUS    : MIUS: snsClientRequest(): write to server 72
06-03 00:04:14.255  5623  5669 I MIUS    : MIUS: audio_handle_client_sock() received client connect 22
06-03 00:04:14.255  5623  5669 I MIUS    : MIUS:  got ULTRASOUND_ENABLE_CMD, payload[0]
06-03 00:04:14.255  5623  5669 D AHAL: AudioDeviceCustom: SetParameters ultrasound-proximity=0
06-03 00:04:14.255  5623  5669 D AHAL: AudioDevice: SetParameters: 1587: enter: ultrasound-proximity=0
06-03 00:04:14.255  5623  5669 D AHAL: AudioVoice: VoiceSetParameters: 154: Enter params: ultrasound-proximity=0
06-03 00:04:14.255  5623  5669 D AHAL: AudioVoice: VoiceSetParameters: 375: Exit ret: 0
06-03 00:04:14.255  5623  5669 D AHAL: FM: fm_set_parameters: 262: Enter
06-03 00:04:14.255  5623  5669 D AHAL: FM: fm_set_parameters: 320: exit
06-03 00:04:14.255  5623  5669 D AHAL: Loopback_karaoke: karaoke_set_parameters: Enter
06-03 00:04:14.255  5623  5669 D AHAL: Loopback_karaoke: karaoke_set_parameters: Exit
06-03 00:04:14.255  5623  5669 I AHAL: AudioDevice: SetParameters: 1718: MIUS: ultrasound-proximity[0] 
06-03 00:04:14.256  5623  5669 I MIUS    : MIUS: _ultrasound_stop_async() success 
06-03 00:04:14.256  5623  5669 D AHAL: AudioDevice: SetParameters: 2472: exit: ultrasound-proximity=0
06-03 00:04:14.257  1444  1444 I MIUS    : MIUS:  exit snsClientRequest()
06-03 00:04:14.257  1444  1444 I MIUS    : MIUS:  exit ultraSoundEnable()
06-03 00:04:14.257  1444  1444 I UsProximitySensor: MIUS:SHAL: activate() in critical section
06-03 00:04:14.257  1444  1444 I UsProximitySensor: MIUS:SHAL: activate() exit
06-03 00:04:14.259  5731  5936 D BackgroundInstallControlService: Package event received: 0
06-03 00:04:14.263  5731  5845 D DisplayRefreshRateController: Skip update refresh rate due to in extreme mode
06-03 00:04:14.278  5731  9286 D ActivityManager: quick sync unfreeze 15767 for 1
06-03 00:04:14.289 15767 16084 I DisplayManager: Choreographer implicitly registered for the refresh rate.
06-03 00:04:14.295 15767 16084 I AdrenoGLES-0: QUALCOMM build                   : a4f4f78fac, Ic4d50c01ff
06-03 00:04:14.295 15767 16084 I AdrenoGLES-0: Build Date                       : 11/27/24
06-03 00:04:14.295 15767 16084 I AdrenoGLES-0: OpenGL ES Shader Compiler Version: EV031.36.08.30
06-03 00:04:14.295 15767 16084 I AdrenoGLES-0: Local Branch                     : 
06-03 00:04:14.295 15767 16084 I AdrenoGLES-0: Remote Branch                    : refs/tags/AU_LINUX_ANDROID_LA.VENDOR.1.0.11.00.00.770.073
06-03 00:04:14.295 15767 16084 I AdrenoGLES-0: Remote Branch                    : NONE
06-03 00:04:14.295 15767 16084 I AdrenoGLES-0: Reconstruct Branch               : NOTHING
06-03 00:04:14.296 15767 16084 I AdrenoGLES-0: Build Config                     : S P 12.1.1 AArch64
06-03 00:04:14.296 15767 16084 I AdrenoGLES-0: Driver Path                      : /vendor/lib64/egl/libGLESv2_adreno.so
06-03 00:04:14.296 15767 16084 I AdrenoGLES-0: Driver Version                   : 0615.93
06-03 00:04:14.296  5989  6024 V ShellDesktopMode: DesktopModeLogger: taskInfo map after processing changes 0
06-03 00:04:14.296  5989  6024 D ShellDesktopMode: DesktopTaskChangeListener: onTaskMovingToBack for taskId=12056, displayId=0 - desktop not supported
06-03 00:04:14.297  5989  6024 D ShellDesktopMode: DesktopTaskChangeListener: onTaskOpening for taskId=12059, displayId=0 userId=0 currentUserId=0 parentTaskId=-1 isFreeform=false isActive=false
06-03 00:04:14.297  5989  6024 D ShellDesktopMode: DesktopTaskChangeListener: onTaskOpening for taskId=12059, displayId=0 - desktop not supported
06-03 00:04:14.297  5989  6024 V ShellDesktopMode: DesktopMixedTransitionHandler: No pending desktop transition
06-03 00:04:14.304  5731  5750 V WindowManager: Sent Transition (#325) createdAt=06-03 00:04:14.234 via request=TransitionRequestInfo { type = OPEN, triggerTask = TaskInfo{userId=0 taskId=12059 effectiveUid=10136 displayId=0 isRunning=true baseIntent=Intent { flg=0x10000000 cmp=com.example.musicfy.debug/com.example.musicfy.WelcomeActivity } baseActivity=ComponentInfo{com.example.musicfy.debug/com.example.musicfy.WelcomeActivity} topActivity=ComponentInfo{com.example.musicfy.debug/com.example.musicfy.WelcomeActivity} origActivity=null realActivity=ComponentInfo{com.example.musicfy.debug/com.example.musicfy.WelcomeActivity} numActivities=1 lastActiveTime=22118120 supportsMultiWindow=true resizeMode=1 isResizeable=true minWidth=-1 minHeight=-1 defaultMinSize=220 token=WCT{RemoteToken{81ac77 Task{e5da52 #12059 type=standard A=10136:com.example.musicfy.debug}}} topActivityType=1 pictureInPictureParams=null shouldDockBigOverlays=false launchIntoPipHostTaskId=-1 lastParentTaskIdBeforePip=-1 displayCutoutSafeInsets=Rect(0, 104 - 0, 0) topActivityInfo=ActivityInfo{4cce0e4 com.example.musicfy.WelcomeActivity} launchCookies=[] positionInParent=Point(0, 0) parentTaskId=-1 isFocused=false isVisible=false isVisibleRequested=false isTopActivityNoDisplay=false isSleeping=false locusId=null displayAreaFeatureId=1 isTopActivityTransparent=false isActivityStackTransparent=false lastNonFullscreenBounds=null capturedLink=null capturedLinkTimestamp=0 requestedVisibleTypes=503 topActivityRequestOpenInBrowserEducationTimestamp=0 appCompatTaskInfo=AppCompatTaskInfo { topActivityInSizeCompat=false isLeafTask= true eligibleForLetterboxEducation= false isLetterboxEducationEnabled= false isLetterboxDoubleTapEnabled= false eligibleForUserAspectRatioButton= false topActivityBoundsLetterboxed= false isFromLetterboxDoubleTap= false topActivityLetterboxVerticalPosition= -1 topActivityLetterboxHorizontalPosition= -1 topActivityLetterboxWidth=-1 topActivityLetterboxHeight=-1 topActivityAppBounds=Rect(0, 0 - 1220, 2712) isUserFullscreenOverrideEnabled=false isSystemFullscreenOverrideEnabled=false hasMinAspectRatioOverride=false topActivityLetterboxBounds=null cameraCompatTaskInfo=CameraCompatTaskInfo { cameraCompatMode=undefinedundefined} topNonResizableActivityAspectRatio=-1.0} topActivityMainWindowFrame=null isAppBubble=false isTopAppLocked=false}, pipChange = null, remoteTransition = null, displayChange = null, requestedLocation = null, userChange = null, windowingLayerChange = null, flags = 0, debugId = 325 }
06-03 00:04:14.304  5731  5750 V WindowManager:     startWCT=WindowContainerTransaction { changes= {} hops= [] errorCallbackToken=null taskFragmentOrganizer=null }
06-03 00:04:14.304  5731  5750 V WindowManager:     info={id=325 t=OPEN f=0x0 trk=0 r=[0@Point(0, 0)] c=[
06-03 00:04:14.304  5731  5750 V WindowManager:         {WCT{RemoteToken{81ac77 Task{e5da52 #12059 type=standard A=10136:com.example.musicfy.debug}}} m=OPEN f=NONE leash=Surface(name=Task=12059#4230)/@0x4e5919b sb=Rect(0, 0 - 1220, 2712) eb=Rect(0, 0 - 1220, 2712) epz=Point(1220, 2712) d=0 taskParent=-1 winMode=1 userId=0},
06-03 00:04:14.304  5731  5750 V WindowManager:         {WCT{RemoteToken{a89d449 Task{53be552 #12056 type=standard A=10430:org.telegram.messenger}}} m=TO_BACK f=NONE leash=Surface(name=Task=12056#4131)/@0xe610813 sb=Rect(0, 0 - 1220, 2712) eb=Rect(0, 0 - 1220, 2712) epz=Point(1220, 2712) d=0 taskParent=-1 winMode=1 userId=0}
06-03 00:04:14.304  5731  5750 V WindowManager:     ]}
06-03 00:04:14.307  5989  6024 V ShellTaskOrganizer: Task appeared taskId=12059 listener=FullscreenTaskListener
06-03 00:04:14.307  5989  6024 V ShellTaskOrganizer: Fullscreen Task Appeared: #12059
06-03 00:04:14.308 14981 14981 D b/417220811: invalidateLoadedTasks - previous requestLoadId: -1
06-03 00:04:14.310 15767 16084 I AdrenoGLES-0: PFP: 0x01710158, ME: 0x00000000
06-03 00:04:14.319  5731  5753 D ActivityManager: sync unfroze 15767 com.example.musicfy.debug for 1
06-03 00:04:14.321  5731  5936 D BackgroundInstallControlService: Package event received: 0
06-03 00:04:14.326  5731  5936 D BackgroundInstallControlService: Package event received: 0
06-03 00:04:14.326  5731  5936 D BackgroundInstallControlService: Package event received: 0
06-03 00:04:14.326  5731  9286 D ConnectivityService: requestNetwork for uid/pid:10346/5989 asUid: 10136 activeRequest: null callbackRequest: 3054 [NetworkRequest [ REQUEST id=3055, [ Capabilities: INTERNET&NOT_RESTRICTED&TRUSTED&NOT_VCN_MANAGED&NOT_BANDWIDTH_CONSTRAINED Uid: 10136 RequestorUid: 10346 RequestorPkg: com.android.systemui UnderlyingNetworks: Null] ]] callback flags: 0 order: 2147483647 isUidTracked: false declaredMethods: AVAIL|BLK
06-03 00:04:14.327 15767 15773 W e.musicfy.debug: userfaultfd: MOVE ioctl seems unsupported: Try again
06-03 00:04:14.329  5731  5879 D WifiNetworkFactory: got request NetworkRequest [ REQUEST id=3055, [ Capabilities: INTERNET&NOT_RESTRICTED&TRUSTED&NOT_VCN_MANAGED&NOT_BANDWIDTH_CONSTRAINED Uid: 10136 RequestorUid: 10346 RequestorPkg: com.android.systemui UnderlyingNetworks: Null] ]
06-03 00:04:14.330  5731  5879 D UntrustedWifiNetworkFactory: got request NetworkRequest [ REQUEST id=3055, [ Capabilities: INTERNET&NOT_RESTRICTED&TRUSTED&NOT_VCN_MANAGED&NOT_BANDWIDTH_CONSTRAINED Uid: 10136 RequestorUid: 10346 RequestorPkg: com.android.systemui UnderlyingNetworks: Null] ]
06-03 00:04:14.331  5731  5879 D OemPaidWifiNetworkFactory: got request NetworkRequest [ REQUEST id=3055, [ Capabilities: INTERNET&NOT_RESTRICTED&TRUSTED&NOT_VCN_MANAGED&NOT_BANDWIDTH_CONSTRAINED Uid: 10136 RequestorUid: 10346 RequestorPkg: com.android.systemui UnderlyingNetworks: Null] ]
06-03 00:04:14.334  5731  5879 D MultiInternetWifiNetworkFactory: got request NetworkRequest [ REQUEST id=3055, [ Capabilities: INTERNET&NOT_RESTRICTED&TRUSTED&NOT_VCN_MANAGED&NOT_BANDWIDTH_CONSTRAINED Uid: 10136 RequestorUid: 10346 RequestorPkg: com.android.systemui UnderlyingNetworks: Null] ]
06-03 00:04:14.338  5731  5886 D ConnectivityService: NetReassign [3055 : null → 103] [c 1] [a 0] [i 10]
06-03 00:04:14.346 15767 15767 I e.musicfy.debug: Waiting for a blocking GC ClassLinker
06-03 00:04:14.352  5731  5824 V GrammaticalInflectionUtils: AttributionSource: android.content.AttributionSource@7c580c8d does not have READ_SYSTEM_GRAMMATICAL_GENDER permission.
06-03 00:04:14.354 15767 15767 I e.musicfy.debug: WaitForGcToComplete blocked ClassLinker on Background for 7.645ms
06-03 00:04:14.365 15767 15767 D DesktopExperienceFlags: Toggle override initialized to: false
06-03 00:04:14.372 11712 11917 E .tokopedia.tkpd: hiddenapi: Accessing hidden field Landroid/app/ActivityThread;->mLastProcessState:I (runtime_flags=0, domain=platform, api=blocked) from Lcom/bytedance/crash/util/f; (domain=app, TargetSdkVersion=35) using reflection: denied
06-03 00:04:14.373 11712 11917 W System.err: java.lang.reflect.InvocationTargetException
06-03 00:04:14.373 11712 11917 W System.err: 	at java.lang.reflect.Method.invoke(Native Method)
06-03 00:04:14.373 11712 11917 W System.err: 	at com.bytedance.crash.util.f.b(DoubleReflectHelper.java:21)
06-03 00:04:14.373 11712 11917 W System.err: 	at com.bytedance.crash.util.f.a(DoubleReflectHelper.java:7)
06-03 00:04:14.373 11712 11917 W System.err: 	at com.bytedance.crash.dumper.n.f(ProcessState.java:50)
06-03 00:04:14.373 11712 11917 W System.err: 	at com.bytedance.crash.dumper.n.b(ProcessState.java:29)
06-03 00:04:14.373 11712 11917 W System.err: 	at com.bytedance.crash.dumper.n.a(ProcessState.java:1)
06-03 00:04:14.373 11712 11917 W System.err: 	at com.bytedance.crash.dumper.n$a.run(ProcessState.java:3)
06-03 00:04:14.373 11712 11917 W System.err: 	at android.os.Handler.handleCallback(Handler.java:1070)
06-03 00:04:14.373 11712 11917 W System.err: 	at android.os.Handler.dispatchMessage(Handler.java:125)
06-03 00:04:14.373 11712 11917 W System.err: 	at android.os.Looper.dispatchMessage(Looper.java:333)
06-03 00:04:14.373 11712 11917 W System.err: 	at android.os.Looper.loopOnce(Looper.java:263)
06-03 00:04:14.373 11712 11917 W System.err: 	at android.os.Looper.loop(Looper.java:367)
06-03 00:04:14.373 11712 11917 W System.err: 	at com.bytedance.crash.runtime.b.onLooperPrepared(DefaultWorkThread.java:18)
06-03 00:04:14.373 11712 11917 W System.err: 	at android.os.HandlerThread.run(HandlerThread.java:138)
06-03 00:04:14.373 11712 11917 W System.err: Caused by: java.lang.NoSuchFieldException: No field mLastProcessState in class Landroid/app/ActivityThread; (declaration of 'android.app.ActivityThread' appears in /system/framework/framework.jar)
06-03 00:04:14.373 11712 11917 W System.err: 	at java.lang.Class.getDeclaredField(Native Method)
06-03 00:04:14.373 11712 11917 W System.err: 	... 14 more
06-03 00:04:14.374  5731  5824 D ActivityManager: sync unfroze 11712 com.tokopedia.tkpd for 6
06-03 00:04:14.377  5731  5824 D ActivityManager: sync unfroze 7482 com.google.android.gms for 6
06-03 00:04:14.384  5731  8546 D ConnectivityService: Returning UNBLOCKED NetworkInfo to uid=10411
06-03 00:04:14.384  5731  5824 W JobServiceContext: Sending onNetworkChanged for a job that isn't started. JobStatus{e4d43a4 #u0a411/21726 com.tokopedia.tkpd/androidx.work.impl.background.systemjob.SystemJobService u=0 s=10411 TIME=-32s132ms:none NET READY}
06-03 00:04:14.389 14981 14981 D b/417220811: invalidateLoadedTasks - previous requestLoadId: -1
06-03 00:04:14.394  5617  5617 D Zygote  : Forked child process 16088
06-03 00:04:14.396  9329  9329 I Wearable.weather_9329_9329: onStartJob mIsOnce:true
06-03 00:04:14.401  9329  9329 I SyncEngine_9329_9329: syncAll isBle: true
06-03 00:04:14.401  9329  9329 I Wearable.weather_9329_9329: syncAll all isBleDevice:true countDown:6
06-03 00:04:14.403  9329  9329 I SyncEngine_9329_9329: syncSleepModelToConnectedDevice deviceModels size: 1
06-03 00:04:14.404  9329  9329 I Wearable.weather_9329_9329: syncTimeToConnectedDevices
06-03 00:04:14.405  9329 10547 I SyncEngine_9329_10547: support sync sleep model deviceModel: true Redmi Watch 5 false
06-03 00:04:14.412  5731  5746 V WindowManager: DesktopModeLaunchParamsModifier: phase= 0 task=null activity=null display-area-from-source=DefaultTaskDisplayArea@26848690 display-id=0 task-display-area-windowing-mode=1 suggested-display-area=DefaultTaskDisplayArea@26848690 task null, skipping
06-03 00:04:14.412  5731  5746 V WindowManager: TaskLaunchParamsModifier:phase=0 task=null activity=null display-area-from-source=DefaultTaskDisplayArea@26848690 display-id=0 task-display-area-windowing-mode=1 suggested-display-area=DefaultTaskDisplayArea@26848690
06-03 00:04:14.412  5731  5746 V GrammaticalInflectionUtils: AttributionSource: android.content.AttributionSource@4938cf97 does not have READ_SYSTEM_GRAMMATICAL_GENDER permission.
06-03 00:04:14.414  5731  6094 D ConnectivityService: requestNetwork for uid/pid:10411/11712 activeRequest: null callbackRequest: 3056 [NetworkRequest [ REQUEST id=3057, [ Capabilities: INTERNET&NOT_RESTRICTED&TRUSTED&NOT_VCN_MANAGED&NOT_BANDWIDTH_CONSTRAINED Uid: 10411 RequestorUid: 10411 RequestorPkg: com.tokopedia.tkpd UnderlyingNetworks: Null] ]] callback flags: 0 order: 2147483647 isUidTracked: false declaredMethods: AVAIL|LOST|NC
06-03 00:04:14.414  5731  5761 W ActivityManager: Slow operation: 62ms so far, now at startProcess: done updating battery stats
06-03 00:04:14.414  5731  5761 W ActivityManager: Slow operation: 62ms so far, now at startProcess: building log message
06-03 00:04:14.414  5731  5761 I ActivityManager: Start proc 16088:com.instagram.android/u0a466 for service {com.instagram.android/androidx.work.impl.background.systemjob.SystemJobService}
06-03 00:04:14.414  5731  5761 W ActivityManager: Slow operation: 62ms so far, now at startProcess: starting to update pids map
06-03 00:04:14.415  5731  5746 V WindowManager: DesktopModeLaunchParamsModifier: phase= 0 task=null activity=ActivityRecord{243074176 u0 com.example.musicfy.debug/com.example.musicfy.MainActivity display-area-from-source=DefaultTaskDisplayArea@26848690 display-id=0 task-display-area-windowing-mode=1 suggested-display-area=DefaultTaskDisplayArea@26848690 task null, skipping
06-03 00:04:14.415  5731  5746 V WindowManager: TaskLaunchParamsModifier:phase=0 task=null activity=ActivityRecord{243074176 u0 com.example.musicfy.debug/com.example.musicfy.MainActivity t-1} display-area-from-source=DefaultTaskDisplayArea@26848690 display-id=0 task-display-area-windowing-mode=1 suggested-display-area=DefaultTaskDisplayArea@26848690
06-03 00:04:14.416  5731  5746 V WindowManager: DesktopModeLaunchParamsModifier: phase= 3 task=Task{e5da52 #12059 type=standard A=10136:com.example.musicfy.debug} activity=ActivityRecord{243074176 u0 com.example.musicfy.debug/com.example.musicfy.MainActivity t-1} display-area-from-source=DefaultTaskDisplayArea@26848690 display-id=0 task-display-area-windowing-mode=1 suggested-display-area=DefaultTaskDisplayArea@26848690 not entering desktop mode, skipping
06-03 00:04:14.416  5731  5746 V WindowManager: TaskLaunchParamsModifier:phase=3 task=Task{e5da52 #12059 type=standard A=10136:com.example.musicfy.debug} activity=ActivityRecord{243074176 u0 com.example.musicfy.debug/com.example.musicfy.MainActivity t-1} display-area-from-source=DefaultTaskDisplayArea@26848690 display-id=0 task-display-area-windowing-mode=1 suggested-display-area=DefaultTaskDisplayArea@26848690 inherit-from-source=fullscreen non-freeform-task-display-area display-area=DefaultTaskDisplayArea@26848690 skip-bounds-fullscreen
06-03 00:04:14.416  9329  9329 I SyncEngine_9329_9329: channel: true global: true
06-03 00:04:14.416  5731  5746 V WindowManager: DesktopModeLaunchParamsModifier: phase= 3 task=Task{e5da52 #12059 type=standard A=10136:com.example.musicfy.debug} activity=ActivityRecord{243074176 u0 com.example.musicfy.debug/com.example.musicfy.MainActivity t-1} display-area-from-source=DefaultTaskDisplayArea@26848690 display-id=0 task-display-area-windowing-mode=1 suggested-display-area=DefaultTaskDisplayArea@26848690 not entering desktop mode, skipping
06-03 00:04:14.416  5731  5746 V WindowManager: TaskLaunchParamsModifier:phase=3 task=Task{e5da52 #12059 type=standard A=10136:com.example.musicfy.debug} activity=ActivityRecord{243074176 u0 com.example.musicfy.debug/com.example.musicfy.MainActivity t-1} display-area-from-source=DefaultTaskDisplayArea@26848690 display-id=0 task-display-area-windowing-mode=1 suggested-display-area=DefaultTaskDisplayArea@26848690 inherit-from-source=fullscreen non-freeform-task-display-area display-area=DefaultTaskDisplayArea@26848690 skip-bounds-fullscreen
06-03 00:04:14.416  5731  5746 V WindowManager: DesktopModeLaunchParamsModifier: phase= 3 task=Task{e5da52 #12059 type=standard A=10136:com.example.musicfy.debug} activity=ActivityRecord{243074176 u0 com.example.musicfy.debug/com.example.musicfy.MainActivity t-1} display-area-from-source=DefaultTaskDisplayArea@26848690 display-id=0 task-display-area-windowing-mode=1 suggested-display-area=DefaultTaskDisplayArea@26848690 not entering desktop mode, skipping
06-03 00:04:14.416  9329  9329 I Wearable.weather_9329_9329: syncWeatherToConnectedDevices start force:false
06-03 00:04:14.416  5731  5746 V WindowManager: TaskLaunchParamsModifier:phase=3 task=Task{e5da52 #12059 type=standard A=10136:com.example.musicfy.debug} activity=ActivityRecord{243074176 u0 com.example.musicfy.debug/com.example.musicfy.MainActivity t-1} display-area-from-source=DefaultTaskDisplayArea@26848690 display-id=0 task-display-area-windowing-mode=1 suggested-display-area=DefaultTaskDisplayArea@26848690 inherit-from-source=fullscreen non-freeform-task-display-area display-area=DefaultTaskDisplayArea@26848690 skip-bounds-fullscreen
06-03 00:04:14.417  9329  9329 I Wearable.weather_9329_9329: getNeedSyncDevices isSyncWeather:true
06-03 00:04:14.417  9329  9329 I Wearable.weather_9329_9329: isNeedSyncWeather: true isRequestByDevice:false
06-03 00:04:14.417  5731  5848 I InputDispatcher: No new touched window at (1129.4, 2331.3) in display 0
06-03 00:04:14.421  5731  5879 D WifiNetworkFactory: got request NetworkRequest [ REQUEST id=3057, [ Capabilities: INTERNET&NOT_RESTRICTED&TRUSTED&NOT_VCN_MANAGED&NOT_BANDWIDTH_CONSTRAINED Uid: 10411 RequestorUid: 10411 RequestorPkg: com.tokopedia.tkpd UnderlyingNetworks: Null] ]
06-03 00:04:14.421  9329 10547 I BreakSilentUpgradeAspec_9329_10547: aroundBreakSilentUpgrade: state = UPGRADE_IDLE
06-03 00:04:14.421  9329 10547 I BreakSilentUpgradeAspec_9329_10547: aroundBreakSilentUpgrade: end cost = 0
06-03 00:04:14.421  9329 10547 I Device-Sync_9329_10547: enqueue: call type = 17, id = 8
06-03 00:04:14.421  9329 10547 I Device-Sync_9329_10547: Device(2024608765)'s callback, type=101
06-03 00:04:14.421  9329 10547 I MiWearCoreClient_9329_10547: call() called with: type = 101, did = 2024608765, data = [B@cbb3204, callback = com.xiaomi.fitness.device.contact.remote.ContactTaskQueue$callback$1@809b3ed, timeout = 8000, service = com.xiaomi.wearable.core.server.IMiWearCoreImpl@cb770a5
06-03 00:04:14.422  9329 10547 I IMiWearCoreImpl_9329_10547: call() called with: type = 101, did = 2024608765, data = [B@cbb3204, needResponse = false, callback = com.xiaomi.fitness.device.contact.remote.ContactTaskQueue$callback$1@809b3ed, timeout = 8000
06-03 00:04:14.422  5731  5879 D UntrustedWifiNetworkFactory: got request NetworkRequest [ REQUEST id=3057, [ Capabilities: INTERNET&NOT_RESTRICTED&TRUSTED&NOT_VCN_MANAGED&NOT_BANDWIDTH_CONSTRAINED Uid: 10411 RequestorUid: 10411 RequestorPkg: com.tokopedia.tkpd UnderlyingNetworks: Null] ]
06-03 00:04:14.423  5731  5879 D OemPaidWifiNetworkFactory: got request NetworkRequest [ REQUEST id=3057, [ Capabilities: INTERNET&NOT_RESTRICTED&TRUSTED&NOT_VCN_MANAGED&NOT_BANDWIDTH_CONSTRAINED Uid: 10411 RequestorUid: 10411 RequestorPkg: com.tokopedia.tkpd UnderlyingNetworks: Null] ]
06-03 00:04:14.423  5731  5886 D ConnectivityService: NetReassign [3057 : null → 103] [c 1] [a 4] [i 3]
06-03 00:04:14.423  5731  5879 D MultiInternetWifiNetworkFactory: got request NetworkRequest [ REQUEST id=3057, [ Capabilities: INTERNET&NOT_RESTRICTED&TRUSTED&NOT_VCN_MANAGED&NOT_BANDWIDTH_CONSTRAINED Uid: 10411 RequestorUid: 10411 RequestorPkg: com.tokopedia.tkpd UnderlyingNetworks: Null] ]
06-03 00:04:14.426  5989  6024 D ShellSplitScreen: logExit: no-op, mLoggerSessionId is null
06-03 00:04:14.426  5989  6024 V ShellDesktopMode: DesktopTasksController: handleRequest request=TransitionRequestInfo { type = OPEN, triggerTask = TaskInfo{userId=0 taskId=12059 effectiveUid=10136 displayId=0 isRunning=true baseIntent=Intent { flg=0x10000000 cmp=com.example.musicfy.debug/com.example.musicfy.WelcomeActivity } baseActivity=ComponentInfo{com.example.musicfy.debug/com.example.musicfy.WelcomeActivity} topActivity=ComponentInfo{com.example.musicfy.debug/com.example.musicfy.MainActivity} origActivity=null realActivity=ComponentInfo{com.example.musicfy.debug/com.example.musicfy.WelcomeActivity} numActivities=2 lastActiveTime=22118301 supportsMultiWindow=true resizeMode=1 isResizeable=true minWidth=-1 minHeight=-1 defaultMinSize=220 token=WCT{android.os.BinderProxy@37b7d7} topActivityType=1 pictureInPictureParams=null shouldDockBigOverlays=false launchIntoPipHostTaskId=-1 lastParentTaskIdBeforePip=-1 displayCutoutSafeInsets=Rect(0, 0 - 0, 0) topActivityInfo=ActivityInfo{3dedb7 com.example.musicfy.MainActivity} launchCookies=[] positionInParent=Point(0, 0) parentTaskId=-1 isFocused=true isVisible=true isVisibleRequested=true isTopActivityNoDisplay=false isSleeping=false locusId=null displayAreaFeatureId=1 isTopActivityTransparent=false isActivityStackTransparent=false lastNonFullscreenBounds=null capturedLink=null capturedLinkTimestamp=0 requestedVisibleTypes=503 topActivityRequestOpenInBrowserEducationTimestamp=0 appCompatTaskInfo=AppCompatTaskInfo { topActivityInSizeCompat=false isLeafTask= true eligibleForLetterboxEducation= false isLetterboxEducationEnabled= false isLetterboxDoubleTapEnabled= false eligibleForUserAspectRatioButton= false topActivityBoundsLetterboxed= false isFromLetterboxDoubleTap= false topActivityLetterboxVerticalPosition= -1 topActivityLetterboxHorizontalPosition= -1 topActivityLetterboxWidth=-1 topActivityLetterboxHeight=-1 topActivityAppBounds=Rect(0, 0 - 1220, 2712) isUserFullscreenOverrideEnabled=false isSystemFullscreenOverrideEnabled=false hasMinAspectRatioOverride=false topActivityLetterboxBounds=null cameraCompatTaskInfo=CameraCompatTaskInfo { cameraCompatMode=undefinedundefined} topNonResizableActivityAspectRatio=-1.0} topActivityMainWindowFrame=null isAppBubble=false isTopAppLocked=false}, pipChange = null, remoteTransition = null, displayChange = null, requestedLocation = null, userChange = null, windowingLayerChange = null, flags = 0, debugId = 326 }
06-03 00:04:14.426  5989  6024 V ShellDesktopMode: DesktopTasksController: skipping handleRequest reason=triggerTask's display doesn't support desktop mode
06-03 00:04:14.430  5731  5746 I ActivityTaskManager: START u0 {xflg=0x4 cmp=com.example.musicfy.debug/com.example.musicfy.MainActivity} with LAUNCH_SINGLE_TASK from uid 10136 (com.example.musicfy.debug) (sr=131206877) (BAL_ALLOW_VISIBLE_WINDOW) result code=0
06-03 00:04:14.430  5731  5761 W ActivityManager: Slow operation: 79ms so far, now at startProcess: done updating pids map
06-03 00:04:14.431  9329  9329 I Wearable.weather_9329_9329: readWeatherSetting BleDeviceModel locationKey:accu:3456166 locationName:Madiocondro<LOC>{"x":136038.628,"y":-9126.664,"z":0.0}</LOC>
06-03 00:04:14.431  9329  9329 I Wearable.weather_9329_9329: syncWeatherToDevices localLocationKey locationKey:accu:3456166 locationName:Madiocondro<LOC>{"x":136038.628,"y":-9126.664,"z":0.0}</LOC>,  isUserAutoLocation:true
06-03 00:04:14.434  5731  6094 D ActivityManager: sync unfroze 30120 com.android.providers.calendar for 7
06-03 00:04:14.435  5731  5936 D BackgroundInstallControlService: Package event received: 0
06-03 00:04:14.435  8942 20440 I etdk    : (REDACTED) HDM. appOpsListener %s %s
06-03 00:04:14.435 16088 16088 I Zygote  : Process 16088 created for com.instagram.android
06-03 00:04:14.435 16088 16088 I stagram.android: Using CollectorTypeCMC GC.
06-03 00:04:14.437  8942 20440 I etdk    : (REDACTED) HDM. Ignoring irrelevant audio permission changes for package %s
06-03 00:04:14.437  9329 11002 I TaskQueueV2_9329_11002: enqueue: type:3, seqNumber:0
06-03 00:04:14.438  9329 11002 I TaskQueueV2_9329_11002: runNext() called thread: Spp Dispatcher
06-03 00:04:14.438  9329 11002 I TaskQueueV2_9329_11002: change tx status to TX_STATE_BUSY
06-03 00:04:14.438  9329 11002 I TaskQueueV2_9329_11002: window [packet type: 3, seq: 172], window size: 1, retransmission: false
06-03 00:04:14.438  9329 11002 I TaskQueueV2_9329_11002: -------------> SEND: DATA base: 172, nextseq: 173, size: 6, seq: 172, frx: 0
06-03 00:04:14.438  9329 11002 I TaskQueueV2_9329_11002: onCallback() called with: packetId = 3578, code = SEND_START, channel = TRANSPORT_CHANNEL_PB
06-03 00:04:14.438  9329 11002 I TaskQueueV2_9329_11002: sendPacket() called with: packet = L1Packet (header: Header (type: DATA, seqNumber: 172, dataLength: 6, frx: 0, crc: -27516))}, crc = -27516, mtu = 16394
06-03 00:04:14.439  9329 11002 I TaskQueueV2_9329_11002: onSendComplete() called with: packet: L1Packet (header: Header (type: DATA, seqNumber: 172, dataLength: 6, frx: 0, crc: -27516)), thread: Spp Dispatcher
06-03 00:04:14.439  9329 11002 I TaskQueueV2_9329_11002: sendTimerStart: sendItem 172
06-03 00:04:14.439  9329 11002 I TaskQueueV2_9329_11002: onCallback() called with: packetId = 3578, code = SEND_SUCCESS, channel = TRANSPORT_CHANNEL_PB
06-03 00:04:14.439  9329 11002 I TaskQueueV2_9329_11002: change tx status to TX_STATE_IDLE
06-03 00:04:14.439  6312  6678 I bt_btm_pm: system/stack/acl/btm_pm.cc:259 BTM_SetPowerMode: Setting power mode for peer:xx:xx:xx:xx:45:15 current_mode:immediate:sniff[2] new_mode:forced:active[0]
06-03 00:04:14.439  9329 11002 I TaskQueueV2_9329_11002: runNext() called thread: Spp Dispatcher
06-03 00:04:14.439  9329 11002 I TaskQueueV2_9329_11002: change tx status to TX_STATE_BUSY
06-03 00:04:14.439  6312  6678 I bt_btm_pm: system/stack/acl/btm_pm.cc:550 btm_pm_snd_md_req: Switching from immediate:sniff[0x02] to immediate:active[0x00]
06-03 00:04:14.439  9329 11002 I TaskQueueV2_9329_11002: change tx status to TX_STATE_IDLE
06-03 00:04:14.440  1380  1380 D vendor.qti.bluetooth@1.0-ibs_handler: SerialClockVote: vote for UART CLK ON
06-03 00:04:14.440  1380  1380 D vendor.qti.bluetooth@1.0-wake_lock: Acquire wakelock is acquired 
06-03 00:04:14.440  1380  1380 I vendor.qti.bluetooth@1.0-ibs_handler: DeviceWakeUp: Writing IBS_WAKE_IND
06-03 00:04:14.444  1380  6785 I vendor.qti.bluetooth@1.0-ibs_handler: ProcessIbsCmd: Received IBS_WAKE_ACK: 0xFC
06-03 00:04:14.444  1380  6785 I vendor.qti.bluetooth@1.0-ibs_handler: ProcessIbsCmd: Signal wack_cond_
06-03 00:04:14.444  1380  1380 D vendor.qti.bluetooth@1.0-ibs_handler: DeviceWakeUp: Unblocked from waiting for FC, pthread_cond_timedwait ret = 0
06-03 00:04:14.445  1380  6785 I vendor.qti.bluetooth@1.0-ibs_handler: ProcessIbsCmd: Received IBS_WAKE_IND: 0xFD
06-03 00:04:14.445  1380  6785 I vendor.qti.bluetooth@1.0-ibs_handler: ProcessIbsCmd: Writing IBS_WAKE_ACK
06-03 00:04:14.446 16088 16088 D nativeloader: Load libframework-connectivity-tiramisu-jni.so using APEX ns com_android_tethering for caller /apex/com.android.tethering/javalib/framework-connectivity-t.jar: ok
06-03 00:04:14.447  5731  5754 I ImeTracker: system_server:bf9aa328: onRequestShow at ORIGIN_SERVER reason CONTROLS_CHANGED fromUser false
06-03 00:04:14.450  9329 10545 I SyncEngine_9329_10545: genCalendarEvents calendarEvents :[]
06-03 00:04:14.451 12899 12899 I ImeTracker: system_server:bf9aa328: onCancelled at PHASE_CLIENT_ON_CONTROLS_CHANGED
06-03 00:04:14.453  9329  9329 I Wearable.weather_9329_9329: syncWeatherToDevices weatherLastTime = 1780418306048  pressureLastTime-1  weatherLocationLastTime1780416168871
06-03 00:04:14.454  9329  9329 I Wearable.weather_9329_9329: syncWeatherToDevices needUpdateLocation
06-03 00:04:14.454  9329  9329 I Wearable.weather_9329_9329: syncWeatherToDevices duration limit
06-03 00:04:14.454  9329  9329 I Wearable.weather_9329_9329: WeatherLocationService.requestLocation  highAccuracy:false
06-03 00:04:14.454  9329  9329 I Wearable.weather_9329_9329: LocationHelper.request  receiver:com.xiaomi.fitness.sync.WeatherLocationService$LocationHelper$1@c0d74b3
06-03 00:04:14.455  5731  9277 W ProcessStats: Tracking association SourceState{c5c03b6 com.tokopedia.tkpd/10411 ImpBg #67565} whose proc state 6 is better than process ProcessState{a0e145b com.google.android.gms/10295 pkg=com.google.android.gms} proc state 14 (1 skipped)
06-03 00:04:14.456  9329  9329 I Wearable.weather_9329_9329: request location, isForeground: false
06-03 00:04:14.456  9329  9329 I Wearable.weather_9329_9329: check if has bg location permission: true
06-03 00:04:14.456  9329  9329 I Wearable.weather_9329_9329: LocationHelper.request  startService  startForegroundService
06-03 00:04:14.457  5731  8546 D CompatChangeReporter: Compat change id reported: 311208749; UID 10468; state: ENABLED
06-03 00:04:14.457  5731  8546 I ActivityManager: Background started FGS: Allowed [callingPackage: com.xiaomi.wearable; callingUid: 10468; uidState: FGS ; uidBFSL: [BFSL]; intent: Intent { act=com.xiaomi.wearable.home.devices.ble.sync.WeatherLocationService.START xflg=0x4 cmp=com.xiaomi.wearable/com.xiaomi.fitness.sync.WeatherLocationService (has extras) }; code:PROC_STATE_FGS; tempAllowListReason:<null>; allowWiu:-1; targetSdkVersion:35; callerTargetSdkVersion:35; startForegroundCount:5; bindFromPackage:null: isBindService:false]
06-03 00:04:14.458  5731  8546 D CompatChangeReporter: Compat change id reported: 319471980; UID 10468; state: ENABLED
06-03 00:04:14.459 15767 15767 D CompatChangeReporter: Compat change id reported: 377864165; UID 10136; state: ENABLED
06-03 00:04:14.460  9329  9329 I Wearable.weather_9329_9329: WeatherLocationService.onStartCommand  isHighAccuracy:false  commandNum:1
06-03 00:04:14.460  9329  9329 I Wearable.weather_9329_9329: WeatherLocationService.startForeground
06-03 00:04:14.460 15767 15767 D DesktopModeFlags: Toggle override initialized to: OVERRIDE_UNSET
06-03 00:04:14.469  5731  9277 D CompatChangeReporter: Compat change id reported: 296558535; UID 10468; state: ENABLED
06-03 00:04:14.469  5731  9277 D CompatChangeReporter: Compat change id reported: 317799821; UID 10468; state: ENABLED
06-03 00:04:14.469  5731  9277 W ActivityManager: Foreground service started from background can not have location/camera/microphone access: service com.xiaomi.wearable/com.xiaomi.fitness.sync.WeatherLocationService
06-03 00:04:14.470  5731  5936 D BackgroundInstallControlService: Package event received: 0
06-03 00:04:14.471  9329 10545 I BreakSilentUpgradeAspec_9329_10545: aroundBreakSilentUpgrade: state = UPGRADE_IDLE
06-03 00:04:14.471  9329 10545 I BreakSilentUpgradeAspec_9329_10545: aroundBreakSilentUpgrade: end cost = 0
06-03 00:04:14.471  9329 10545 I Device-Sync_9329_10545: enqueue: call type = 12, id = 1
06-03 00:04:14.471  9329 10545 I Device-Sync_9329_10545: Device(2024608765)'s callback, type=101
06-03 00:04:14.471  9329 10545 I MiWearCoreClient_9329_10545: call() called with: type = 101, did = 2024608765, data = [B@a7b8d46, callback = com.xiaomi.fitness.device.contact.remote.ContactTaskQueue$callback$1@5caab07, timeout = 8000, service = com.xiaomi.wearable.core.server.IMiWearCoreImpl@cb770a5
06-03 00:04:14.471  9329 10545 I IMiWearCoreImpl_9329_10545: call() called with: type = 101, did = 2024608765, data = [B@a7b8d46, needResponse = false, callback = com.xiaomi.fitness.device.contact.remote.ContactTaskQueue$callback$1@5caab07, timeout = 8000
06-03 00:04:14.473  9329 11002 I TaskQueueV2_9329_11002: enqueue: type:3, seqNumber:0
06-03 00:04:14.473  9329 11002 I TaskQueueV2_9329_11002: runNext() called thread: Spp Dispatcher
06-03 00:04:14.473  9329 11002 I TaskQueueV2_9329_11002: change tx status to TX_STATE_BUSY
06-03 00:04:14.473  9329 11002 I TaskQueueV2_9329_11002: window [packet type: 3, seq: 172, packet type: 3, seq: 173], window size: 2, retransmission: false
06-03 00:04:14.473  9329 11002 I TaskQueueV2_9329_11002: -------------> SEND: DATA base: 172, nextseq: 174, size: 10, seq: 173, frx: 0
06-03 00:04:14.473  9329 11002 I TaskQueueV2_9329_11002: onCallback() called with: packetId = 3579, code = SEND_START, channel = TRANSPORT_CHANNEL_PB
06-03 00:04:14.473  9329 11002 I TaskQueueV2_9329_11002: sendPacket() called with: packet = L1Packet (header: Header (type: DATA, seqNumber: 173, dataLength: 10, frx: 0, crc: -9250))}, crc = -9250, mtu = 16394
06-03 00:04:14.474  6312  6678 I bt_btm_pm: system/stack/acl/btm_pm.cc:247 BTM_SetPowerMode: Current power mode is hold or pending status or pending links state:immediate:pending[5] pm_pending_link:0
06-03 00:04:14.474  9329 11002 I TaskQueueV2_9329_11002: onSendComplete() called with: packet: L1Packet (header: Header (type: DATA, seqNumber: 173, dataLength: 10, frx: 0, crc: -9250)), thread: Spp Dispatcher
06-03 00:04:14.474  9329 11002 I TaskQueueV2_9329_11002: sendTimerStart: sendItem 173
06-03 00:04:14.474  6312  6678 I bt_btm_pm: system/stack/acl/btm_pm.cc:254 BTM_SetPowerMode: Setting stored bitmask for peer:xx:xx:xx:xx:45:15
06-03 00:04:14.474  9329 11002 I TaskQueueV2_9329_11002: onCallback() called with: packetId = 3579, code = SEND_SUCCESS, channel = TRANSPORT_CHANNEL_PB
06-03 00:04:14.474  9329 11002 I TaskQueueV2_9329_11002: change tx status to TX_STATE_IDLE
06-03 00:04:14.474  9329 11002 I TaskQueueV2_9329_11002: runNext() called thread: Spp Dispatcher
06-03 00:04:14.474  9329 11002 I TaskQueueV2_9329_11002: change tx status to TX_STATE_BUSY
06-03 00:04:14.474  9329 11002 I TaskQueueV2_9329_11002: change tx status to TX_STATE_IDLE
06-03 00:04:14.476  8942 20440 I etdk    : (REDACTED) HDM. appOpsListener %s %s
06-03 00:04:14.476  8942 20440 I etdk    : (REDACTED) HDM. Ignoring irrelevant audio permission changes for package %s
06-03 00:04:14.483  5731  5750 V WindowManager: Sent Transition (#326) createdAt=06-03 00:04:14.414 via request=TransitionRequestInfo { type = OPEN, triggerTask = TaskInfo{userId=0 taskId=12059 effectiveUid=10136 displayId=0 isRunning=true baseIntent=Intent { flg=0x10000000 cmp=com.example.musicfy.debug/com.example.musicfy.WelcomeActivity } baseActivity=ComponentInfo{com.example.musicfy.debug/com.example.musicfy.WelcomeActivity} topActivity=ComponentInfo{com.example.musicfy.debug/com.example.musicfy.MainActivity} origActivity=null realActivity=ComponentInfo{com.example.musicfy.debug/com.example.musicfy.WelcomeActivity} numActivities=2 lastActiveTime=22118301 supportsMultiWindow=true resizeMode=1 isResizeable=true minWidth=-1 minHeight=-1 defaultMinSize=220 token=WCT{RemoteToken{81ac77 Task{e5da52 #12059 type=standard A=10136:com.example.musicfy.debug}}} topActivityType=1 pictureInPictureParams=null shouldDockBigOverlays=false launchIntoPipHostTaskId=-1 lastParentTaskIdBeforePip=-1 displayCutoutSafeInsets=Rect(0, 0 - 0, 0) topActivityInfo=ActivityInfo{5c7954f com.example.musicfy.MainActivity} launchCookies=[] positionInParent=Point(0, 0) parentTaskId=-1 isFocused=true isVisible=true isVisibleRequested=true isTopActivityNoDisplay=false isSleeping=false locusId=null displayAreaFeatureId=1 isTopActivityTransparent=false isActivityStackTransparent=false lastNonFullscreenBounds=null capturedLink=null capturedLinkTimestamp=0 requestedVisibleTypes=503 topActivityRequestOpenInBrowserEducationTimestamp=0 appCompatTaskInfo=AppCompatTaskInfo { topActivityInSizeCompat=false isLeafTask= true eligibleForLetterboxEducation= false isLetterboxEducationEnabled= false isLetterboxDoubleTapEnabled= false eligibleForUserAspectRatioButton= false topActivityBoundsLetterboxed= false isFromLetterboxDoubleTap= false topActivityLetterboxVerticalPosition= -1 topActivityLetterboxHorizontalPosition= -1 topActivityLetterboxWidth=-1 topActivityLetterboxHeight=-1 topActivityAppBounds=Rect(0, 0 - 1220, 2712) isUserFullscreenOverrideEnabled=false isSystemFullscreenOverrideEnabled=false hasMinAspectRatioOverride=false topActivityLetterboxBounds=null cameraCompatTaskInfo=CameraCompatTaskInfo { cameraCompatMode=undefinedundefined} topNonResizableActivityAspectRatio=-1.0} topActivityMainWindowFrame=null isAppBubble=false isTopAppLocked=false}, pipChange = null, remoteTransition = null, displayChange = null, requestedLocation = null, userChange = null, windowingLayerChange = null, flags = 0, debugId = 326 }
06-03 00:04:14.483  5731  5750 V WindowManager:     startWCT=WindowContainerTransaction { changes= {} hops= [] errorCallbackToken=null taskFragmentOrganizer=null }
06-03 00:04:14.483  5731  5750 V WindowManager:     info={id=326 t=OPEN f=0x0 trk=0 r=[0@Point(0, 0)] c=[
06-03 00:04:14.483  5731  5750 V WindowManager:         {m=OPEN f=STARTING_WINDOW_TRANSFER|FILLS_TASK|IS_BEHIND_STARTING_WINDOW leash=Surface(name=ActivityRecord{243074176 u0 com.example.musicfy.debug/com.example.musicfy.MainActivity t12059}#4238)/@0xd9a2429 sb=Rect(0, 0 - 0, 0) eb=Rect(0, 0 - 1220, 2712) epz=Point(1220, 2712) d=-1->0 r=-1->0:-1 bc=fffafafa activity=ActivityTransitionInfo { component = ComponentInfo{com.example.musicfy.debug/com.example.musicfy.MainActivity}, taskId = 12059, appCompatTransitionInfo = null }},
06-03 00:04:14.483  5731  5750 V WindowManager:         {m=CLOSE f=FILLS_TASK|IS_BEHIND_STARTING_WINDOW|IS_OCCLUDED leash=Surface(name=ActivityRecord{131206877 u0 com.example.musicfy.debug/com.example.musicfy.WelcomeActivity t12059}#4231)/@0x91a8db0 sb=Rect(0, 0 - 1220, 2712) eb=Rect(0, 0 - 1220, 2712) epz=Point(1220, 2712) d=0 bc=fffafafa activity=ActivityTransitionInfo { component = ComponentInfo{com.example.musicfy.debug/com.example.musicfy.WelcomeActivity}, taskId = 12059, appCompatTransitionInfo = null }}
06-03 00:04:14.483  5731  5750 V WindowManager:     ]}
06-03 00:04:14.484  5731  5936 D BackgroundInstallControlService: Package event received: 0
06-03 00:04:14.485  5731  5936 D BackgroundInstallControlService: Package event received: 0
06-03 00:04:14.485  5731  5936 D BackgroundInstallControlService: Package event received: 0
06-03 00:04:14.486  9329  9329 I WeatherLocationService_9329_9329: config : true
06-03 00:04:14.486  9329  9329 I GlobalWeatherLocationManager_9329_9329: invokeLocation ,isPositioning:false
06-03 00:04:14.486  9329  9329 I GlobalWeatherLocationManager_9329_9329: use global location
06-03 00:04:14.486  9329  9329 I GlobalWeatherLocationManager_9329_9329: requestLocationUpdates
06-03 00:04:14.491  5989  6024 V ShellDesktopMode: DesktopModeLogger: taskInfo map after processing changes 0
06-03 00:04:14.494  9329  9329 I Wearable.weather_9329_9329: WeatherLocationService.onStartCommand  end
06-03 00:04:14.499 16088 16088 D ApplicationLoaders: Returning zygote-cached class loader: /system/framework/org.apache.http.legacy.jar
06-03 00:04:14.499 16088 16088 D ApplicationLoaders: Returning zygote-cached class loader: /system_ext/framework/androidx.window.extensions.jar
06-03 00:04:14.499 16088 16088 D ApplicationLoaders: Returning zygote-cached class loader: /system_ext/framework/androidx.window.sidecar.jar
06-03 00:04:14.527  1380  6785 I vendor.qti.bluetooth@1.0-ibs_handler: ProcessIbsCmd: Received IBS_SLEEP_IND: 0xFE
