06-03 00:04:16.487  5731  5936 D BackgroundInstallControlService: Package event received: 0
06-03 00:04:16.487  1444  1444 I sensors-hal: batch:220, android.sensor.linear_acceleration/101, period=30000000, max_latency=0 request completed
06-03 00:04:16.488  1444  1444 I sensors-hal: flush:240, android.sensor.linear_acceleration/101
06-03 00:04:16.488  1444  1444 I sensors-hal: send_sync_sensor_request:429, send sync request
06-03 00:04:16.488  1444  1444 I sensors-hal: send_sync_sensor_request:455, wait for notification of response
06-03 00:04:16.488  1444 12664 I sensors-hal: ssc_conn_resp_cb:740, resp_value = 0
06-03 00:04:16.488  1444  1444 I sensors-hal: send_sync_sensor_request:461, takes 0 ms to receive the response with 0
06-03 00:04:16.488  1444  1444 I sensors-hal: flush:246, android.sensor.linear_acceleration/101 completed
06-03 00:04:16.492  1444  1444 I UsProximitySensor: MIUS:SHAL: samplingPeriodNs() enter, samplingPeriodNs = 200000000
06-03 00:04:16.492  1444  1444 I UsProximitySensor: MIUS:SHAL: samplingPeriodNs() exit
06-03 00:04:16.492  1444  1444 I UsProximitySensor: MIUS:SHAL: activate() enter, enable = 1,
06-03 00:04:16.493  1444  1444 I MIUS    : MIUS:  enter ultraSoundEnable(), enable = 1 
06-03 00:04:16.493  1444  1444 I MIUS    : MIUS:  enter snsClientRequest()
06-03 00:04:16.493  5731  5936 D BackgroundInstallControlService: Package event received: 0
06-03 00:04:16.493  1444  1444 D MIUS    : MIUS: snsClientRequest(): write to server 72
06-03 00:04:16.493  5623  5669 I MIUS    : MIUS: audio_handle_client_sock() received client connect 22
06-03 00:04:16.497  5623  5669 I MIUS    : MIUS:  got ULTRASOUND_ENABLE_CMD, payload[1]
06-03 00:04:16.497  5623  5669 D AHAL: AudioDeviceCustom: SetParameters ultrasound-proximity=1
06-03 00:04:16.499  5623  5669 D AHAL: AudioDevice: SetParameters: 1587: enter: ultrasound-proximity=1
06-03 00:04:16.499  5623  5669 D AHAL: AudioVoice: VoiceSetParameters: 154: Enter params: ultrasound-proximity=1
06-03 00:04:16.499  5623  5669 D AHAL: AudioVoice: VoiceSetParameters: 375: Exit ret: 0
06-03 00:04:16.499  5623  5669 D AHAL: FM: fm_set_parameters: 262: Enter
06-03 00:04:16.499  5623  5669 D AHAL: FM: fm_set_parameters: 320: exit
06-03 00:04:16.499  5623  5669 D AHAL: Loopback_karaoke: karaoke_set_parameters: Enter
06-03 00:04:16.499  5623  5669 D AHAL: Loopback_karaoke: karaoke_set_parameters: Exit
06-03 00:04:16.500  5623  5669 I AHAL: AudioDevice: SetParameters: 1718: MIUS: ultrasound-proximity[1] 
06-03 00:04:16.500  5623 16341 I MIUS    : MIUS: AsyncStartThreadLoop() enter lock, upd_state_cnt[0]
06-03 00:04:16.500  5623 16341 I MIUS    : MIUS: ultrasound-proximity start async begin
06-03 00:04:16.500  5623 16341 I MIUS    : Enter OpenAndStartUsecase
06-03 00:04:16.500  5623 16341 I PAL: API: pal_stream_open: 172: Enter, stream type:26 (PAL_STREAM_ULTRASOUND)
06-03 00:04:16.500  5623 16341 D PAL: Stream: create: 111: Enter.
06-03 00:04:16.500  5623 16341 D PAL: Stream: create: 159: isComboHeadsetActive false
06-03 00:04:16.500  5623 16341 D PAL: Stream: create: 164: dattr sound card is = 0x0
06-03 00:04:16.500  5623 16341 D PAL: Stream: create: 181: no custom key found
06-03 00:04:16.500  5623 16341 D PAL: ResourceManager: getDeviceInfo: 1737: enter
06-03 00:04:16.500  5623 16341 D PAL: ResourceManager: getDeviceConfig: 2354: device id 0x14 (PAL_DEVICE_OUT_ULTRASOUND) channels 1 samplerate 96000, bitwidth 16 format 1 SndDev ultrasound-handset priority 0xffffffff
06-03 00:04:16.500  5623 16341 D PAL: ResourceManager: checkAndUpdateGroupDevConfig: 5517: virtual port enabled for device 20
06-03 00:04:16.500  5623 16341 D PAL: Stream: getAssociatedDevices: 578: no. of devices 1
06-03 00:04:16.500  5623 16341 I PAL: ResourceManager: getActiveStream_l: 5175: no active streams found for device 3 ret -2
06-03 00:04:16.500  5623 16341 D PAL: Stream: getAssociatedDevices: 578: no. of devices 1
06-03 00:04:16.500  5623 16341 I PAL: ResourceManager: getActiveStream_l: 5175: no active streams found for device 2 ret -2
06-03 00:04:16.500  5623 16341 E PAL: Device: getInstance: 219: Unsupported device id 0
06-03 00:04:16.500  5623 16341 D PAL: Stream: create: 159: isComboHeadsetActive false
06-03 00:04:16.500  5623 16341 D PAL: Stream: create: 164: dattr sound card is = 0x0
06-03 00:04:16.500  5623 16341 D PAL: Stream: create: 181: no custom key found
06-03 00:04:16.500  5623 16341 D PAL: ResourceManager: getDeviceInfo: 1737: enter
06-03 00:04:16.500  5623 16341 D PAL: ResourceManager: getDeviceConfig: 2354: device id 0x28 (PAL_DEVICE_IN_ULTRASOUND_MIC) channels 1 samplerate 96000, bitwidth 16 format 1 SndDev ultrasound-mic priority 0xffffffff
06-03 00:04:16.500  5623 16341 D PAL: Stream: create: 204: stream type 0x1a (PAL_STREAM_ULTRASOUND)
06-03 00:04:16.500  5623 16341 D PAL: ResourceManager: isStreamSupported: 2377: Enter. type 26
06-03 00:04:16.500  5623 16341 D PAL: ResourceManager: isStreamSupported: 2589: Exit. result 1
06-03 00:04:16.500  5623 16341 D PAL: StreamCommon: StreamCommon: 73: Enter
06-03 00:04:16.500  5623 16341 D PAL: ResourceManager: updateDeviceConfig: 6860: Enter
06-03 00:04:16.500  5623 16341 D PAL: ResourceManager: getDeviceInfo: 1737: enter
06-03 00:04:16.500  5623 16341 D PAL: ResourceManager: checkAndUpdateGroupDevConfig: 5517: virtual port enabled for device 20
06-03 00:04:16.500  5623 16341 D PAL: Stream: getAssociatedDevices: 578: no. of devices 1
06-03 00:04:16.500  5623 16341 I PAL: ResourceManager: getActiveStream_l: 5175: no active streams found for device 3 ret -2
06-03 00:04:16.500  5623 16341 D PAL: Stream: getAssociatedDevices: 578: no. of devices 1
06-03 00:04:16.500  5623 16341 I PAL: ResourceManager: getActiveStream_l: 5175: no active streams found for device 2 ret -2
06-03 00:04:16.500  5623 16341 E PAL: Device: getInstance: 219: Unsupported device id 0
06-03 00:04:16.500  5623 16341 D PAL: Stream: getAssociatedDevices: 578: no. of devices 1
06-03 00:04:16.500  5623 16341 I PAL: ResourceManager: getActiveStream_l: 5175: no active streams found for device 20 ret -2
06-03 00:04:16.500  5623 16341 D PAL: ResourceManager: getSharedBEActiveStreamDevs: 6388: got dev 20 (PAL_DEVICE_OUT_ULTRASOUND) active streams on dev is 0
06-03 00:04:16.500  5623 16341 D PAL: ResourceManager: updateSndName: 7549: Updated snd device to ultrasound-handset for device PAL_DEVICE_OUT_ULTRASOUND
06-03 00:04:16.500  5623 16341 I PAL: Device: setDeviceAttributes: 368: DeviceAttributes for Device Id 20 (PAL_DEVICE_OUT_ULTRASOUND) updated
06-03 00:04:16.500  5623 16341 D PAL: ResourceManager: updateDeviceConfig: 7007: Exit
06-03 00:04:16.500  5623 16341 D PAL: ResourceManager: updateDeviceConfig: 6860: Enter
06-03 00:04:16.500  5623 16341 D PAL: ResourceManager: getDeviceInfo: 1737: enter
06-03 00:04:16.500  5623 16341 D PAL: Stream: getAssociatedDevices: 578: no. of devices 1
06-03 00:04:16.500  5623 16341 I PAL: ResourceManager: getActiveStream_l: 5175: no active streams found for device 40 ret -2
06-03 00:04:16.500  5623 16341 D PAL: ResourceManager: getSharedBEActiveStreamDevs: 6388: got dev 40 (PAL_DEVICE_IN_ULTRASOUND_MIC) active streams on dev is 0
06-03 00:04:16.500  5623 16341 D PAL: ResourceManager: updateSndName: 7549: Updated snd device to ultrasound-mic for device PAL_DEVICE_IN_ULTRASOUND_MIC
06-03 00:04:16.500  5623 16341 I PAL: Device: setDeviceAttributes: 368: DeviceAttributes for Device Id 40 (PAL_DEVICE_IN_ULTRASOUND_MIC) updated
06-03 00:04:16.500  5623 16341 D PAL: ResourceManager: updateDeviceConfig: 7007: Exit
06-03 00:04:16.500  5623 16341 D PAL: StreamCommon: StreamCommon: 144: Exit. state 0
06-03 00:04:16.500  5623 16341 I PAL: StreamUltraSound: StreamUltraSound: 82: Start
06-03 00:04:16.500  5623 16341 D PAL: ResourceManager: registerStream: 2605: Enter. stream 0xb4000077c3960a50K
06-03 00:04:16.500  5623 16341 D PAL: Stream: getStreamType: 479: streamType - 26 (PAL_STREAM_ULTRASOUND)
06-03 00:04:16.500  5623 16341 D PAL: ResourceManager: registerStream: 2611: stream type 26 (PAL_STREAM_ULTRASOUND)
06-03 00:04:16.500  5623 16341 D PAL: ResourceManager: registerStream: 2760: Exit. ret 0
06-03 00:04:16.500  5623 16341 I PAL: StreamUltraSound: StreamUltraSound: 86: Open Start
06-03 00:04:16.500 16088 16192 W VideoCapabilities: Unsupported mime image/vnd.android.heic
06-03 00:04:16.500  5623 16341 I PAL: StreamUltraSound: StreamUltraSound: 88: Open done
06-03 00:04:16.500  5623 16341 E PAL: StreamUltraSound: StreamUltraSound: 90: ERROR: Failed to open /data/vendor/audio/elliptic_debug_dump, errno 2
06-03 00:04:16.500  5623 16341 I PAL: StreamUltraSound: StreamUltraSound: 94: Open Start
06-03 00:04:16.501  5623 16341 I PAL: StreamUltraSound: StreamUltraSound: 96: Open done
06-03 00:04:16.501  5623 16341 E PAL: StreamUltraSound: StreamUltraSound: 98: ERROR: Failed to open /data/vendor/audio/elliptic_calib_v2, errno 2
06-03 00:04:16.501  5623 16341 D PAL: Stream: create: 319: Exit stream 0xb4000077c3960a50K create successful
06-03 00:04:16.501  5623 16341 D PAL: StreamCommon: open: 173: Enter. session handle - 0xb400007873952f70K device count - 2
06-03 00:04:16.501  5623 16341 D PAL: SessionAlsaPcm: open: 99: Enter
06-03 00:04:16.501  5623 16341 D PAL: Stream: getAssociatedDevices: 578: no. of devices 2
06-03 00:04:16.501  5623 16341 D PAL: ResourceManager: getBackEndNames: 6462: getBackEndNames (RX): TDM-LPAIF_VA-RX-PRIMARY-VIRT-1
06-03 00:04:16.501  5623 16341 D PAL: ResourceManager: getBackEndNames: 6464: getBackEndNames (TX): CODEC_DMA-LPAIF_RXTX-TX-4
06-03 00:04:16.501  5623 16341 D PAL: ResourceManager: getVirtualAudioMixer: 3659: ar 0xb400007873952fb8K audio_virt_mixer 0xb4000077c395d410K
06-03 00:04:16.501  5623 16341 I PAL: ResourceManager: allocateFrontEndIds: 6040: allocateFrontEndIds: front end 123
06-03 00:04:16.501  5623 16341 I PAL: ResourceManager: allocateFrontEndIds: 6055: allocateFrontEndIds: front end 121
06-03 00:04:16.501  5623 16341 D PAL: Stream: getAssociatedDevices: 578: no. of devices 2
06-03 00:04:16.501  5623 16341 D PAL: ResourceManager: getVirtualAudioMixer: 3659: ar 0x76a87f2f10K audio_virt_mixer 0xb4000077c395d410K
06-03 00:04:16.501  5623 16341 D PAL: ResourceManager: getDeviceInfo: 1737: enter
06-03 00:04:16.501  5623 16341 D PAL: PayloadBuilder: populateStreamKV: 2267: Enter
06-03 00:04:16.501  5623 16341 I PAL: PayloadBuilder: populateStreamKV: 2281: stream type 26 (PAL_STREAM_ULTRASOUND)
06-03 00:04:16.501  5623 16341 D PAL: PayloadBuilder: retrieveKVs: 2457: Enter
06-03 00:04:16.501  5623 16341 D PAL: PayloadBuilder: isIdTypeAvailable: 2652: idtype :26 passed type :26
06-03 00:04:16.501  5623 16341 D PAL: PayloadBuilder: compareSelectorPairs: 2377: Enter: selector size: 1 filled_sel size: 1
06-03 00:04:16.501  5623 16341 D PAL: PayloadBuilder: compareSelectorPairs: 2384: Return True
06-03 00:04:16.501  5623 16341 D PAL: PayloadBuilder: compareSelectorPairs: 2403: Exit result: 1
06-03 00:04:16.501  5623 16341 I PAL: PayloadBuilder: findKVs: 2425: key: 0xa1000000 value: 0xa1000016
06-03 00:04:16.501  5623 16341 D PAL: PayloadBuilder: retrieveKVs: 2461: KVs found for the stream type/dev id: 26
06-03 00:04:16.501  5623 16341 D PAL: PayloadBuilder: retrieveKVs: 2487: Exit, status 0
06-03 00:04:16.501  5623 16341 D PAL: PayloadBuilder: populateStreamKV: 2324: Exit, status 0
06-03 00:04:16.501  5623 16341 D PAL: PayloadBuilder: populateStreamPPKV: 2337: Enter
06-03 00:04:16.501  5623 16341 I PAL: PayloadBuilder: populateStreamPPKV: 2351: stream type 26
06-03 00:04:16.501  5623 16341 D PAL: PayloadBuilder: populateStreamPPKV: 2359: KVs not provided for stream type:26
06-03 00:04:16.501  5623 16341 D PAL: PayloadBuilder: populateStreamPPKV: 2365: Exit, status 0
06-03 00:04:16.501  5623 16341 D PAL: PayloadBuilder: populateDeviceKV: 2861: Enter
06-03 00:04:16.501  5623 16341 D PAL: Stream: getSoundCardId: 631: sound card id = 0x0
06-03 00:04:16.501  5623 16341 I PAL: PayloadBuilder: populateDeviceKV: 2821: Enter device id:20 (PAL_DEVICE_OUT_ULTRASOUND)
06-03 00:04:16.501  5623 16341 D PAL: PayloadBuilder: retrieveSelectors: 2662: Enter: size_of_all :25 type:20
06-03 00:04:16.501  5623 16341 D PAL: PayloadBuilder: isIdTypeAvailable: 2652: idtype :20 passed type :20
06-03 00:04:16.501  5623 16341 D PAL: PayloadBuilder: retrieveSelectors: 2667: KeysAndValues_size: 1
06-03 00:04:16.501  5623 16341 D PAL: PayloadBuilder: retrieveKVs: 2457: Enter
06-03 00:04:16.501  5623 16341 D PAL: PayloadBuilder: isIdTypeAvailable: 2652: idtype :20 passed type :20
06-03 00:04:16.501  5623 16341 I PAL: PayloadBuilder: findKVs: 2438: key: 0xa2000000 value: 0xa200000a
06-03 00:04:16.501  5623 16341 D PAL: PayloadBuilder: retrieveKVs: 2461: KVs found for the stream type/dev id: 20
06-03 00:04:16.501  5623 16341 D PAL: PayloadBuilder: retrieveKVs: 2487: Exit, status 0
06-03 00:04:16.501  5623 16341 I PAL: PayloadBuilder: populateDeviceKV: 2849: Exit device id:20 (PAL_DEVICE_OUT_ULTRASOUND), status 0
06-03 00:04:16.501  5623 16341 D PAL: Stream: getSoundCardId: 631: sound card id = 0x0
06-03 00:04:16.501  5623 16341 I PAL: PayloadBuilder: populateDeviceKV: 2821: Enter device id:40 (PAL_DEVICE_IN_ULTRASOUND_MIC)
06-03 00:04:16.501  5623 16341 D PAL: PayloadBuilder: retrieveSelectors: 2662: Enter: size_of_all :25 type:40
06-03 00:04:16.501  5623 16341 D PAL: PayloadBuilder: isIdTypeAvailable: 2652: idtype :40 passed type :40
06-03 00:04:16.501  5623 16341 D PAL: PayloadBuilder: retrieveSelectors: 2667: KeysAndValues_size: 1
06-03 00:04:16.501  5623 16341 D PAL: PayloadBuilder: retrieveKVs: 2457: Enter
06-03 00:04:16.501  5623 16341 D PAL: PayloadBuilder: isIdTypeAvailable: 2652: idtype :40 passed type :40
06-03 00:04:16.501  5623 16341 I PAL: PayloadBuilder: findKVs: 2438: key: 0xa3000000 value: 0xa300000b
06-03 00:04:16.501  5623 16341 D PAL: PayloadBuilder: retrieveKVs: 2461: KVs found for the stream type/dev id: 40
06-03 00:04:16.501  5623 16341 D PAL: PayloadBuilder: retrieveKVs: 2487: Exit, status 0
06-03 00:04:16.501  5623 16341 I PAL: PayloadBuilder: populateDeviceKV: 2849: Exit device id:40 (PAL_DEVICE_IN_ULTRASOUND_MIC), status 0
06-03 00:04:16.501  5623 16341 D PAL: PayloadBuilder: populateDeviceKV: 2882: Exit, status 0
06-03 00:04:16.501  5623 16341 D PAL: PayloadBuilder: populateDevicePPKV: 2960: Enter
06-03 00:04:16.501  5623 16341 I PAL: PayloadBuilder: populateDevicePPKV: 2964: Rx device id:20 (PAL_DEVICE_OUT_ULTRASOUND)
06-03 00:04:16.501  5623 16341 D PAL: PayloadBuilder: retrieveSelectors: 2662: Enter: size_of_all :18 type:20
06-03 00:04:16.501  5623 16341 D PAL: PayloadBuilder: retrieveKVs: 2457: Enter
06-03 00:04:16.501  5623 16341 I PAL: PayloadBuilder: retrieveKVs: 2482: No KVs found for the stream type/dev id: 20
06-03 00:04:16.501  5623 16341 D PAL: PayloadBuilder: retrieveKVs: 2487: Exit, status -22
06-03 00:04:16.501  5623 16341 I PAL: PayloadBuilder: populateDevicePPKV: 2983: Tx device id:40 (PAL_DEVICE_IN_ULTRASOUND_MIC)
06-03 00:04:16.501  5623 16341 D PAL: PayloadBuilder: retrieveSelectors: 2662: Enter: size_of_all :18 type:40
06-03 00:04:16.501  5623 16341 D PAL: PayloadBuilder: isIdTypeAvailable: 2652: idtype :40 passed type :40
06-03 00:04:16.501  5623 16341 D PAL: PayloadBuilder: retrieveSelectors: 2667: KeysAndValues_size: 1
06-03 00:04:16.501  5623 16341 D PAL: PayloadBuilder: retrieveKVs: 2457: Enter
06-03 00:04:16.501  5623 16341 D PAL: PayloadBuilder: isIdTypeAvailable: 2652: idtype :40 passed type :40
06-03 00:04:16.501  5623 16341 I PAL: PayloadBuilder: findKVs: 2438: key: 0xad000000 value: 0xad000011
06-03 00:04:16.501  5623 16341 D PAL: PayloadBuilder: retrieveKVs: 2461: KVs found for the stream type/dev id: 40
06-03 00:04:16.501  5623 16341 D PAL: PayloadBuilder: retrieveKVs: 2487: Exit, status 0
06-03 00:04:16.501  5623 16341 D PAL: PayloadBuilder: populateDevicePPKV: 2996: Exit, status: 0
06-03 00:04:16.501  5623 16341 D PAL: PayloadBuilder: populateStreamKV: 2267: Enter
06-03 00:04:16.501  5623 16341 I PAL: PayloadBuilder: populateStreamKV: 2281: stream type 26 (PAL_STREAM_ULTRASOUND)
06-03 00:04:16.501  5623 16341 D PAL: PayloadBuilder: retrieveKVs: 2457: Enter
06-03 00:04:16.501  5623 16341 D PAL: PayloadBuilder: isIdTypeAvailable: 2652: idtype :26 passed type :26
06-03 00:04:16.501  5623 16341 D PAL: PayloadBuilder: compareSelectorPairs: 2377: Enter: selector size: 1 filled_sel size: 1
06-03 00:04:16.501  5623 16341 D PAL: PayloadBuilder: compareSelectorPairs: 2384: Return True
06-03 00:04:16.501  5623 16341 D PAL: PayloadBuilder: compareSelectorPairs: 2403: Exit result: 1
06-03 00:04:16.501  5623 16341 I PAL: PayloadBuilder: findKVs: 2425: key: 0xa1000000 value: 0xa1000016
06-03 00:04:16.501  5623 16341 D PAL: PayloadBuilder: retrieveKVs: 2461: KVs found for the stream type/dev id: 26
06-03 00:04:16.501  5623 16341 D PAL: PayloadBuilder: retrieveKVs: 2487: Exit, status 0
06-03 00:04:16.501  5623 16341 D PAL: PayloadBuilder: populateStreamKV: 2324: Exit, status 0
06-03 00:04:16.501  5623 16341 D PAL: PayloadBuilder: populateStreamKV: 2267: Enter
06-03 00:04:16.501  5623 16341 I PAL: PayloadBuilder: populateStreamKV: 2281: stream type 26 (PAL_STREAM_ULTRASOUND)
06-03 00:04:16.501  5623 16341 D PAL: PayloadBuilder: retrieveKVs: 2457: Enter
06-03 00:04:16.501  5623 16341 D PAL: PayloadBuilder: isIdTypeAvailable: 2652: idtype :26 passed type :26
06-03 00:04:16.501  5623 16341 D PAL: PayloadBuilder: compareSelectorPairs: 2377: Enter: selector size: 1 filled_sel size: 1
06-03 00:04:16.501  5623 16341 D PAL: PayloadBuilder: compareSelectorPairs: 2384: Return True
06-03 00:04:16.501  5623 16341 D PAL: PayloadBuilder: compareSelectorPairs: 2403: Exit result: 1
06-03 00:04:16.501  5623 16341 I PAL: PayloadBuilder: findKVs: 2425: key: 0xa1000000 value: 0xa1000016
06-03 00:04:16.501  5623 16341 D PAL: PayloadBuilder: retrieveKVs: 2461: KVs found for the stream type/dev id: 26
06-03 00:04:16.501  5623 16341 D PAL: PayloadBuilder: retrieveKVs: 2487: Exit, status 0
06-03 00:04:16.501  5623 16341 D PAL: PayloadBuilder: populateStreamKV: 2324: Exit, status 0
06-03 00:04:16.501  5623 16341 D PAL: PayloadBuilder: populateDeviceKV: 2861: Enter
06-03 00:04:16.501  5623 16341 D PAL: Stream: getSoundCardId: 631: sound card id = 0x0
06-03 00:04:16.501  5623 16341 I PAL: PayloadBuilder: populateDeviceKV: 2821: Enter device id:20 (PAL_DEVICE_OUT_ULTRASOUND)
06-03 00:04:16.501  5623 16341 D PAL: PayloadBuilder: retrieveSelectors: 2662: Enter: size_of_all :25 type:20
06-03 00:04:16.501  5623 16341 D PAL: PayloadBuilder: isIdTypeAvailable: 2652: idtype :20 passed type :20
06-03 00:04:16.501  5623 16341 D PAL: PayloadBuilder: retrieveSelectors: 2667: KeysAndValues_size: 1
06-03 00:04:16.501  5623 16341 D PAL: PayloadBuilder: retrieveKVs: 2457: Enter
06-03 00:04:16.501  5623 16341 D PAL: PayloadBuilder: isIdTypeAvailable: 2652: idtype :20 passed type :20
06-03 00:04:16.501  5623 16341 I PAL: PayloadBuilder: findKVs: 2438: key: 0xa2000000 value: 0xa200000a
06-03 00:04:16.501  5623 16341 D PAL: PayloadBuilder: retrieveKVs: 2461: KVs found for the stream type/dev id: 20
06-03 00:04:16.501  5623 16341 D PAL: PayloadBuilder: retrieveKVs: 2487: Exit, status 0
06-03 00:04:16.501  5623 16341 I PAL: PayloadBuilder: populateDeviceKV: 2849: Exit device id:20 (PAL_DEVICE_OUT_ULTRASOUND), status 0
06-03 00:04:16.501  5623 16341 D PAL: Stream: getSoundCardId: 631: sound card id = 0x0
06-03 00:04:16.501  5623 16341 I PAL: PayloadBuilder: populateDeviceKV: 2821: Enter device id:40 (PAL_DEVICE_IN_ULTRASOUND_MIC)
06-03 00:04:16.501  5623 16341 D PAL: PayloadBuilder: retrieveSelectors: 2662: Enter: size_of_all :25 type:40
06-03 00:04:16.501  5623 16341 D PAL: PayloadBuilder: isIdTypeAvailable: 2652: idtype :40 passed type :40
06-03 00:04:16.501  5623 16341 D PAL: PayloadBuilder: retrieveSelectors: 2667: KeysAndValues_size: 1
06-03 00:04:16.501  5623 16341 D PAL: PayloadBuilder: retrieveKVs: 2457: Enter
06-03 00:04:16.501  5623 16341 D PAL: PayloadBuilder: isIdTypeAvailable: 2652: idtype :40 passed type :40
06-03 00:04:16.501  5623 16341 I PAL: PayloadBuilder: findKVs: 2438: key: 0xa3000000 value: 0xa300000b
06-03 00:04:16.501  5623 16341 D PAL: PayloadBuilder: retrieveKVs: 2461: KVs found for the stream type/dev id: 40
06-03 00:04:16.501  5623 16341 D PAL: PayloadBuilder: retrieveKVs: 2487: Exit, status 0
06-03 00:04:16.501  5623 16341 I PAL: PayloadBuilder: populateDeviceKV: 2849: Exit device id:40 (PAL_DEVICE_IN_ULTRASOUND_MIC), status 0
06-03 00:04:16.501  5623 16341 D PAL: PayloadBuilder: populateDeviceKV: 2882: Exit, status 0
06-03 00:04:16.501  5623 16341 D PAL: SessionAlsaUtils: open: 1555: Speaker protection enabled
06-03 00:04:16.501  5623 16341 D PAL: SessionAlsaUtils: getFeMixerControl: 321: mixer control PCM123 control
06-03 00:04:16.501  5623 16341 D PAL: SessionAlsaUtils: getFeMixerControl: 321: mixer control PCM121 control
06-03 00:04:16.501  5623 16341 D PAL: SessionAlsaUtils: getFeMixerControl: 321: mixer control PCM123 metadata
06-03 00:04:16.501  5623 16341 D PAL: SessionAlsaUtils: getFeMixerControl: 321: mixer control PCM121 metadata
06-03 00:04:16.501  5623 16341 D PAL: SessionAlsaUtils: getFeMixerControl: 321: mixer control PCM123 connect
06-03 00:04:16.501  5623 16341 D PAL: SessionAlsaUtils: getFeMixerControl: 321: mixer control PCM121 connect
06-03 00:04:16.501  5623 16341 D PAL: SessionAlsaUtils: getBeMixerControl: 335: mixer control TDM-LPAIF_VA-RX-PRIMARY-VIRT-1 metadata
06-03 00:04:16.501  5623 16341 D PAL: SessionAlsaUtils: getBeMixerControl: 335: mixer control CODEC_DMA-LPAIF_RXTX-TX-4 metadata
06-03 00:04:16.503  1481  2640 I AGM: device: device_set_metadata: 697 Setting device metadata for CODEC_DMA-LPAIF_RXTX-TX-4
06-03 00:04:16.503  1481  2640 D AGM: metadata: metadata_print: 80 *************************Metadata*************************
06-03 00:04:16.503  1481  2640 D AGM: metadata: metadata_print: 81 GKV size:1
06-03 00:04:16.503  1481  2640 D AGM: metadata: metadata_print: 84 key:0xa3000000, value:0xa300000b 
06-03 00:04:16.503  1481  2640 D AGM: metadata: metadata_print: 89 
06-03 00:04:16.503  1481  2640 D AGM: metadata: CKV count:0
06-03 00:04:16.503  1481  2640 D AGM: metadata: metadata_print: 95 
06-03 00:04:16.503  1481  2640 D AGM: metadata: metadata_print: 97 Property ID:134217744 (0x00000010)
06-03 00:04:16.503  1481  2640 D AGM: metadata: metadata_print: 98 property count:2
06-03 00:04:16.503  1481  2640 D AGM: metadata: metadata_print: 101 Property Values: 
06-03 00:04:16.503  1481  2640 D AGM: metadata: metadata_print: 103 0x2 
06-03 00:04:16.503  1481  2640 D AGM: metadata: metadata_print: 103 0x5 
06-03 00:04:16.503  1481  2640 D AGM: metadata: metadata_print: 105 
06-03 00:04:16.503  1481  2640 D AGM: metadata: metadata_print: 106 ****************Metadata Done***************************
06-03 00:04:16.503  1481  2640 D AGM: metadata: 
06-03 00:04:16.503  1481  2640 I AGM: session: session_obj_set_sess_aif_metadata: 1755 Setting metadata for sess aif id 7
06-03 00:04:16.503  1481  2640 D AGM: metadata: metadata_print: 80 *************************Metadata*************************
06-03 00:04:16.503  1481  2640 D AGM: metadata: metadata_print: 81 GKV size:2
06-03 00:04:16.503  1481  2640 D AGM: metadata: metadata_print: 84 key:0xad000000, value:0xad000011 
06-03 00:04:16.503  1481  2640 D AGM: metadata: metadata_print: 84 key:0xa3000000, value:0xa300000b 
06-03 00:04:16.503  1481  2640 D AGM: metadata: metadata_print: 89 
06-03 00:04:16.503  1481  2640 D AGM: metadata: CKV count:0
06-03 00:04:16.503  1481  2640 D AGM: metadata: metadata_print: 95 
06-03 00:04:16.503  1481  2640 D AGM: metadata: metadata_print: 97 Property ID:134217744 (0x00000010)
06-03 00:04:16.503  1481  2640 D AGM: metadata: metadata_print: 98 property count:1
06-03 00:04:16.503  1481  2640 D AGM: metadata: metadata_print: 101 Property Values: 
06-03 00:04:16.503  1481  2640 D AGM: metadata: metadata_print: 103 0x3 
06-03 00:04:16.503  1481  2640 D AGM: metadata: metadata_print: 105 
06-03 00:04:16.503  1481  2640 D AGM: metadata: metadata_print: 106 ****************Metadata Done***************************
06-03 00:04:16.503  1481  2640 D AGM: metadata: 
06-03 00:04:16.503  1481  2640 I AGM: session: session_obj_set_sess_aif_metadata: 1775 Exit
06-03 00:04:16.503  1481  2640 D agm_server_wrapper: Aif id 7 already added to session list of 121
06-03 00:04:16.503  1481  2640 I AGM: API: agm_session_aif_connect: 607 connecting aifid:7 with session id=121
06-03 00:04:16.503  1481  2640 I AGM: device: device_set_metadata: 697 Setting device metadata for TDM-LPAIF_VA-RX-PRIMARY-VIRT-1
06-03 00:04:16.503  1481  2640 D AGM: metadata: metadata_print: 80 *************************Metadata*************************
06-03 00:04:16.503  1481  2640 D AGM: metadata: metadata_print: 81 GKV size:1
06-03 00:04:16.503  1481  2640 D AGM: metadata: metadata_print: 84 key:0xa2000000, value:0xa200000a 
06-03 00:04:16.503  1481  2640 D AGM: metadata: metadata_print: 89 
06-03 00:04:16.503  1481  2640 D AGM: metadata: CKV count:0
06-03 00:04:16.503  1481  2640 D AGM: metadata: metadata_print: 95 
06-03 00:04:16.503  1481  2640 D AGM: metadata: metadata_print: 97 Property ID:134217744 (0x00000010)
06-03 00:04:16.503  1481  2640 D AGM: metadata: metadata_print: 98 property count:2
06-03 00:04:16.503  1481  2640 D AGM: metadata: metadata_print: 101 Property Values: 
06-03 00:04:16.503  1481  2640 D AGM: metadata: metadata_print: 103 0x2 
06-03 00:04:16.503  1481  2640 D AGM: metadata: metadata_print: 103 0x5 
06-03 00:04:16.503  1481  2640 D AGM: metadata: metadata_print: 105 
06-03 00:04:16.503  1481  2640 D AGM: metadata: metadata_print: 106 ****************Metadata Done***************************
06-03 00:04:16.503  1481  2640 D AGM: metadata: 
06-03 00:04:16.503  1481  2640 I AGM: session: session_obj_set_sess_aif_metadata: 1755 Setting metadata for sess aif id 41
06-03 00:04:16.503  1481  2640 D AGM: metadata: metadata_print: 80 *************************Metadata*************************
06-03 00:04:16.503  1481  2640 D AGM: metadata: metadata_print: 81 GKV size:2
06-03 00:04:16.503  1481  2640 D AGM: metadata: metadata_print: 84 key:0xa1000000, value:0xa1000016 
06-03 00:04:16.503  1481  2640 D AGM: metadata: metadata_print: 84 key:0xa2000000, value:0xa200000a 
06-03 00:04:16.503  1481  2640 D AGM: metadata: metadata_print: 89 
06-03 00:04:16.503  1481  2640 D AGM: metadata: CKV count:0
06-03 00:04:16.503  1481  2640 D AGM: metadata: metadata_print: 95 
06-03 00:04:16.503  1481  2640 D AGM: metadata: metadata_print: 97 Property ID:134217744 (0x00000010)
06-03 00:04:16.503  1481  2640 D AGM: metadata: metadata_print: 98 property count:1
06-03 00:04:16.503  1481  2640 D AGM: metadata: metadata_print: 101 Property Values: 
06-03 00:04:16.503  1481  2640 D AGM: metadata: metadata_print: 103 0x3 
06-03 00:04:16.503  1481  2640 D AGM: metadata: metadata_print: 105 
06-03 00:04:16.503  1481  2640 D AGM: metadata: metadata_print: 106 ****************Metadata Done***************************
06-03 00:04:16.503  1481  2640 D AGM: metadata: 
06-03 00:04:16.503  1481  2640 I AGM: session: session_obj_set_sess_aif_metadata: 1775 Exit
06-03 00:04:16.503  1481  2640 D agm_server_wrapper: Aif id 41 already added to session list of 123
06-03 00:04:16.503  1481  2640 I AGM: API: agm_session_aif_connect: 607 connecting aifid:41 with session id=123
06-03 00:04:16.504  5623 16341 D PAL: SessionAlsaUtils: getFeMixerControl: 321: mixer control PCM121 loopback
06-03 00:04:16.504  5623 16341 D PAL: SessionAlsaPcm: open: 231: Exit status: 0
06-03 00:04:16.504  5623 16341 D PAL: ResourceManager: getPALDeviceName: 7104: id 20 (PAL_DEVICE_OUT_ULTRASOUND)
06-03 00:04:16.504  5623 16341 I PAL: Device: open: 443: Enter. deviceCount 0 for device id 20 (PAL_DEVICE_OUT_ULTRASOUND)
06-03 00:04:16.504  5623 16341 D PAL: ResourceManager: getVirtualAudioMixer: 3659: ar 0x76a87f3d18K audio_virt_mixer 0xb4000077c395d410K
06-03 00:04:16.504  5623 16341 D PAL: SessionAlsaUtils: getBeMixerControl: 335: mixer control TDM-LPAIF_VA-RX-PRIMARY grp config
06-03 00:04:16.504  5623 16341 I PAL: SessionAlsaUtils: setDeviceMediaConfig: 980: TDM-LPAIF_VA-RX-PRIMARY rate ch fmt data_fmt slot_mask 96000 3 2 1 7
06-03 00:04:16.504  5623 16341 D PAL: SessionAlsaUtils: getBeMixerControl: 335: mixer control TDM-LPAIF_VA-RX-PRIMARY-VIRT-1 rate ch fmt
06-03 00:04:16.504  5623 16341 I PAL: SessionAlsaUtils: setDeviceMediaConfig: 992: TDM-LPAIF_VA-RX-PRIMARY-VIRT-1 rate ch fmt data_fmt 96000 1 2 1
06-03 00:04:16.504  5623 16341 D PAL: ResourceManager: getAudioRoute: 3648: ar 0xb40000787394f4a0K audio_route 0xb4000078239678d0K
06-03 00:04:16.504  5623 16341 D PAL: Device: open: 467: audio_route 0xb4000078239678d0K SND device name ultrasound-handset
06-03 00:04:16.504  5623 16341 D audio_route: Apply path: ultrasound-handset
06-03 00:04:16.504  5623 16341 D PAL: ResourceManager: controlMixerCtl: 9430: isZeroDataNum:0 allStreamNum:1 isForceOpenStream:0 devicetype:20 
06-03 00:04:16.504  5623 16341 D PAL: ResourceManager: openMixerCtl: 9516: open GLOBAL_EN Control:20
06-03 00:04:16.508 16088 16219 W System.err: SLF4J(W): No SLF4J providers were found.
06-03 00:04:16.508 16088 16219 W System.err: SLF4J(W): Defaulting to no-operation (NOP) logger implementation
06-03 00:04:16.508 16088 16219 W System.err: SLF4J(W): See https://www.slf4j.org/codes.html#noProviders for further details.
06-03 00:04:16.508  5623  5669 I MIUS    : MIUS: _ultrasound_start_async() success 
06-03 00:04:16.508  5623  5669 D AHAL: AudioDevice: SetParameters: 2472: exit: ultrasound-proximity=1
06-03 00:04:16.508  5731  6156 W ActivityManager: Background start not allowed: service Intent { act=com.facebook.rti.fbns.intent.REGISTER xflg=0x4 cmp=com.instagram.android/com.facebook.rti.pushv2.inapp.InappFbnsService (has extras) } to com.instagram.android/com.facebook.rti.pushv2.inapp.InappFbnsService from pid=16088 uid=10466 pkg=com.instagram.android startFg?=false
06-03 00:04:16.508  1444  1444 I MIUS    : MIUS:  exit snsClientRequest()
06-03 00:04:16.508  1444  1444 I MIUS    : MIUS:  exit ultraSoundEnable()
06-03 00:04:16.508  1444  1444 I UsProximitySensor: MIUS:SHAL: activate() in critical section
06-03 00:04:16.508  1444  1444 I UsProximitySensor: MIUS:SHAL: activate() exit
06-03 00:04:16.521  5731  5753 V WindowManager: Unknown focus tokens, dropping reportFocusChanged
06-03 00:04:16.528 16088 16303 W RtiGracefulSystemMethodHelper: [AI] Failed to start service due to IllegalStateException on Android O
06-03 00:04:16.528 16088 16303 W RtiGracefulSystemMethodHelper: android.app.BackgroundServiceStartNotAllowedException: Not allowed to start service Intent { act=com.facebook.rti.fbns.intent.REGISTER xflg=0x4 cmp=com.instagram.android/com.facebook.rti.pushv2.inapp.InappFbnsService (has extras) }: app is in background uid UidRecord{ddfc9d1 u0a466 TRNB bg:+2s44ms idle change:uncachedprocstate procs:0 seq(278164,278157)} caps=-------TI
06-03 00:04:16.528 16088 16303 W RtiGracefulSystemMethodHelper: 	at android.app.ContextImpl.startServiceCommon(ContextImpl.java:2108)
06-03 00:04:16.528 16088 16303 W RtiGracefulSystemMethodHelper: 	at android.app.ContextImpl.startService(ContextImpl.java:2063)
06-03 00:04:16.528 16088 16303 W RtiGracefulSystemMethodHelper: 	at android.content.ContextWrapper.startService(ContextWrapper.java:870)
06-03 00:04:16.528 16088 16303 W RtiGracefulSystemMethodHelper: 	at X.6eT.H0O(Unknown Source:29)
06-03 00:04:16.528 16088 16303 W RtiGracefulSystemMethodHelper: 	at X.AFa.A00(Unknown Source:11)
06-03 00:04:16.528 16088 16303 W RtiGracefulSystemMethodHelper: 	at X.6dW.G5O(Unknown Source:248)
06-03 00:04:16.528 16088 16303 W RtiGracefulSystemMethodHelper: 	at X.1qO.A01(Unknown Source:37)
06-03 00:04:16.528 16088 16303 W RtiGracefulSystemMethodHelper: 	at X.3EQ.run(Unknown Source:3)
06-03 00:04:16.528 16088 16303 W RtiGracefulSystemMethodHelper: 	at X.1lr.run(:25)
06-03 00:04:16.528 16088 16303 W RtiGracefulSystemMethodHelper: 	at java.util.concurrent.ThreadPoolExecutor.runWorker(ThreadPoolExecutor.java:1154)
06-03 00:04:16.528 16088 16303 W RtiGracefulSystemMethodHelper: 	at java.util.concurrent.ThreadPoolExecutor$Worker.run(ThreadPoolExecutor.java:652)
06-03 00:04:16.528 16088 16303 W RtiGracefulSystemMethodHelper: 	at X.1mA.run(:96)
06-03 00:04:16.528 16088 16303 W RtiGracefulSystemMethodHelper: 	at java.lang.Thread.run(Thread.java:1563)
06-03 00:04:16.528 16088 16303 W RtiGracefulSystemMethodHelper: 	at X.1ma.run(:8)
06-03 00:04:16.537  5731  5759 W ActivityManager: Rescheduling restart of crashed service com.xiaomi.wearable/com.google.android.libraries.wear.companion.esim.service.EsimProfileHandlingService in 8622ms for mem-pressure-event
06-03 00:04:16.546 16088 16088 W BackgroundStartupDetector: coldStartMode=DEFINITELY_BACKGROUND
06-03 00:04:16.550  9122  9122 D ImeBackCallbackSender: Register OnBackInvokedCallback with priority=-1 at app window (packageName=org.telegram.messenger)
06-03 00:04:16.551 16088 16088 W BackgroundStartupDetector: bgMode=BACKGROUND
06-03 00:04:16.551 16088 16323 W AuthDataLoader: EIMU already available, skipping load
06-03 00:04:16.554 16088 16088 E SlowAppComponent: 0ms: InstagramAppShell instantiating…
06-03 00:04:16.554 16088 16088 E SlowAppComponent: 257ms: ClipsDraftProvider instantiating…
06-03 00:04:16.554 16088 16088 E SlowAppComponent: 257ms: SecureFileProvider instantiating…
06-03 00:04:16.554 16088 16088 E SlowAppComponent: 260ms: AsyncFamilyAppsUserValuesProvider instantiating…
06-03 00:04:16.554 16088 16088 E SlowAppComponent: 259ms: AsyncInstagramPhoneIdProvider instantiating…
06-03 00:04:16.554 16088 16088 E SlowAppComponent: 259ms: QuickSnapSeenStateProvider instantiating…
06-03 00:04:16.554 16088 16088 E SlowAppComponent: 259ms: BaselContextProvider instantiating…
06-03 00:04:16.554 16088 16088 E SlowAppComponent: 259ms: FileProvider instantiating…
06-03 00:04:16.554 16088 16088 E SlowAppComponent: 259ms: FoaBackupTokenProvider instantiating…
06-03 00:04:16.554 16088 16088 E SlowAppComponent: 259ms: ThreadsContentProvider instantiating…
06-03 00:04:16.554 16088 16088 E SlowAppComponent: 259ms: DeferredCurrentUserProvider instantiating…
06-03 00:04:16.554 16088 16088 E SlowAppComponent: 259ms: InstallReferrerProvider instantiating…
06-03 00:04:16.554 16088 16088 E SlowAppComponent: 265ms: IgLoggedInUsersContentProvider instantiating…
06-03 00:04:16.555 16088 16088 E SlowAppComponent: 265ms: FirstPartyUserValuesLiteProviderV2 instantiating…
06-03 00:04:16.555 16088 16088 E SlowAppComponent: 272ms: AndroidXAppInitializer instantiating…
06-03 00:04:16.555 16088 16088 E SlowAppComponent: 276ms: FifuDeferredDeeplinkProvider instantiating…
06-03 00:04:16.555 16088 16088 E SlowAppComponent: 276ms: UsdidValuesProvider instantiating…
06-03 00:04:16.555 16088 16088 E SlowAppComponent: 276ms: DeferredDeeplinkProvider instantiating…
06-03 00:04:16.555 16088 16088 E SlowAppComponent: 276ms: TixuDeferredDeeplinkProvider instantiating…
06-03 00:04:16.555 16088 16088 E SlowAppComponent: 1492ms: KeepWarmReceiver instantiating…
06-03 00:04:16.555 16088 16088 E SlowAppComponent: 1506ms: SystemJobService instantiating…
06-03 00:04:16.555 16088 16088 E SlowAppComponent: Main thread was blocked for 1510ms in the background starting with InstagramAppShell
06-03 00:04:16.555 12899 12899 D WindowOnBackDispatcher: setTopOnBackInvokedCallback (unwrapped): android.view.ImeBackAnimationController@fafd80c
06-03 00:04:16.560  5731  5750 V WindowManager: Sent Transition (#329) createdAt=06-03 00:04:16.439
06-03 00:04:16.560  5731  5750 V WindowManager:     startWCT=WindowContainerTransaction { changes= {} hops= [{restoreTransientOrder: container=RemoteToken{32e1bab Task{6c07bf1 #1 type=home}} reparent=null mToTop=false mWindowingMode=null mActivityType=null}] errorCallbackToken=null taskFragmentOrganizer=null }
06-03 00:04:16.560  5731  5750 V WindowManager:     info={id=329 t=FIRST_CUSTOM+22 f=0x0 trk=0 r=[0@Point(0, 0)] c=[
06-03 00:04:16.560  5731  5750 V WindowManager:         {WCT{RemoteToken{a89d449 Task{53be552 #12056 type=standard A=10430:org.telegram.messenger}}} m=TO_FRONT f=NONE leash=Surface(name=Task=12056#4131)/@0xe610813 sb=Rect(0, 0 - 1220, 2712) eb=Rect(0, 0 - 1220, 2712) epz=Point(1220, 2712) d=0 taskParent=-1 winMode=1 userId=0},
06-03 00:04:16.560  5731  5750 V WindowManager:         {WCT{RemoteToken{32e1bab Task{6c07bf1 #1 type=home}}} m=TO_BACK f=SHOW_WALLPAPER leash=Surface(name=Task=1#240)/@0xb91be03 sb=Rect(0, 0 - 1220, 2712) eb=Rect(0, 0 - 1220, 2712) epz=Point(1220, 2712) d=0 taskParent=-1 winMode=1 userId=0}
06-03 00:04:16.560  5731  5750 V WindowManager:     ]}
06-03 00:04:16.562  1444 16339 I sensors-hal: handle_indication_realtime:467,  SCHED_FIFO(10) for qmi_cbk
06-03 00:04:16.564  5989  6024 V ShellDesktopMode: DesktopModeLogger: taskInfo map after processing changes 0
06-03 00:04:16.564  5989  6024 D ShellDesktopMode: DesktopTaskChangeListener: onTaskMovingToFront for taskId=12056, displayId=0 - desktop not supported
06-03 00:04:16.569 16088 16303 W ServiceInfoParser: X.0HJ: Service com.facebook.browser.lite.BrowserLiteIntentService is missing meta key com.facebook.common.jobscheduler.compat.jobIds
06-03 00:04:16.569 16088 16303 W ServiceInfoParser: X.0HJ: Service com.facebook.browser.lite.BrowserLiteInMainProcessIntentService is missing meta key com.facebook.common.jobscheduler.compat.jobIds
06-03 00:04:16.569 16088 16303 W ServiceInfoParser: X.0HJ: Service instagram.features.creation.location.NearbyVenuesService is missing meta key com.facebook.common.jobscheduler.compat.jobIds
06-03 00:04:16.569 16088 16303 W ServiceInfoParser: X.0HJ: Service com.instagram.contacts.ccu.impl.CCUJobService is missing meta key com.facebook.common.jobscheduler.compat.jobIds
06-03 00:04:16.569 16088 16303 W ServiceInfoParser: X.0HJ: Service com.instagram.lazyload.download.ModuleDownloadJobService is missing meta key com.facebook.common.jobscheduler.compat.jobIds
06-03 00:04:16.569 16088 16303 W ServiceInfoParser: X.0HJ: Service com.facebook.papaya.fb.instagram.papaya.PapayaExecutionJobService is missing meta key com.facebook.common.jobscheduler.compat.jobIds
06-03 00:04:16.569 16088 16303 W ServiceInfoParser: X.0HJ: Service com.facebook.appcomponentmanager.AppComponentManagerService is missing meta key com.facebook.common.jobscheduler.compat.jobIds
06-03 00:04:16.569 16088 16303 W ServiceInfoParser: X.0HJ: Service com.facebook.analytics2.fabric.onefabric.FFAlarmUploadJobService is missing meta key com.facebook.common.jobscheduler.compat.jobIds
06-03 00:04:16.570  5989  6024 V WindowManagerShell: PipDesktopState: Recents transition state changed: TRANSITION_STATE_NOT_RUNNING
06-03 00:04:16.570  5989  6024 V ShellDesktopMode: DesktopTasksController: Recents transition state changed: TRANSITION_STATE_NOT_RUNNING
06-03 00:04:16.571  5989  6024 D ShellDesktopMode: DesktopTaskChangeListener: onTaskMovingToBack for taskId=1, displayId=0 - desktop not supported
06-03 00:04:16.571  5989  6024 D ShellDesktopMode: DesktopTaskChangeListener: onTaskMovingToBack for taskId=12059, displayId=0 - desktop not supported
06-03 00:04:16.572  5731  5808 D CoreBackPreview: Window{b093444 u0 org.telegram.messenger/org.telegram.messenger.DefaultIcon}: Setting back callback OnBackInvokedCallbackInfo{mCallback=android.window.IOnBackInvokedCallback$Stub$Proxy@f88780f, mPriority=0, mIsAnimationCallback=true, mOverrideBehavior=0}
06-03 00:04:16.574  5731  8543 W ActivityManager: Background start not allowed: service Intent { act=Orca.START xflg=0x4 cmp=com.instagram.android/com.facebook.rti.pushv2.inapp.InappFbnsService (has extras) } to com.instagram.android/com.facebook.rti.pushv2.inapp.InappFbnsService from pid=16088 uid=10466 pkg=com.instagram.android startFg?=false
06-03 00:04:16.575 16088 16088 W RtiGracefulSystemMethodHelper: [AI] Failed to start service due to IllegalStateException on Android O
06-03 00:04:16.575 16088 16088 W RtiGracefulSystemMethodHelper: android.app.BackgroundServiceStartNotAllowedException: Not allowed to start service Intent { act=Orca.START xflg=0x4 cmp=com.instagram.android/com.facebook.rti.pushv2.inapp.InappFbnsService (has extras) }: app is in background uid UidRecord{ddfc9d1 u0a466 TRNB bg:+2s110ms idle change:uncachedprocstate procs:0 seq(278267,278157)} caps=-------TI
06-03 00:04:16.575 16088 16088 W RtiGracefulSystemMethodHelper: 	at android.app.ContextImpl.startServiceCommon(ContextImpl.java:2108)
06-03 00:04:16.575 16088 16088 W RtiGracefulSystemMethodHelper: 	at android.app.ContextImpl.startService(ContextImpl.java:2063)
06-03 00:04:16.575 16088 16088 W RtiGracefulSystemMethodHelper: 	at android.content.ContextWrapper.startService(ContextWrapper.java:870)
06-03 00:04:16.575 16088 16088 W RtiGracefulSystemMethodHelper: 	at X.6eT.H0O(Unknown Source:29)
06-03 00:04:16.575 16088 16088 W RtiGracefulSystemMethodHelper: 	at X.AFa.A00(Unknown Source:11)
06-03 00:04:16.575 16088 16088 W RtiGracefulSystemMethodHelper: 	at X.6eF.A00(Unknown Source:112)
06-03 00:04:16.575 16088 16088 W RtiGracefulSystemMethodHelper: 	at X.6dW.Dmf(Unknown Source:284)
06-03 00:04:16.575 16088 16088 W RtiGracefulSystemMethodHelper: 	at X.9hl.onQueueIdle(:30)
06-03 00:04:16.575 16088 16088 W RtiGracefulSystemMethodHelper: 	at X.2p2.queueIdle(Unknown Source:22)
06-03 00:04:16.575 16088 16088 W RtiGracefulSystemMethodHelper: 	at android.os.MessageQueue.nextLegacy(MessageQueue.java:1064)
06-03 00:04:16.575 16088 16088 W RtiGracefulSystemMethodHelper: 	at android.os.MessageQueue.next(MessageQueue.java:1094)
06-03 00:04:16.575 16088 16088 W RtiGracefulSystemMethodHelper: 	at android.os.Looper.loopOnce(Looper.java:197)
06-03 00:04:16.575 16088 16088 W RtiGracefulSystemMethodHelper: 	at android.os.Looper.loop(Looper.java:367)
06-03 00:04:16.575 16088 16088 W RtiGracefulSystemMethodHelper: 	at android.app.ActivityThread.main(ActivityThread.java:9318)
06-03 00:04:16.575 16088 16088 W RtiGracefulSystemMethodHelper: 	at java.lang.reflect.Method.invoke(Native Method)
06-03 00:04:16.575 16088 16088 W RtiGracefulSystemMethodHelper: 	at com.android.internal.os.RuntimeInit$MethodAndArgsCaller.run(RuntimeInit.java:569)
06-03 00:04:16.575 16088 16088 W RtiGracefulSystemMethodHelper: 	at com.android.internal.os.ZygoteInit.main(ZygoteInit.java:929)
06-03 00:04:16.578 12899 12899 I ImeTracker: org.telegram.messenger:f2f69d00: onRequestShow at ORIGIN_CLIENT reason SHOW_SOFT_INPUT fromUser false
06-03 00:04:16.578 12899 12899 D InsetsController: show(ime())
06-03 00:04:16.578 12899 12899 I ImeTracker: org.telegram.messenger:f2f69d00: onCancelled at PHASE_CLIENT_REPORT_REQUESTED_VISIBLE_TYPES
06-03 00:04:16.610  5731  9284 D ConnectivityService: requestNetwork for uid/pid:10346/5989 asUid: 10430 activeRequest: null callbackRequest: 3073 [NetworkRequest [ REQUEST id=3074, [ Capabilities: INTERNET&NOT_RESTRICTED&TRUSTED&NOT_VCN_MANAGED&NOT_BANDWIDTH_CONSTRAINED Uid: 10430 RequestorUid: 10346 RequestorPkg: com.android.systemui UnderlyingNetworks: Null] ]] callback flags: 0 order: 2147483647 isUidTracked: false declaredMethods: AVAIL|BLK
06-03 00:04:16.613  5623 16341 I PAL: Device: open: 490: Exit. deviceCount 1 for device id 20 (PAL_DEVICE_OUT_ULTRASOUND), exit status: 0
06-03 00:04:16.613  5623 16341 D PAL: ResourceManager: getPALDeviceName: 7104: id 40 (PAL_DEVICE_IN_ULTRASOUND_MIC)
06-03 00:04:16.613  5623 16341 I PAL: Device: open: 443: Enter. deviceCount 0 for device id 40 (PAL_DEVICE_IN_ULTRASOUND_MIC)
06-03 00:04:16.613  5623 16341 D PAL: ResourceManager: getVirtualAudioMixer: 3659: ar 0x76a87f3d18K audio_virt_mixer 0xb4000077c395d410K
06-03 00:04:16.613  5623 16341 D PAL: SessionAlsaUtils: getBeMixerControl: 335: mixer control CODEC_DMA-LPAIF_RXTX-TX-4 rate ch fmt
06-03 00:04:16.613  5623 16341 I PAL: SessionAlsaUtils: setDeviceMediaConfig: 992: CODEC_DMA-LPAIF_RXTX-TX-4 rate ch fmt data_fmt 96000 1 2 1
06-03 00:04:16.613  5623 16341 D PAL: ResourceManager: getAudioRoute: 3648: ar 0xb40000787394fb90K audio_route 0xb4000078239678d0K
06-03 00:04:16.613  5623 16341 D PAL: Device: open: 467: audio_route 0xb4000078239678d0K SND device name ultrasound-mic
06-03 00:04:16.613  5623 16341 D audio_route: Apply path: ultrasound-mic
06-03 00:04:16.614 14981 14981 D BaseActivity: Launcher flags updated: [state_started|state_resumed] -[state_user_active]
06-03 00:04:16.614 12899 12899 D WindowOnBackDispatcher: setTopOnBackInvokedCallback (unwrapped): org.telegram.ui.LaunchActivity$9@5f369f4
06-03 00:04:16.614 16088 16334 W JobInfo : Requested important-while-foreground flag for job100404 is ignored and takes no effect
06-03 00:04:16.614 30799 30799 D VRI[GoogleDiscoverWindow]: visibilityChanged oldVisibility=true newVisibility=false
06-03 00:04:16.615 14981 14981 D BaseActivity: Launcher flags updated: [state_started] -[state_resumed]
06-03 00:04:16.615 12899 12899 D WindowOnBackDispatcher: setTopOnBackInvokedCallback (unwrapped): android.view.ImeBackAnimationController@fafd80c
06-03 00:04:16.618 14981 14981 W SplitSelectStateCtor: Missing session instanceIds
06-03 00:04:16.619 14981 14981 D StatsLog: LAUNCHER_SPLIT_SELECTION_EXIT_INTERRUPTED
06-03 00:04:16.625  5731  5750 V WindowManager: Finish Transition (#327): created at 06-03 00:04:15.724 collect-started=0.085ms started=0.098ms ready=5.089ms sent=169.749ms commit=23.516ms finished=887.349ms
06-03 00:04:16.626  5731  6823 W ActivityManager: pid 5731 system sent binder code 7 with flags 1 and got error -32
06-03 00:04:16.626  5731  6823 D ActivityManager: Too many transaction errors, throttling freezer binder callback.
06-03 00:04:16.626  5731  6823 W WindowManager: Exception thrown during dispatchAppVisibility Window{cceedb1 u0 com.example.musicfy.debug/com.example.musicfy.MainActivity EXITING}
06-03 00:04:16.626  5731  6823 W WindowManager: android.os.DeadObjectException
06-03 00:04:16.626  5731  6823 W WindowManager: 	at android.os.BinderProxy.transactNative(Native Method)
06-03 00:04:16.626  5731  6823 W WindowManager: 	at android.os.BinderProxy.transact(BinderProxy.java:599)
06-03 00:04:16.626  5731  6823 W WindowManager: 	at android.view.IWindow$Stub$Proxy.dispatchAppVisibility(IWindow.java:535)
06-03 00:04:16.626  5731  6823 W WindowManager: 	at com.android.server.wm.WindowState.sendAppVisibilityToClients(WindowState.java:3268)
06-03 00:04:16.626  5731  6823 W WindowManager: 	at com.android.server.wm.WindowContainer.sendAppVisibilityToClients(WindowContainer.java:1218)
06-03 00:04:16.626  5731  6823 W WindowManager: 	at com.android.server.wm.WindowToken.setClientVisible(WindowToken.java:394)
06-03 00:04:16.626  5731  6823 W WindowManager: 	at com.android.server.wm.ActivityRecord.commitVisibility(ActivityRecord.java:5639)
06-03 00:04:16.626  5731  6823 W WindowManager: 	at com.android.server.wm.Transition.finishTransition(Transition.java:1500)
06-03 00:04:16.626  5731  6823 W WindowManager: 	at com.android.server.wm.TransitionController.finishTransition(TransitionController.java:1096)
06-03 00:04:16.626  5731  6823 W WindowManager: 	at com.android.server.wm.WindowOrganizerController.finishTransition(WindowOrganizerController.java:518)
06-03 00:04:16.626  5731  6823 W WindowManager: 	at android.window.IWindowOrganizerController$Stub.onTransact(IWindowOrganizerController.java:270)
06-03 00:04:16.626  5731  6823 W WindowManager: 	at com.android.server.wm.WindowOrganizerController.onTransact(WindowOrganizerController.java:233)
06-03 00:04:16.626  5731  6823 W WindowManager: 	at android.os.Binder.execTransactInternal(Binder.java:1478)
06-03 00:04:16.626  5731  6823 W WindowManager: 	at android.os.Binder.execTransact(Binder.java:1418)
06-03 00:04:16.626  5731  6823 W Process : Unable to open /proc/15767/status
06-03 00:04:16.632  5989  6844 D WallpaperService: onVisibilityChanged(false): com.android.systemui.wallpapers.ImageWallpaper$CanvasEngine@b7eaae
06-03 00:04:16.633 14981 14981 D VRI[CustomLauncher]: visibilityChanged oldVisibility=true newVisibility=false
06-03 00:04:16.636 14981 14981 D RecentsView: updateTaskStackListenerState: false
06-03 00:04:16.636  5731  5750 V WindowManager: Finish Transition (#328): created at 06-03 00:04:16.387 collect-started=0.116ms request-sent=0.164ms started=14.51ms ready=14.457ms sent=25.441ms commit=12.422ms finished=248.677ms
06-03 00:04:16.637  5623 16341 I PAL: Device: open: 490: Exit. deviceCount 1 for device id 40 (PAL_DEVICE_IN_ULTRASOUND_MIC), exit status: 0
06-03 00:04:16.637  5623 16341 D PAL: StreamCommon: open: 199: streamLL opened. state 1
06-03 00:04:16.637  5623 16341 D PAL: StreamCommon: open: 212: Exit ret 0
06-03 00:04:16.637  5623 16341 D PAL: API: notify_concurrent_stream: 71: Notify concurrent stream type 26, direction 3, active 1
06-03 00:04:16.637  5623 16341 D PAL: ResourceManager: HandleConcurrencyForSoundTriggerStreams: 4693: Enter, stream type 26 (PAL_STREAM_ULTRASOUND), direction 3, active 1
06-03 00:04:16.637  5623 16341 I PAL: ResourceManager: GetConcurrencyInfo: 4542: stream type 26 (PAL_STREAM_ULTRASOUND) Tx conc 0, Rx conc 0, concurrency allowed
06-03 00:04:16.637  5623 16341 I PAL: ResourceManager: GetConcurrencyInfo: 4542: stream type 26 (PAL_STREAM_ULTRASOUND) Tx conc 0, Rx conc 0, concurrency allowed
06-03 00:04:16.637  5623 16341 I PAL: ResourceManager: GetConcurrencyInfo: 4542: stream type 26 (PAL_STREAM_ULTRASOUND) Tx conc 0, Rx conc 0, concurrency allowed
06-03 00:04:16.637  5623 16341 D PAL: ResourceManager: HandleConcurrencyForSoundTriggerStreams: 4756: Exit
06-03 00:04:16.637  5623 16341 I PAL: API: pal_stream_open: 212: Exit. Value of stream_handle 0xb4000077c3960a50K, status 0
06-03 00:04:16.637  5623 16341 I MIUS    : Stream Opened succesfully
06-03 00:04:16.637  5623 16341 D PAL: API: pal_stream_set_param: 495: Enter. Stream handle :0xb4000077c3960a50K param_id 48
06-03 00:04:16.637  5623 16341 D PAL: StreamUltraSound: setParameters: 195: MIUS: enter PAL_PARAM_ID_UPD_REGISTER_FOR_EVENTS case
