06-13 12:12:20.302  2412  3568 D CompatChangeReporter: Compat change id reported: 253665015; UID 10480; state: ENABLED
06-13 12:12:20.319  2412  2926 D ActivityManager: sync unfroze 8818 com.facebook.stella for 6
06-13 12:12:20.326  2412  2926 W JobScheduler: Job didn't exist in JobStore: 40a0cf #u0a480/9999 com.xiaomi.wearable/com.xiaomi.fitness.sync.SyncJobService
06-13 12:12:20.375  2412  2920 W JobServiceContext: Sending onNetworkChanged for a job that isn't started. JobStatus{baf3db2 androidx.work.systemjobscheduler:u0a519/20708 #MobileConfigEmergencyPushWorker#@androidx.work.systemjobscheduler@com.facebook.stella/androidx.work.impl.background.systemjob.SystemJobService u=0 s=10519 TIME=-4s407ms:none NET READY}
06-13 12:12:20.475  2412  3050 D BackgroundInstallControlService: Package event received: 0
06-13 12:12:20.516  2412  2412 W AccessibilityManagerService:  wait for adding window timeout: 6
06-13 12:12:20.570  2412  2822 V WindowManager: Sent Transition (#182) createdAt=06-13 12:12:20.129 via request=TransitionRequestInfo { type = CLOSE, triggerTask = null, pipChange = null, remoteTransitionInfo = null, displayChange = null, requestedLocation = null, userChange = null, windowingLayerChange = null, flags = 0, debugId = 182 }
06-13 12:12:20.570  2412  2822 V WindowManager:     startWCT=WindowContainerTransaction { changes= {} hops= [] errorCallbackToken=null taskFragmentOrganizer=null }
06-13 12:12:20.570  2412  2822 V WindowManager:     info={id=182 t=CLOSE f=0x0 trk=0 r=[0@Point(0, 0)] c=[
06-13 12:12:20.570  2412  2822 V WindowManager:         {m=CLOSE f=FILLS_TASK leash=Surface(name=ActivityRecord{189209732 u0 com.whatsapp.w4b/com.whatsapp.Conversation#2502)/@0xe800220 sb=Rect(0, 0 - 1220, 2712) eb=Rect(0, 0 - 1220, 2712) epz=Point(1220, 2712) d=0 bc=ff303030 activity=ActivityTransitionInfo { component = ComponentInfo{com.whatsapp.w4b/com.whatsapp.Conversation}, taskId = 363, appCompatTransitionInfo = null } opt={t=FROM_STYLE mUserId=0}},
06-13 12:12:20.570  2412  2822 V WindowManager:         {m=TO_FRONT f=FILLS_TASK leash=Surface(name=ActivityRecord{256548106 u0 com.whatsapp.w4b/com.whatsapp.home.ui.HomeActivity#180)/@0x420ef9e sb=Rect(0, 0 - 1220, 2712) eb=Rect(0, 0 - 1220, 2712) epz=Point(1220, 2712) d=0 bc=ff303030 activity=ActivityTransitionInfo { component = ComponentInfo{com.whatsapp.w4b/com.whatsapp.home.ui.HomeActivity}, taskId = 363, appCompatTransitionInfo = null } opt={t=FROM_STYLE mUserId=0}}
06-13 12:12:20.570  2412  2822 V WindowManager:     ]}
06-13 12:12:20.578  3103  3150 V ShellDesktopMode: DesktopModeLogger: taskInfo map after processing changes 0
06-13 12:12:20.579  3103  3150 D ShellSplitScreen: startAnimation: transition=182 isSplitActive=false
06-13 12:12:20.579  3103  3150 V ShellDesktopMode: DesktopMixedTransitionHandler: No pending desktop transition
06-13 12:12:20.609  2412  3388 I ActivityManager: Process com.instaprime.android (pid 6676) has died: cch  +75 CEM 
06-13 12:12:20.792 10806 10806 I DisplayManager: Implicitly registering for refresh rate
06-13 12:12:20.899  2412  3050 D BackgroundInstallControlService: Package event received: 0
06-13 12:12:20.905  2412  2842 D CompatChangeReporter: Compat change id reported: 151861875; UID 10528; state: ENABLED
06-13 12:12:20.912  2412  3050 D BackgroundInstallControlService: Package event received: 0
06-13 12:12:20.918  2412  2843 I ActivityManager: Start proc 10961:org.kustom.widget/u0a528 for broadcast {org.kustom.widget/org.kustom.widget.providers.WidgetProvider1x1}
06-13 12:12:21.056  2412  2822 V WindowManager: Finish Transition (#182): created at 06-13 12:12:20.129 collect-started=0.022ms request-sent=0.038ms started=27.745ms ready=56.499ms sent=436.927ms commit=15.659ms finished=926.255ms
06-13 12:12:21.122  2412  2926 D CoreBackPreview: Window{5b7cf0 u0 com.whatsapp.w4b/com.whatsapp.Conversation}: Setting back callback null
06-13 12:12:21.134  2412  3050 D BackgroundInstallControlService: Package event received: 0
06-13 12:12:21.289  2412  6582 D CoreBackPreview: Window{2e3014a u0 NotificationShade}: Setting back callback null
06-13 12:12:21.385  2412  3050 D BackgroundInstallControlService: Package event received: 0
06-13 12:12:21.459  2412  6582 I ActivityManager: Process com.android.rkpdapp (pid 9287) has died: cch  +65 CEM 
06-13 12:12:21.574  3103  3150 V WindowManagerShell: PipDesktopState: Recents transition state changed: TRANSITION_STATE_REQUESTED
06-13 12:12:21.574  3103  3150 V ShellDesktopMode: DesktopTasksController: Recents transition state changed: TRANSITION_STATE_REQUESTED
06-13 12:12:21.575  2412  2926 D InputManagerService: pilferPointers
06-13 12:12:21.575  2412  2992 V WindowManager: deferTransitionReady deferReadyDepth=1 stack=com.android.server.wm.WindowOrganizerController.applyTransaction:660 com.android.server.wm.WindowOrganizerController.applyTransaction:638 com.android.server.wm.WindowOrganizerController.lambda$startTransition$3:379 com.android.server.wm.WindowOrganizerController.$r8$lambda$PHnU0rj5Bcvaq0dL-Wi7kOJt8bo:0 com.android.server.wm.WindowOrganizerController$$ExternalSyntheticLambda5.onCollectStarted:0 
06-13 12:12:21.579  2412  2992 E WindowOrganizerController: Not a valid process token: android.os.BinderProxy@5cf067d
06-13 12:12:21.579  2412  2992 V WindowManager: continueTransitionReady deferReadyDepth=0 stack=com.android.server.wm.WindowOrganizerController.applyTransaction:801 com.android.server.wm.WindowOrganizerController.applyTransaction:638 com.android.server.wm.WindowOrganizerController.lambda$startTransition$3:379 com.android.server.wm.WindowOrganizerController.$r8$lambda$PHnU0rj5Bcvaq0dL-Wi7kOJt8bo:0 com.android.server.wm.WindowOrganizerController$$ExternalSyntheticLambda5.onCollectStarted:0 
06-13 12:12:21.582  2412  3050 D BackgroundInstallControlService: Package event received: 0
06-13 12:12:21.584  2412  3050 D BackgroundInstallControlService: Package event received: 0
06-13 12:12:21.622  2412  3050 D BackgroundInstallControlService: Package event received: 0
06-13 12:12:21.638  2412  3050 D BackgroundInstallControlService: Package event received: 0
06-13 12:12:21.649  3103  3150 V ShellDesktopMode: DesktopModeLogger: taskInfo map after processing changes 0
06-13 12:12:21.649  3103  3150 D ShellDesktopMode: DesktopTaskChangeListener: onTaskMovingToFront for taskId=1, displayId=0 - desktop not supported
06-13 12:12:21.652  2412  2822 V WindowManager: Sent Transition (#183) createdAt=06-13 12:12:21.575
06-13 12:12:21.652  2412  2822 V WindowManager:     startWCT=WindowContainerTransaction { changes= {} hops= [{pendingIntent: options=Bundle[{android.activity.splashScreenStyle=-1, android.activity.sourceInfo=android.app.ActivityOptions$SourceInfo@85eb278, android.pendingIntent.backgroundActivityAllowed=3, android.activity.launchDisplayId=0, android:activity.animAbortListener=null, android.activity.transientLaunch=true}]}, {setAnimationDelegate:  caller=android.os.BinderProxy@5cf067d}] errorCallbackToken=null taskFragmentOrganizer=null }
06-13 12:12:21.652  3103  3150 V ShellSplitScreen: getSplitBoundsForTaskId: expected split bounds for taskId=363 but not found
06-13 12:12:21.652  2412  2822 V WindowManager:     info={id=183 t=FIRST_CUSTOM+21 f=0x80 trk=0 r=[0@Point(0, 0)] c=[
06-13 12:12:21.652  2412  2822 V WindowManager:         {WCT{RemoteToken{7872818 Task{3ee6c72 #1 type=home}}} m=TO_FRONT f=SHOW_WALLPAPER|MOVE_TO_TOP leash=Surface(name=Task=1#44)/@0x65f0449 sb=Rect(0, 0 - 1220, 2712) eb=Rect(0, 0 - 1220, 2712) epz=Point(1220, 2712) d=0 taskParent=-1 winMode=1 userId=0},
06-13 12:12:21.652  2412  2822 V WindowManager:         {WCT{RemoteToken{88c4837 Task{e5a197b #363 type=standard A=10406:com.whatsapp.w4b}}} m=TO_BACK f=NONE leash=Surface(name=Task=363#179)/@0xba0576b sb=Rect(0, 0 - 1220, 2712) eb=Rect(0, 0 - 1220, 2712) epz=Point(1220, 2712) d=0 taskParent=-1 winMode=1 userId=0},
06-13 12:12:21.652  2412  2822 V WindowManager:         {m=TO_FRONT f=IS_WALLPAPER leash=Surface(name=WallpaperWindowToken{a510d57}#81)/@0x2bab5db sb=Rect(0, 0 - 1220, 2712) eb=Rect(0, 0 - 1220, 2712) epz=Point(1220, 2712) d=0}
06-13 12:12:21.652  2412  2822 V WindowManager:     ]}
06-13 12:12:21.652  3103  3150 V WindowManagerShell: PipDesktopState: Recents transition state changed: TRANSITION_STATE_ANIMATING
06-13 12:12:21.652  3103  3150 V ShellDesktopMode: DesktopTasksController: Recents transition state changed: TRANSITION_STATE_ANIMATING
06-13 12:12:21.656  2412  2898 W ActivityTaskManager: setRunningRemoteTransition: no process for null
06-13 12:12:21.660  3103  3150 D Bubbles : onLocusVisibilityChanged=Overview|ENABLED visible=true taskId=1
06-13 12:12:21.667  2412  2945 D DisplayRefreshRateController: Skip update refresh rate due to in extreme mode
06-13 12:12:21.675  3103  3150 D Bubbles : BubbleController.onStatusBarVisibilityChanged() visible=false stackExpanded=false isSplitStatusBarImmersive=false
06-13 12:12:21.678  2412  2926 D CompatChangeReporter: Compat change id reported: 319212206; UID 10492; state: ENABLED
06-13 12:12:21.771  2412  3050 D BackgroundInstallControlService: Package event received: 0
06-13 12:12:21.771  3103  3150 D WindowManagerShell: setLauncherKeepClearAreaHeight: visible=true, height=362
06-13 12:12:21.780  2412  2926 I ActivityManager: Process com.instagram.android:fbns (pid 9383) has died: cch  +65 CEM 
06-13 12:12:21.783  2412  3050 D BackgroundInstallControlService: Package event received: 0
06-13 12:12:21.804  2412  3050 D BackgroundInstallControlService: Package event received: 0
06-13 12:12:21.804  2412  3050 D BackgroundInstallControlService: Package event received: 0
06-13 12:12:21.805  2412  3050 D BackgroundInstallControlService: Package event received: 0
06-13 12:12:21.805  2412  3050 D BackgroundInstallControlService: Package event received: 0
06-13 12:12:21.818  2412  2926 D CompatChangeReporter: Compat change id reported: 311208749; UID 10528; state: ENABLED
06-13 12:12:21.818  2412  2926 E ActivityManager: Background started FGS: Disallowed [callingPackage: org.kustom.widget; callingUid: 10528; uidState: RCVR; uidBFSL: n/a; intent: Intent { xflg=0x4 cmp=org.kustom.widget/.WidgetService (has extras) }; code:DENIED; tempAllowListReason:<null>; allowWiu:-1; targetSdkVersion:35; callerTargetSdkVersion:35; startForegroundCount:0; bindFromPackage:null: isBindService:false]
06-13 12:12:21.819  2412  2926 W ActivityManager: startForegroundService() not allowed due to mAllowStartForeground false: service org.kustom.widget/.WidgetService
06-13 12:12:21.819  2412  2926 D CompatChangeReporter: Compat change id reported: 313677553; UID 10528; state: ENABLED
06-13 12:12:21.878  2412  2843 I ActivityManager: Start proc 11044:com.android.chrome/u0a335 for broadcast {com.android.chrome/com.google.android.apps.chrome.rlz.RevenueStatsConfigurationUpdateReceiver}
06-13 12:12:21.948  2412  3050 D BackgroundInstallControlService: Package event received: 0
06-13 12:12:21.994  2412  3050 D BackgroundInstallControlService: Package event received: 0
06-13 12:12:22.009  2412  6523 D CompatChangeReporter: Compat change id reported: 311402873; UID 10528; state: ENABLED
06-13 12:12:22.010  2412  6523 D CompatChangeReporter: Compat change id reported: 323349338; UID 10528; state: ENABLED
06-13 12:12:22.045  2412  4093 E ActivityManager: Background started FGS: Disallowed [callingPackage: org.kustom.widget; callingUid: 10528; uidState: CEM ; uidBFSL: n/a; intent: Intent { xflg=0x4 cmp=org.kustom.widget/.WidgetService (has extras) }; code:DENIED; tempAllowListReason:<null>; allowWiu:-1; targetSdkVersion:35; callerTargetSdkVersion:35; startForegroundCount:0; bindFromPackage:null: isBindService:false]
06-13 12:12:22.046  2412  4093 W ActivityManager: startForegroundService() not allowed due to mAllowStartForeground false: service org.kustom.widget/.WidgetService
06-13 12:12:22.073  2412  3050 D BackgroundInstallControlService: Package event received: 0
06-13 12:12:22.077  3103  3150 V WindowManagerShell: PipDesktopState: Recents transition state changed: TRANSITION_STATE_NOT_RUNNING
06-13 12:12:22.077  3103  3150 V ShellDesktopMode: DesktopTasksController: Recents transition state changed: TRANSITION_STATE_NOT_RUNNING
06-13 12:12:22.078  3103  3150 D ShellDesktopMode: DesktopTaskChangeListener: onTaskMovingToBack for taskId=363, displayId=0 - desktop not supported
06-13 12:12:22.090  2412  2825 V WindowManager: Unknown focus tokens, dropping reportFocusChanged
06-13 12:12:22.092  2412  2822 V WindowManager: Finish Transition (#183): created at 06-13 12:12:21.575 collect-started=0.086ms started=0.1ms ready=3.822ms sent=68.497ms commit=23.726ms finished=516.128ms
06-13 12:12:22.097  2412  2412 W AccessibilityManagerService:  wait for adding window timeout: 242
06-13 12:12:22.103  2412  2992 W ActivityManager: startForegroundService() not allowed due to mAllowStartForeground false: service org.kustom.widget/.WidgetService
06-13 12:12:22.106  2412  3050 D BackgroundInstallControlService: Package event received: 0
06-13 12:12:22.129  2412  3050 D BackgroundInstallControlService: Package event received: 0
06-13 12:12:22.134  2412  2825 W ProcessStats: Tracking association SourceState{54f25d6 system/1000 BFgs #37549} whose proc state 4 is better than process ProcessState{e50645 com.google.android.ext.services/10244 pkg=com.google.android.ext.services} proc state 14 (66 skipped)
06-13 12:12:22.139  2412  2898 I ActivityManager: Process com.google.android.projection.gearhead:shared (pid 10054) has died: cch  +65 CEM 
06-13 12:12:22.142  2412  2865 I DisplayPowerController[0]: BrightnessEvent: brt=0.09624082(69.0%), nits=94.943436, lux=243.62096, reason=automatic, strat=AutomaticBrightnessStrategy, state=ON, stateReason=KEY, policy=BRIGHT, flags=, initBrt=0.09624082, rcmdBrt=0.09624082, preBrt=0.09624082, preLux=194.1, lastReadLux=278.6, wasShortTermModelActive=true, autoBrightness=true (default), unclampedBrt=0.09624082, hbmMax=0.4995103, hbmMode=off, thrmMax=1.0, rbcStrength=90, powerFactor=1.0, physDisp=Built-in Screen(local:4630946370515662721), logicalId=0, slowChange=true, rampSpeed=0.0
06-13 12:12:22.163  2412  2843 I ActivityManager: Start proc 11087:com.android.externalstorage/u0a241 for content provider {com.android.externalstorage/com.android.externalstorage.ExternalStorageProvider}
06-13 12:12:22.241  3466  3466 D InsetsController: show(ime())
06-13 12:12:22.241  3466  3466 D InsetsController: Setting requestedVisibleTypes to 510 (was 502)
06-13 12:12:22.276  3466  3466 D InsetsController: hide(ime())
06-13 12:12:22.276  3466  3466 D InsetsController: Setting requestedVisibleTypes to 502 (was 510)
06-13 12:12:22.296  2412  3050 D BackgroundInstallControlService: Package event received: 0
06-13 12:12:22.335  2412  3050 D BackgroundInstallControlService: Package event received: 0
06-13 12:12:22.339  2412  3826 D CoreBackPreview: Window{692b9fc u0 com.android.launcher3/com.android.launcher3.CustomLauncher}: Setting back callback OnBackInvokedCallbackInfo{mCallback=android.window.IOnBackInvokedCallback$Stub$Proxy@80483b1, mPriority=0, mIsAnimationCallback=true, mOverrideBehavior=0}
06-13 12:12:22.385  2412  2808 W JobScheduler: Job didn't exist in JobStore: 9fe2600 {androidx.work.systemjobscheduler} #u0a421/21314 #TikTokWorker#com.google.android.apps.weather.widget.datastore.PixelWeatherWidgetUpdateWorker#@androidx.work.systemjobscheduler@com.google.android.apps.weather/androidx.work.impl.background.systemjob.SystemJobService
06-13 12:12:22.418  2412  3826 I ActivityManager: Process com.google.android.projection.gearhead:car (pid 10075) has died: cch  +55 CEM 
06-13 12:12:22.419  2412  6194 D ImeInsetsSourceProvider: showImePostLayout aborted, serverVisible: false, frozen: false, mWin is: non-null, isDrawn: true, mGivenInsetsPending: false, imeLayeringTarget: Window{692b9fc u0 com.android.launcher3/com.android.launcher3.CustomLauncher}, controlTarget: Window{692b9fc u0 com.android.launcher3/com.android.launcher3.CustomLauncher}
06-13 12:12:22.419  2412  6194 D ImeInsetsSourceProvider: controlTarget == DisplayContent.imeControlTarget: true, hasPendingControls: false, leash is: non-null
06-13 12:12:22.431  2412  3568 D CoreBackPreview: Window{692b9fc u0 com.android.launcher3/com.android.launcher3.CustomLauncher}: Setting back callback OnBackInvokedCallbackInfo{mCallback=android.window.IOnBackInvokedCallback$Stub$Proxy@9fbef0f, mPriority=0, mIsAnimationCallback=true, mOverrideBehavior=0}
06-13 12:12:22.487  2412  2807 W ActivityManager: Receiver with filter android.content.IntentFilter@f633ee7 already registered for pid 10961, callerPackage is org.kustom.widget
06-13 12:12:22.488  2412  3846 W ActivityManager: Receiver with filter android.content.IntentFilter@12c4532 already registered for pid 10961, callerPackage is org.kustom.widget
06-13 12:12:22.513  2412  2843 I ActivityManager: Start proc 11141:org.kustom.widget:editor/u0a528 for service {org.kustom.widget/androidx.work.multiprocess.RemoteWorkManagerService}
06-13 12:12:22.519  2412  3568 W ActivityManager: Receiver with filter android.content.IntentFilter@3cf90c4 already registered for pid 10961, callerPackage is org.kustom.widget
06-13 12:12:22.527  2412  3826 W ActivityManager: Receiver with filter android.content.IntentFilter@6c97273 already registered for pid 10961, callerPackage is org.kustom.widget
06-13 12:12:22.545  2412  3846 W ActivityManager: Receiver with filter android.content.IntentFilter@5a5872e already registered for pid 10961, callerPackage is org.kustom.widget
06-13 12:12:22.556  2412  2897 W ActivityManager: Receiver with filter android.content.IntentFilter@f2e345c already registered for pid 10961, callerPackage is org.kustom.widget
06-13 12:12:22.578  2412  2897 W ActivityManager: Receiver with filter android.content.IntentFilter@9a3cc7 already registered for pid 10961, callerPackage is org.kustom.widget
06-13 12:12:22.587  2412  3826 W ActivityManager: Receiver with filter android.content.IntentFilter@91ab2f4 already registered for pid 10961, callerPackage is org.kustom.widget
06-13 12:12:22.622  2412  2807 W ActivityManager: Receiver with filter android.content.IntentFilter@558d451 already registered for pid 10961, callerPackage is org.kustom.widget
06-13 12:12:22.624  2412  2807 W ActivityManager: Receiver with filter android.content.IntentFilter@64ac124 already registered for pid 10961, callerPackage is org.kustom.widget
06-13 12:12:22.625  2412  3846 W ActivityManager: Receiver with filter android.content.IntentFilter@a85648d already registered for pid 10961, callerPackage is org.kustom.widget
06-13 12:12:22.629  2412  3846 W ActivityManager: Receiver with filter android.content.IntentFilter@335d4af already registered for pid 10961, callerPackage is org.kustom.widget
06-13 12:12:22.688  2412  2807 D CompatChangeReporter: Compat change id reported: 297989574; UID 10492; state: ENABLED
06-13 12:12:22.701  2412  2825 W AccessibilityWindowsPopulator: Windows change within in 2 frames continuously over 500 ms and notify windows changed immediately
06-13 12:12:22.703  2412  3050 D BackgroundInstallControlService: Package event received: 0
06-13 12:12:22.867  2412  2412 W AccessibilityManagerService:  wait for adding window timeout: 9
06-13 12:12:23.049  3466  3466 D InsetsController: show(ime())
06-13 12:12:23.050  3466  3466 D InsetsController: Setting requestedVisibleTypes to 510 (was 502)
06-13 12:12:23.060  2412  3050 D BackgroundInstallControlService: Package event received: 0
06-13 12:12:23.088  2412  3246 D CoreBackPreview: Window{692b9fc u0 com.android.launcher3/com.android.launcher3.CustomLauncher}: Setting back callback OnBackInvokedCallbackInfo{mCallback=android.window.IOnBackInvokedCallback$Stub$Proxy@7af2757, mPriority=0, mIsAnimationCallback=true, mOverrideBehavior=0}
06-13 12:12:23.164  3103  3150 D Bubbles : BubbleController.BubblesImeListener.onImeVisibilityChanged visible=truerunnable=null stackView=com.android.wm.shell.bubbles.BubbleStackView{12c9776 IFE...C.. ......ID 0,0-1220,2712}
06-13 12:12:23.179  2412  6592 W ActivityManager: startForegroundService() not allowed due to mAllowStartForeground false: service org.kustom.widget/.WidgetService
06-13 12:12:23.186  2412  6592 W ActivityManager: Receiver with filter android.content.IntentFilter@6797699 already registered for pid 11141, callerPackage is org.kustom.widget
06-13 12:12:23.198  2412  6592 W ActivityManager: Receiver with filter android.content.IntentFilter@1231d37 already registered for pid 11141, callerPackage is org.kustom.widget
06-13 12:12:23.202  2412  6592 W ActivityManager: Receiver with filter android.content.IntentFilter@68255d3 already registered for pid 11141, callerPackage is org.kustom.widget
06-13 12:12:23.210  2412  6583 W ActivityManager: Receiver with filter android.content.IntentFilter@38ca0e already registered for pid 11141, callerPackage is org.kustom.widget
06-13 12:12:23.222  2412  2911 W ActivityManager: Receiver with filter android.content.IntentFilter@9bfc227 already registered for pid 11141, callerPackage is org.kustom.widget
06-13 12:12:23.226  2412  2911 W ActivityManager: Receiver with filter android.content.IntentFilter@b381172 already registered for pid 11141, callerPackage is org.kustom.widget
06-13 12:12:23.250  2412  6583 W ActivityManager: Receiver with filter android.content.IntentFilter@a71d2be already registered for pid 11141, callerPackage is org.kustom.widget
06-13 12:12:23.273  2412  3568 W ActivityManager: Receiver with filter android.content.IntentFilter@da0cf1f already registered for pid 11141, callerPackage is org.kustom.widget
06-13 12:12:23.281  2412  3568 W ActivityManager: Receiver with filter android.content.IntentFilter@ebba958 already registered for pid 11141, callerPackage is org.kustom.widget
06-13 12:12:23.281  2412  3568 W ActivityManager: Receiver with filter android.content.IntentFilter@5901ab1 already registered for pid 11141, callerPackage is org.kustom.widget
06-13 12:12:23.322  2412  2865 I DisplayPowerController[0]: BrightnessEvent: brt=0.102936715(70.0%), nits=101.24329, lux=278.6, reason=automatic, strat=AutomaticBrightnessStrategy, state=ON, stateReason=KEY, policy=BRIGHT, flags=, initBrt=0.09624082, rcmdBrt=0.102936715, preBrt=0.09624082, preLux=243.62096, lastReadLux=278.6, wasShortTermModelActive=true, autoBrightness=true (default), unclampedBrt=0.102936715, hbmMax=0.4995103, hbmMode=off, thrmMax=1.0, rbcStrength=90, powerFactor=1.0, physDisp=Built-in Screen(local:4630946370515662721), logicalId=0, slowChange=true, rampSpeed=1.0
06-13 12:12:23.325  2412  2825 I BrightnessSynchronizer: [449] New Update 0.102936715(f) set brightness values:  27(i)
06-13 12:12:23.330  2412  2825 I BrightnessSynchronizer: Swallowing update of 27(i) by update: {[449] 0.102936715(f), mUpdatedTypes=1, mConfirmedTypes=1, mTimeUpdated=10527248}
06-13 12:12:23.330  2412  2825 I BrightnessSynchronizer: Completed Update: {[449] 0.102936715(f), mUpdatedTypes=1, mConfirmedTypes=1, mTimeUpdated=10527248}
06-13 12:12:23.371  2412  2911 D CompatChangeReporter: Compat change id reported: 311208629; UID 10492; state: ENABLED
06-13 12:12:23.437  2412  3846 D CompatChangeReporter: Compat change id reported: 311402873; UID 10492; state: ENABLED
06-13 12:12:23.437  2412  3846 D CompatChangeReporter: Compat change id reported: 323349338; UID 10492; state: ENABLED
06-13 12:12:23.438  2412  3846 W ActivityManager: Receiver with filter android.content.IntentFilter@cce761b already registered for pid 10961, callerPackage is org.kustom.widget
06-13 12:12:23.441  2412  3568 W ActivityManager: Receiver with filter android.content.IntentFilter@aacc591 already registered for pid 10961, callerPackage is org.kustom.widget
06-13 12:12:23.511  2412  3029 D AppWidgetServiceImpl: Trying to notify widget update for package org.kustom.widget with widget id: 30
06-13 12:12:23.632  2412  3029 D AppWidgetServiceImpl: Trying to notify widget update for package org.kustom.widget with widget id: 32
06-13 12:12:25.193  2412  2911 W ActivityManager: Background start not allowed: service Intent { xflg=0x4 cmp=com.xiaomi.wearable/com.xiaomi.fitness.keep_alive.KeepAliveService (has extras) } to com.xiaomi.wearable/com.xiaomi.fitness.keep_alive.KeepAliveService from pid=10258 uid=10480 pkg=com.xiaomi.wearable startFg?=false
06-13 12:12:25.195  2412  2911 W ActivityManager: Background start not allowed: service Intent { xflg=0x4 cmp=com.xiaomi.wearable/com.xiaomi.xms.wearable.WearableXmsService (has extras) } to com.xiaomi.wearable/com.xiaomi.xms.wearable.WearableXmsService from pid=10258 uid=10480 pkg=com.xiaomi.wearable startFg?=false
06-13 12:12:28.215 10258 10258 E ActivityThread: Failed to find provider info for com.android.deskclock.additionProvider
06-13 12:12:28.702  2412  2897 D CompatChangeReporter: Compat change id reported: 377864165; UID 10335; state: ENABLED
06-13 12:12:28.714  2412  2897 I ActivityTaskManager: START u0 {act=android.intent.action.MAIN cat=[android.intent.category.LAUNCHER] flg=0x10200000 xflg=0x4 cmp=com.android.chrome/com.google.android.apps.chrome.Main bnds=[74,236][342,577]} with LAUNCH_SINGLE_INSTANCE_PER_TASK from uid 10358 (com.android.launcher3) (sr=143304783) (BAL_ALLOW_VISIBLE_WINDOW) result code=0
06-13 12:12:28.718  3103  3150 D ShellSplitScreen: logExit: no-op, mLoggerSessionId is null
06-13 12:12:28.719  3103  3150 V ShellDesktopMode: DesktopTasksController: handleRequest request=TransitionRequestInfo { type = OPEN, triggerTask = TaskInfo{userId=0 taskId=374 effectiveUid=10335 displayId=0 isRunning=true baseIntent=Intent { act=android.intent.action.MAIN cat=[android.intent.category.LAUNCHER] flg=0x10200000 cmp=com.android.chrome/com.google.android.apps.chrome.Main } baseActivity=ComponentInfo{com.android.chrome/org.chromium.chrome.browser.ChromeTabbedActivity} topActivity=ComponentInfo{com.android.chrome/org.chromium.chrome.browser.ChromeTabbedActivity} origActivity=ComponentInfo{com.android.chrome/com.google.android.apps.chrome.Main} realActivity=ComponentInfo{com.android.chrome/org.chromium.chrome.browser.ChromeTabbedActivity} numActivities=1 lastActiveTime=11617448 supportsMultiWindow=true resizeMode=2 isResizeable=true minWidth=-1 minHeight=-1 defaultMinSize=220 token=WCT{android.os.BinderProxy@26cc6d1} topActivityType=1 pictureInPictureParams=null shouldDockBigOverlays=false launchIntoPipHostTaskId=-1 lastParentTaskIdBeforePip=-1 displayCutoutSafeInsets=Rect(0, 104 - 0, 0) topActivityInfo=ActivityInfo{38a8536 com.google.android.apps.chrome.Main} launchCookies=[android.os.BinderProxy@4555c37] positionInParent=Point(0, 0) parentTaskId=-1 isFocused=false isVisible=false isVisibleRequested=false isTopActivityNoDisplay=false isSleeping=false locusId=null displayAreaFeatureId=1 isTopActivityTransparent=false isActivityStackTransparent=false lastNonFullscreenBounds=null capturedLink=null capturedLinkTimestamp=0 requestedVisibleTypes=503 topActivityRequestOpenInBrowserEducationTimestamp=0 appCompatTaskInfo=AppCompatTaskInfo { topActivityInSizeCompat=false isLeafTask= true eligibleForLetterboxEducation= false isLetterboxEducationEnabled= false isLetterboxDoubleTapEnabled= false eligibleForUserAspectRatioButton= false topActivityBoundsLetterboxed= false isFromLetterboxDoubleTap= false topActivityLetterboxVerticalPosition= -1 topActivityLetterboxHorizontalPosition= -1 topActivityLetterboxWidth=-1 topActivityLetterboxHeight=-1 topActivityAppBounds=Rect(0, 0 - 1220, 2712) isUserFullscreenOverrideEnabled=false isSystemFullscreenOverrideEnabled=false hasMinAspectRatioOverride=false topActivityLetterboxBounds=null cameraCompatTaskInfo=CameraCompatTaskInfo { cameraCompatMode=undefinedundefined} topNonResizableActivityAspectRatio=-1.0} topActivityMainWindowFrame=null isAppBubble=false isTopAppLocked=false}, pipChange = null, remoteTransitionInfo = RemoteTransitionInfo { remoteTransition = android.window.IRemoteTransition$Stub$Proxy@3fb35a4, debugName = QuickstepLaunch }, displayChange = null, requestedLocation = null, userChange = null, windowingLayerChange = null, flags = 0, debugId = 184 }
06-13 12:12:28.719  3103  3150 V ShellDesktopMode: DesktopTasksController: skipping handleRequest reason=triggerTask's display doesn't support desktop mode
06-13 12:12:28.721  3103  3150 D WindowManagerShell: setLauncherKeepClearAreaHeight: visible=false, height=362
06-13 12:12:28.722  2412  3050 D BackgroundInstallControlService: Package event received: 0
06-13 12:12:28.726  2412  2945 D DisplayRefreshRateController: Skip update refresh rate due to in extreme mode
06-13 12:12:28.731  3103  3150 D Bubbles : onLocusVisibilityChanged=Overview|ENABLED visible=false taskId=1
06-13 12:12:28.731  3103  3150 D Bubbles : onLocusVisibilityChanged=Overview|DISABLED visible=true taskId=1
06-13 12:12:28.736  2412  2865 I DisplayPowerController[0]: BrightnessEvent: brt=0.102936715(70.0%), nits=101.24329, lux=278.6, reason=automatic, strat=AutomaticBrightnessStrategy, state=ON, stateReason=KEY, policy=BRIGHT, flags=, initBrt=0.102936715, rcmdBrt=0.102936715, preBrt=0.102936715, preLux=243.62096, lastReadLux=235.79999, wasShortTermModelActive=true, autoBrightness=true (default), unclampedBrt=0.102936715, hbmMax=0.4995103, hbmMode=off, thrmMax=1.0, rbcStrength=90, powerFactor=1.0, physDisp=Built-in Screen(local:4630946370515662721), logicalId=0, slowChange=true, rampSpeed=0.0
06-13 12:12:28.737  2412  3050 D BackgroundInstallControlService: Package event received: 0
06-13 12:12:28.747  2412  3050 D BackgroundInstallControlService: Package event received: 0
06-13 12:12:28.748  2412  3050 D BackgroundInstallControlService: Package event received: 0
06-13 12:12:28.748  2412  3050 D BackgroundInstallControlService: Package event received: 0
06-13 12:12:28.772  2412  2822 V WindowManager: Sent Transition (#184) createdAt=06-13 12:12:28.703 via request=TransitionRequestInfo { type = OPEN, triggerTask = TaskInfo{userId=0 taskId=374 effectiveUid=10335 displayId=0 isRunning=true baseIntent=Intent { act=android.intent.action.MAIN cat=[android.intent.category.LAUNCHER] flg=0x10200000 cmp=com.android.chrome/com.google.android.apps.chrome.Main } baseActivity=ComponentInfo{com.android.chrome/org.chromium.chrome.browser.ChromeTabbedActivity} topActivity=ComponentInfo{com.android.chrome/org.chromium.chrome.browser.ChromeTabbedActivity} origActivity=ComponentInfo{com.android.chrome/com.google.android.apps.chrome.Main} realActivity=ComponentInfo{com.android.chrome/org.chromium.chrome.browser.ChromeTabbedActivity} numActivities=1 lastActiveTime=11617448 supportsMultiWindow=true resizeMode=2 isResizeable=true minWidth=-1 minHeight=-1 defaultMinSize=220 token=WCT{RemoteToken{82bcee Task{35c83e #374 type=standard A=10335:com.android.chrome}}} topActivityType=1 pictureInPictureParams=null shouldDockBigOverlays=false launchIntoPipHostTaskId=-1 lastParentTaskIdBeforePip=-1 displayCutoutSafeInsets=Rect(0, 104 - 0, 0) topActivityInfo=ActivityInfo{b4f258f com.google.android.apps.chrome.Main} launchCookies=[android.os.BinderProxy@9bec01c] positionInParent=Point(0, 0) parentTaskId=-1 isFocused=false isVisible=false isVisibleRequested=false isTopActivityNoDisplay=false isSleeping=false locusId=null displayAreaFeatureId=1 isTopActivityTransparent=false isActivityStackTransparent=false lastNonFullscreenBounds=null capturedLink=null capturedLinkTimestamp=0 requestedVisibleTypes=503 topActivityRequestOpenInBrowserEducationTimestamp=0 appCompatTaskInfo=AppCompatTaskInfo { topActivityInSizeCompat=false isLeafTask= true eligibleForLetterboxEducation= false isLetterboxEducationEnabled= false isLetterboxDoubleTapEnabled= false eligibleForUserAspectRatioButton= false topActivityBoundsLetterboxed= false isFromLetterboxDoubleTap= false topActivityLetterboxVerticalPosition= -1 topActivityLetterboxHorizontalPosition= -1 topActivityLetterboxWidth=-1 topActivityLetterboxHeight=-1 topActivityAppBounds=Rect(0, 0 - 1220, 2712) isUserFullscreenOverrideEnabled=false isSystemFullscreenOverrideEnabled=false hasMinAspectRatioOverride=false topActivityLetterboxBounds=null cameraCompatTaskInfo=CameraCompatTaskInfo { cameraCompatMode=undefinedundefined} topNonResizableActivityAspectRatio=-1.0} topActivityMainWindowFrame=null isAppBubble=false isTopAppLocked=false}, pipChange = null, remoteTransitionInfo = RemoteTransitionInfo { remoteTransition = android.window.IRemoteTransition$Stub$Proxy@6688425, debugName = QuickstepLaunch }, displayChange = null, requestedLocation = null, userChange = null, windowingLayerChange = null, flags = 0, debugId = 184 }
06-13 12:12:28.772  2412  2822 V WindowManager:     startWCT=WindowContainerTransaction { changes= {} hops= [] errorCallbackToken=null taskFragmentOrganizer=null }
06-13 12:12:28.773  2412  2822 V WindowManager:     info={id=184 t=OPEN f=0x0 trk=0 r=[0@Point(0, 0)] c=[
06-13 12:12:28.773  2412  2822 V WindowManager:         {WCT{RemoteToken{82bcee Task{35c83e #374 type=standard A=10335:com.android.chrome}}} m=OPEN f=NONE leash=Surface(name=Task=374#2550)/@0xf6244f0 sb=Rect(0, 0 - 1220, 2712) eb=Rect(0, 0 - 1220, 2712) epz=Point(1220, 2712) d=0 taskParent=-1 winMode=1 userId=0},
06-13 12:12:28.773  2412  2822 V WindowManager:         {WCT{RemoteToken{7872818 Task{3ee6c72 #1 type=home}}} m=TO_BACK f=SHOW_WALLPAPER leash=Surface(name=Task=1#44)/@0x65f0449 sb=Rect(0, 0 - 1220, 2712) eb=Rect(0, 0 - 1220, 2712) epz=Point(1220, 2712) d=0 taskParent=-1 winMode=1 userId=0}
06-13 12:12:28.773  2412  2822 V WindowManager:     ]}
06-13 12:12:28.774  3103  3150 V ShellDesktopMode: DesktopModeLogger: taskInfo map after processing changes 0
06-13 12:12:28.774  3103  3150 D ShellDesktopMode: DesktopTaskChangeListener: onTaskMovingToBack for taskId=1, displayId=0 - desktop not supported
06-13 12:12:28.774  3103  3150 D ShellDesktopMode: DesktopTaskChangeListener: onTaskOpening for taskId=374, displayId=0 userId=0 currentUserId=0 parentTaskId=-1 isFreeform=false isActive=false
06-13 12:12:28.774  3103  3150 D ShellDesktopMode: DesktopTaskChangeListener: onTaskOpening for taskId=374, displayId=0 - desktop not supported
06-13 12:12:28.781  3103  3150 V ShellTaskOrganizer: Task appeared taskId=374 listener=FullscreenTaskListener
06-13 12:12:28.781  3103  3150 V ShellTaskOrganizer: Fullscreen Task Appeared: #374
06-13 12:12:28.787 11044 11044 I DisplayManager: Implicitly registering for refresh rate
06-13 12:12:28.884  2412  3050 D BackgroundInstallControlService: Package event received: 0
06-13 12:12:29.063  2412  6583 D CoreBackPreview: Window{650310a u0 com.android.chrome/com.google.android.apps.chrome.Main}: Setting back callback OnBackInvokedCallbackInfo{mCallback=android.window.IOnBackInvokedCallback$Stub$Proxy@c4853d6, mPriority=-1, mIsAnimationCallback=false, mOverrideBehavior=0}
06-13 12:12:29.074  3103  3150 D Bubbles : BubbleController.onStatusBarVisibilityChanged() visible=true stackExpanded=false isSplitStatusBarImmersive=false
06-13 12:12:29.091  3103  3150 D Bubbles : BubbleController.BubblesImeListener.onImeVisibilityChanged visible=truerunnable=null stackView=com.android.wm.shell.bubbles.BubbleStackView{12c9776 IFE...C.. ......ID 0,0-1220,2712}
06-13 12:12:29.117  3103  3150 D Bubbles : BubbleController.BubblesImeListener.onImeVisibilityChanged visible=truerunnable=null stackView=com.android.wm.shell.bubbles.BubbleStackView{12c9776 IFE...C.. ......ID 0,0-1220,2712}
06-13 12:12:29.245  2412  2843 W ActivityManager: Slow operation: 179ms so far, now at startProcess: returned from zygote!
06-13 12:12:29.245  2412  2843 W ActivityManager: Slow operation: 179ms so far, now at startProcess: done updating battery stats
06-13 12:12:29.245  2412  2843 W ActivityManager: Slow operation: 179ms so far, now at startProcess: building log message
06-13 12:12:29.245  2412  2843 I ActivityManager: Start proc 11325:com.android.chrome:sandboxed_process0:org.chromium.content.app.SandboxedProcessService0:0/u0ai0 for  {com.android.chrome/org.chromium.content.app.SandboxedProcessService0:0}
06-13 12:12:29.245  2412  2843 W ActivityManager: Slow operation: 179ms so far, now at startProcess: starting to update pids map
06-13 12:12:29.246  2412  2843 W ActivityManager: Slow operation: 180ms so far, now at startProcess: done updating pids map
06-13 12:12:29.252  2412  2412 W AccessibilityManagerService:  wait for adding window timeout: 301
06-13 12:12:29.279  2412  2822 V WindowManager: Finish Transition (#184): created at 06-13 12:12:28.703 collect-started=0.051ms request-sent=9.685ms started=16.658ms ready=24.338ms sent=66.191ms commit=22.136ms finished=575.572ms
06-13 12:12:29.290  3103  3150 D Bubbles : onLocusVisibilityChanged=Overview|DISABLED visible=false taskId=1
06-13 12:12:29.309  2412  3050 D BackgroundInstallControlService: Package event received: 0
06-13 12:12:29.374  2412  2931 D ActivityManager: freezing 4695 com.android.providers.calendar
06-13 12:12:29.396  2412  3050 D BackgroundInstallControlService: Package event received: 0
06-13 12:12:29.409  2412  2843 I ActivityManager: Start proc 11344:com.android.chrome:privileged_process0/u0a335 for service {com.android.chrome/org.chromium.content.app.PrivilegedProcessService0}
06-13 12:12:29.506  2412  3050 D BackgroundInstallControlService: Package event received: 0
06-13 12:12:29.518  2412  3050 D BackgroundInstallControlService: Package event received: 0
06-13 12:12:29.555  3466  3466 D InsetsController: hide(ime())
06-13 12:12:29.557  3466  3466 D InsetsController: Setting requestedVisibleTypes to 502 (was 510)
06-13 12:12:29.565  2412  3568 D CoreBackPreview: Window{692b9fc u0 com.android.launcher3/com.android.launcher3.CustomLauncher}: Setting back callback OnBackInvokedCallbackInfo{mCallback=android.window.IOnBackInvokedCallback$Stub$Proxy@171aada, mPriority=0, mIsAnimationCallback=true, mOverrideBehavior=0}
06-13 12:12:29.568  3103  3150 D Bubbles : BubbleController.BubblesImeListener.onImeVisibilityChanged visible=falserunnable=null stackView=com.android.wm.shell.bubbles.BubbleStackView{12c9776 IFE...C.. ......ID 0,0-1220,2712}
06-13 12:12:29.584  2412  3050 D BackgroundInstallControlService: Package event received: 0
06-13 12:12:29.597  2412  3050 D BackgroundInstallControlService: Package event received: 0
06-13 12:12:29.618  2412  2843 I ActivityManager: Start proc 11367:com.android.adservices.api/u0a389 for service {com.android.adservices.api/com.android.adservices.measurement.MeasurementService}
06-13 12:12:29.711  2412  2897 I ActivityManager: Process com.android.permissioncontroller (pid 10373) has died: cch  +75 CEM 
06-13 12:12:29.903  2412  3050 D BackgroundInstallControlService: Package event received: 0
06-13 12:12:30.005  2412  2931 D ActivityManager: freezing 5932 com.google.android.youtube
06-13 12:12:30.100  2412  2931 D ActivityManager: freezing 9149 com.instagram.android
06-13 12:12:30.233  3103  3150 D ShellBackPreview: Finishing gesture with event action: 1
06-13 12:12:30.233  3103  3150 D ShellBackPreview: onGestureFinished called while no gesture is started
06-13 12:12:30.265  2412  2931 D ActivityManager: freezing 13166 com.xiaomi.wearable:persistent
06-13 12:12:30.301  2412  3050 D BackgroundInstallControlService: Package event received: 0
06-13 12:12:30.330  2412  2843 I ActivityManager: Start proc 11433:com.android.chrome:sandboxed_process0:org.chromium.content.app.SandboxedProcessService0:1/u0ai1 for  {com.android.chrome/org.chromium.content.app.SandboxedProcessService0:1}
06-13 12:12:30.332  2412  3826 W ContentProviderHelper: Permission Denial: opening provider ru.zdevs.zarchiver.provider.ArchiveFileProvider from ProcessRecord{2418723 11044:com.android.chrome/u0a335} (pid=11044, uid=10335) that is not exported from UID 10417
06-13 12:12:30.342  2412  3826 W ContentProviderHelper: Permission Denial: opening provider ru.zdevs.zarchiver.provider.ArchiveFileProvider from ProcessRecord{2418723 11044:com.android.chrome/u0a335} (pid=11044, uid=10335) that is not exported from UID 10417
06-13 12:12:30.363  2412  2843 I ActivityManager: Start proc 11442:com.android.chrome:sandboxed_process0:org.chromium.content.app.SandboxedProcessService0:2/u0ai2 for  {com.android.chrome/org.chromium.content.app.SandboxedProcessService0:2}
06-13 12:12:30.364  2412  2931 D ActivityManager: freezing 10258 com.xiaomi.wearable:device
06-13 12:12:30.401  2412  3050 D BackgroundInstallControlService: Package event received: 0
06-13 12:12:30.419  2412  3050 D BackgroundInstallControlService: Package event received: 0
06-13 12:12:30.528  2412  3050 D BackgroundInstallControlService: Package event received: 0
06-13 12:12:30.544  2412  3569 W ContentProviderHelper: Permission Denial: opening provider ru.zdevs.zarchiver.provider.ArchiveFileProvider from ProcessRecord{2418723 11044:com.android.chrome/u0a335} (pid=11044, uid=10335) that is not exported from UID 10417
06-13 12:12:30.562 11344 11392 I DisplayManager: Choreographer implicitly registered for the refresh rate.
06-13 12:12:30.569  2412  2807 I ActivityManager: Killing 11433:com.android.chrome:sandboxed_process0:org.chromium.content.app.SandboxedProcessService0:1/u0a335i-8999 (adj 0): isolated not needed
06-13 12:12:30.601  2412  3050 D BackgroundInstallControlService: Package event received: 0
06-13 12:12:30.615  2412  3050 D BackgroundInstallControlService: Package event received: 0
06-13 12:12:30.674  2412  3050 D BackgroundInstallControlService: Package event received: 0
06-13 12:12:30.727  2412  3050 D BackgroundInstallControlService: Package event received: 0
06-13 12:12:30.727  2412  2931 D ActivityManager: freezing 8818 com.facebook.stella
06-13 12:12:30.813  2412  3050 D BackgroundInstallControlService: Package event received: 0
06-13 12:12:30.822  2412  3050 D BackgroundInstallControlService: Package event received: 0
06-13 12:12:30.841  2412  2807 I ActivityManager: Process com.borconi.emil.wifilauncherforhur (pid 10095) has died: cch  +75 CEM 
06-13 12:12:30.900  2412  2843 I ActivityManager: Start proc 11484:com.android.chrome:sandboxed_process0:org.chromium.content.app.SandboxedProcessService0:3/u0ai3 for  {com.android.chrome/org.chromium.content.app.SandboxedProcessService0:3}
06-13 12:12:30.900  2412  3050 D BackgroundInstallControlService: Package event received: 0
06-13 12:12:30.970  2412  3050 D BackgroundInstallControlService: Package event received: 0
06-13 12:12:31.067  2412  2843 I ActivityManager: Start proc 11510:com.android.chrome:sandboxed_process0:org.chromium.content.app.SandboxedProcessService0:4/u0ai4 for  {com.android.chrome/org.chromium.content.app.SandboxedProcessService0:4}
06-13 12:12:31.070  2412  3846 I ActivityManager: Killing 11484:com.android.chrome:sandboxed_process0:org.chromium.content.app.SandboxedProcessService0:3/u0a335i-8997 (adj 0): isolated not needed
06-13 12:12:31.139  2412  3050 D BackgroundInstallControlService: Package event received: 0
06-13 12:12:31.145  2412  4093 W PackageConfigPersister: App-specific configuration not found for packageName: com.android.chrome and userId: 0
06-13 12:12:31.194  2412  3835 I ActivityManager: Killing 11510:com.android.chrome:sandboxed_process0:org.chromium.content.app.SandboxedProcessService0:4/u0a335i-8996 (adj 0): isolated not needed
06-13 12:12:31.362  2412  2931 D ActivityManager: freezing 9607 com.facebook.katana
06-13 12:12:31.394  2412  3050 D BackgroundInstallControlService: Package event received: 0
06-13 12:12:31.400  3103  3150 D ShellBackPreview: Finishing gesture with event action: 1
06-13 12:12:31.400  3103  3150 D ShellBackPreview: onGestureFinished called while no gesture is started
06-13 12:12:31.402  2412  4093 D CoreBackPreview: Window{bb97e9e u0 PopupWindow:286de3f}: Setting back callback OnBackInvokedCallbackInfo{mCallback=android.window.IOnBackInvokedCallback$Stub$Proxy@e101611, mPriority=0, mIsAnimationCallback=false, mOverrideBehavior=0}
06-13 12:12:32.315  2412  2931 D ActivityManager: freezing 10790 com.google.android.partnersetup
06-13 12:12:33.160  2412  2931 D ActivityManager: freezing 11087 com.android.externalstorage
06-13 12:12:33.162  2412  2931 D ActivityManager: freezing 11141 org.kustom.widget:editor
06-13 12:12:33.164  2412  2931 D ActivityManager: freezing 10961 org.kustom.widget
06-13 12:12:33.392  2412  2931 D ActivityManager: freezing 10806 com.sirma.mobile.bible.android
06-13 12:12:33.518  2412  2808 D CoreBackPreview: Window{bb97e9e u0 PopupWindow:286de3f}: Setting back callback null
06-13 12:12:33.540  2412  2808 D CompatChangeReporter: Compat change id reported: 358129114; UID 10335; state: ENABLED
06-13 12:12:33.544  2412  2808 I ActivityTaskManager: START u0 {xflg=0x4 cmp=com.android.chrome/org.chromium.chrome.browser.settings.SettingsActivity} with LAUNCH_MULTIPLE from uid 10335 (com.android.chrome) (sr=156143865) (BAL_ALLOW_VISIBLE_WINDOW) result code=0
06-13 12:12:33.545  3103  3150 D ShellSplitScreen: logExit: no-op, mLoggerSessionId is null
06-13 12:12:33.545  3103  3150 V ShellDesktopMode: DesktopTasksController: handleRequest request=TransitionRequestInfo { type = OPEN, triggerTask = TaskInfo{userId=0 taskId=374 effectiveUid=10335 displayId=0 isRunning=true baseIntent=Intent { act=android.intent.action.MAIN cat=[android.intent.category.LAUNCHER] flg=0x10200000 cmp=com.android.chrome/com.google.android.apps.chrome.Main } baseActivity=ComponentInfo{com.android.chrome/org.chromium.chrome.browser.ChromeTabbedActivity} topActivity=ComponentInfo{com.android.chrome/org.chromium.chrome.browser.settings.SettingsActivity} origActivity=ComponentInfo{com.android.chrome/com.google.android.apps.chrome.Main} realActivity=ComponentInfo{com.android.chrome/org.chromium.chrome.browser.ChromeTabbedActivity} numActivities=2 lastActiveTime=11622279 supportsMultiWindow=true resizeMode=2 isResizeable=true minWidth=-1 minHeight=-1 defaultMinSize=220 token=WCT{android.os.BinderProxy@26cc6d1} topActivityType=1 pictureInPictureParams=null shouldDockBigOverlays=false launchIntoPipHostTaskId=-1 lastParentTaskIdBeforePip=-1 displayCutoutSafeInsets=Rect(0, 0 - 0, 0) topActivityInfo=ActivityInfo{573a1bc org.chromium.chrome.browser.settings.SettingsActivity} launchCookies=[android.os.BinderProxy@4555c37] positionInParent=Point(0, 0) parentTaskId=-1 isFocused=true isVisible=true isVisibleRequested=true isTopActivityNoDisplay=false isSleeping=false locusId=null displayAreaFeatureId=1 isTopActivityTransparent=false isActivityStackTransparent=false lastNonFullscreenBounds=null capturedLink=null capturedLinkTimestamp=0 requestedVisibleTypes=503 topActivityRequestOpenInBrowserEducationTimestamp=0 appCompatTaskInfo=AppCompatTaskInfo { topActivityInSizeCompat=false isLeafTask= true eligibleForLetterboxEducation= false isLetterboxEducationEnabled= false isLetterboxDoubleTapEnabled= false eligibleForUserAspectRatioButton= false topActivityBoundsLetterboxed= false isFromLetterboxDoubleTap= false topActivityLetterboxVerticalPosition= -1 topActivityLetterboxHorizontalPosition= -1 topActivityLetterboxWidth=-1 topActivityLetterboxHeight=-1 topActivityAppBounds=Rect(0, 0 - 1220, 2712) isUserFullscreenOverrideEnabled=false isSystemFullscreenOverrideEnabled=false hasMinAspectRatioOverride=false topActivityLetterboxBounds=null cameraCompatTaskInfo=CameraCompatTaskInfo { cameraCompatMode=undefinedundefined} topNonResizableActivityAspectRatio=-1.0} topActivityMainWindowFrame=null isAppBubble=false isTopAppLocked=false}, pipChange = null, remoteTransitionInfo = null, displayChange = null, requestedLocation = null, userChange = null, windowingLayerChange = null, flags = 0, debugId = 185 }
06-13 12:12:33.545  3103  3150 V ShellDesktopMode: DesktopTasksController: skipping handleRequest reason=triggerTask's display doesn't support desktop mode
06-13 12:12:33.547  2412  2825 V WindowManager: Unknown focus tokens, dropping reportFocusChanged
06-13 12:12:33.573  2412  3050 D BackgroundInstallControlService: Package event received: 0
06-13 12:12:33.581  2412  3050 D BackgroundInstallControlService: Package event received: 0
06-13 12:12:33.581  2412  3050 D BackgroundInstallControlService: Package event received: 0
06-13 12:12:33.640  2412  2808 D CoreBackPreview: Window{da51fc2 u0 com.android.chrome/org.chromium.chrome.browser.settings.SettingsActivity}: Setting back callback OnBackInvokedCallbackInfo{mCallback=android.window.IOnBackInvokedCallback$Stub$Proxy@1d01409, mPriority=-1, mIsAnimationCallback=false, mOverrideBehavior=0}
06-13 12:12:33.719  3103  3150 V ShellDesktopMode: DesktopModeLogger: taskInfo map after processing changes 0
06-13 12:12:33.720  3103  3150 D ShellSplitScreen: startAnimation: transition=185 isSplitActive=false
06-13 12:12:33.720  3103  3150 V ShellDesktopMode: DesktopMixedTransitionHandler: No pending desktop transition
