06-13 12:13:30.518  2412  2842 I ActivityManager: Waited long enough for: ServiceRecord{8527d57 u0 com.xiaomi.wearable/com.xiaomi.xms.wearable.WearableXmsService c:com.xiaomi.wearable}
06-13 12:13:30.697   857 12103 I keystore2: system/security/keystore2/watchdog/src/lib.rs:371 - Watchdog thread idle -> terminating. Have a great day.
06-13 12:13:36.360  2412  2823 D WindowManager: powerPress: eventTime=10600119 interactive=true count=1 mShortPressOnPowerBehavior=1
06-13 12:13:36.360  2412  2823 I PowerGroup: Powering off display group due to power_button (groupId= 0, uid= 1000, millisSinceLastUserActivity=16598, lastUserActivityEvent=other)...
06-13 12:13:36.362  2412  2823 I PowerManagerService: Going to sleep due to power_button (uid 1000, screenOffTimeout=600000, activityTimeoutWM=-1, maxDimRatio=0.20000005, maxDimDur=7000)...
06-13 12:13:36.363  2412  2865 I PowerGroup: dreamManagerAttemptedDozing status changed to true for group 0
06-13 12:13:36.364  2412  2865 I DreamManagerService: Entering dreamland.
06-13 12:13:36.367  2412  3050 D BackgroundInstallControlService: Package event received: 0
06-13 12:13:36.367  2412  2865 I PowerManagerService: Dozing...
06-13 12:13:36.384  2412  2412 W ProcessStats: Tracking association SourceState{54f25d6 system/1000 BFgs #38164} whose proc state 4 is better than process ProcessState{e50645 com.google.android.ext.services/10244 pkg=com.google.android.ext.services} proc state 14 (7 skipped)
06-13 12:13:36.395  2412  2822 I DreamController: Starting dream: name=ComponentInfo{com.android.systemui/com.android.systemui.doze.DozeService}, isPreviewMode=false, canDoze=true, userId=0, reason='power manager request'
06-13 12:13:36.400  2412  3050 D BackgroundInstallControlService: Package event received: 0
06-13 12:13:36.455  3103  3103 V DreamService[DozeService]: UpdateDoze mDozeScreenState=2 mDozeScreenBrightness=0.06667
06-13 12:13:36.455  2412  3846 D DreamManagerService: Dream requested to start dozing: android.os.Binder@2003b80, screenState=ON, reason=UNKNOWN, screenBrightness=0.06667, useNormalBrightnessForDoze=false
06-13 12:13:36.479  2412  2865 I DisplayBrightnessStrategySelector: Changing the DisplayBrightnessStrategy from AutomaticBrightnessStrategy to DozeBrightnessStrategy for display 0
06-13 12:13:36.482  2412  2865 V DisplayPowerController[0]: Brightness [0.06667] reason changing to: 'doze', previous reason: 'automatic'.
06-13 12:13:36.483  2412  2865 I DisplayPowerController[0]: BrightnessEvent: brt=0.06667(45.0%), nits=66.91989, lux=-1.0, reason=doze, strat=DozeBrightnessStrategy, state=ON, stateReason=UNKNOWN, policy=DOZE, flags=, initBrt=0.102936715, rcmdBrt=NaN, preBrt=NaN, preLux=0.0, wasShortTermModelActive=true, autoBrightness=true (default), unclampedBrt=0.06667, hbmMax=1.0, hbmMode=sunlight, thrmMax=1.0, rbcStrength=90, powerFactor=1.0, physDisp=Built-in Screen(local:4630946370515662721), logicalId=0, slowChange=false, rampSpeed=1.0
06-13 12:13:36.490  2412  6524 D SystemServerTiming: getUserSwitchability-0
06-13 12:13:36.490  2412  6524 D SystemServerTiming: TM.isInCall
06-13 12:13:36.490  2412  3846 D SystemServerTiming: getUserSwitchability-0
06-13 12:13:36.491  2412  3846 D SystemServerTiming: TM.isInCall
06-13 12:13:36.493  2412  3846 D SystemServerTiming: hasUserRestriction-DISALLOW_USER_SWITCH
06-13 12:13:36.493  2412  3846 D SystemServerTiming: getInt-ALLOW_USER_SWITCHING_WHEN_SYSTEM_USER_LOCKED
06-13 12:13:36.493  2412  3846 D SystemServerTiming: isUserUnlocked-USER_SYSTEM
06-13 12:13:36.494  2412  6524 D SystemServerTiming: hasUserRestriction-DISALLOW_USER_SWITCH
06-13 12:13:36.495  2412  6524 D SystemServerTiming: getInt-ALLOW_USER_SWITCHING_WHEN_SYSTEM_USER_LOCKED
06-13 12:13:36.495  2412  6524 D SystemServerTiming: isUserUnlocked-USER_SYSTEM
06-13 12:13:36.507  2412  2842 D ActivityManager: sync unfroze 9607 com.facebook.katana for 3
06-13 12:13:36.515  2412  2412 I PowerManagerService: onFlip(): Face up.
06-13 12:13:36.520  2412  2945 D DisplayRefreshRateController: onScreenOff, restore refresh rate
06-13 12:13:36.520  2412  2945 D DisplayRefreshRateController: notifyRefreshRateChanged, refreshRate: -1
06-13 12:13:36.577  2412  3038 I MR2ServiceImpl: Updating composite discovery preference | preference: RouteDiscoveryRequest{ preferredFeatures={}, activeScan=false }, active routers: []
06-13 12:13:36.712  2412  3820 W AppOps  : Noting op not finished: uid 10295 pkg com.google.android.gms code 79 startTime of in progress event=1781327591591
06-13 12:13:36.720  2412  3820 W AppOps  : Noting op not finished: uid 10295 pkg com.google.android.gms code 113 startTime of in progress event=1781327591591
06-13 12:13:36.725  2412  3820 W AppOps  : Noting op not finished: uid 10295 pkg com.google.android.gms code 113 startTime of in progress event=1781327591591
06-13 12:13:36.738  2412  3050 D BackgroundInstallControlService: Package event received: 0
06-13 12:13:37.010  3103  3103 D InsetsController: Setting requestedVisibleTypes to 501 (was 503)
06-13 12:13:37.713  2412  3846 W AppOps  : Noting op not finished: uid 10295 pkg com.google.android.gms code 113 startTime of in progress event=1781327591591
06-13 12:13:37.724  2412  3050 D BackgroundInstallControlService: Package event received: 0
06-13 12:13:37.739  2412  3846 D WindowManager: Add SleepToken: tag=keyguard, displayId=0
06-13 12:13:37.739  2412  3846 D ActivityTaskManager: Top Process State changed to PROCESS_STATE_TOP_SLEEPING
06-13 12:13:37.740  3103  3150 V ShellDesktopMode: DesktopTasksController: handleRequest request=TransitionRequestInfo { type = TO_FRONT, triggerTask = null, pipChange = null, remoteTransitionInfo = null, displayChange = null, requestedLocation = null, userChange = null, windowingLayerChange = null, flags = 2048, debugId = 189 }
06-13 12:13:37.740  3103  3150 V ShellDesktopMode: DesktopTasksController: skipping handleRequest reason=triggerTask is null
06-13 12:13:37.747  3103  3230 D Bubbles : handleKeyguardOrDreamChange isUnlockedShade=false keyguardShowing=true dreamingOrInPreview=true
06-13 12:13:37.748  3103  3150 D Bubbles : BubbleController.onStatusBarStateChanged() isShade=false didChange=true mNotifEntryToExpandOnShadeUnlock=null
06-13 12:13:37.748  3103  3150 V Bubbles : BubbleController.updateBubbleViews() mIsStatusBarShade=false hasBubbles=false
06-13 12:13:37.755  3103  3150 V ShellDesktopMode: DesktopModeLogger: taskInfo map after processing changes 0
06-13 12:13:37.755  3103  3150 D ShellDesktopMode: DesktopTaskChangeListener: onTaskMovingToBack for taskId=376, displayId=0 - desktop not supported
06-13 12:13:37.756  3103  3150 D KeyguardService: Starts IRemoteAnimationRunner: info={id=189 t=TO_FRONT f=0x840 trk=0 r=[0@Point(0, 0)] c=[{m=TO_BACK f=NONE p=WCT{android.os.BinderProxy@ae4a1ce} leash=Surface(name=Task=376#2649)/@0x889d564 sb=Rect(0, 0 - 1220, 2712) eb=Rect(0, 0 - 1220, 2712) epz=Point(1220, 2712) d=0 taskParent=-1 winMode=1 userId=0},{m=TO_BACK f=FLAG_IS_TASK_DISPLAY_AREA leash=Surface(name=DefaultTaskDisplayArea#10)/@0x10c83cd sb=Rect(0, 0 - 1220, 2712) eb=Rect(0, 0 - 1220, 2712) epz=Point(1220, 2712) d=0}]}
06-13 12:13:37.763  3103  3150 D KeyguardService: Unexpected transit type: 3
06-13 12:13:37.763  3103  3150 D KeyguardService: Finish IRemoteAnimationRunner.
06-13 12:13:37.790  2412  3835 D SystemServerTiming: getUserSwitchability-0
06-13 12:13:37.791  2412  3835 D SystemServerTiming: TM.isInCall
06-13 12:13:37.793  2412  2822 V WindowManager: Sent Transition (#189) createdAt=06-13 12:13:37.736 via request=TransitionRequestInfo { type = TO_FRONT, triggerTask = null, pipChange = null, remoteTransitionInfo = null, displayChange = null, requestedLocation = null, userChange = null, windowingLayerChange = null, flags = 2048, debugId = 189 }
06-13 12:13:37.793  2412  2822 V WindowManager:     startWCT=WindowContainerTransaction { changes= {} hops= [] errorCallbackToken=null taskFragmentOrganizer=null }
06-13 12:13:37.793  2412  3835 D SystemServerTiming: hasUserRestriction-DISALLOW_USER_SWITCH
06-13 12:13:37.793  2412  3835 D SystemServerTiming: getInt-ALLOW_USER_SWITCHING_WHEN_SYSTEM_USER_LOCKED
06-13 12:13:37.794  2412  3835 D SystemServerTiming: isUserUnlocked-USER_SYSTEM
06-13 12:13:37.794  2412  2822 V WindowManager:     info={id=189 t=TO_FRONT f=0x840 trk=0 r=[0@Point(0, 0)] c=[
06-13 12:13:37.794  2412  2822 V WindowManager:         {WCT{RemoteToken{31ffbc8 Task{64df414 #376 type=standard A=10441:org.localsend.localsend_app}}} m=TO_BACK f=NONE p=WCT{RemoteToken{d539271 DefaultTaskDisplayArea@130076354}} leash=Surface(name=Task=376#2649)/@0x8396dba sb=Rect(0, 0 - 1220, 2712) eb=Rect(0, 0 - 1220, 2712) epz=Point(1220, 2712) d=0 taskParent=-1 winMode=1 userId=0},
06-13 12:13:37.794  2412  2822 V WindowManager:         {WCT{RemoteToken{d539271 DefaultTaskDisplayArea@130076354}} m=TO_BACK f=FLAG_IS_TASK_DISPLAY_AREA leash=Surface(name=DefaultTaskDisplayArea#10)/@0xfa45a50 sb=Rect(0, 0 - 1220, 2712) eb=Rect(0, 0 - 1220, 2712) epz=Point(1220, 2712) d=0}
06-13 12:13:37.794  2412  2822 V WindowManager:     ]}
06-13 12:13:37.794  2412  2822 V WindowManager: Finish Transition (#189): created at 06-13 12:13:37.736 collect-started=0.055ms request-sent=0.102ms started=9.907ms ready=9.883ms sent=14.504ms commit=17.007ms finished=48.098ms
06-13 12:13:37.798  2412  6583 I ActivityManager: Process com.google.android.partnersetup (pid 10790) has died: cch  +85 CEM 
06-13 12:13:37.811  2412  3050 D BackgroundInstallControlService: Package event received: 0
06-13 12:13:37.833  2412  2843 I ActivityManager: Start proc 12666:com.instagram.android/u0a466 for service {com.instagram.android/com.instagram.jobscheduler.bgfetch.scheduler.IgBgFetchSchedulerService}
06-13 12:13:37.855  2412  3050 D BackgroundInstallControlService: Package event received: 0
06-13 12:13:37.880  2412  2825 I DisplayDeviceRepository: Display device changed render timings: "Built-in Screen", renderFrameRate=60.000004, presentationDeadlineNanos=13333333, appVsyncOffsetNanos=7333333, frameRateOverrides=[]
06-13 12:13:37.881  2412  2823 D WindowManager: DeferredDisplayUpdater: partially applying DisplayInfo(1220 x 2712) immediately
06-13 12:13:37.901  2412  3050 D BackgroundInstallControlService: Package event received: 0
06-13 12:13:38.020  2412  2822 I UsbPortManager: USB HAL AIDL version: USB_HAL_V2_0
06-13 12:13:38.020  2412  2822 I UsbDeviceManager: Setting USB config to 
06-13 12:13:38.020  2412  2822 D UsbDeviceManager: setUsbConfig(1) request:10
06-13 12:13:38.636  2412  6524 I UsbDeviceManager: Usb setCurrentUsbFunctionsCb ,functions:1 ,status:0 ,transactionId:41
06-13 12:13:38.636  2412  6524 I UsbDeviceManager: notifyCurrentFunction request:10 status:0
06-13 12:13:38.743  2412  2822 V WindowManager: Sent Transition (#190) createdAt=06-13 12:13:38.741 via request=TransitionRequestInfo { type = SLEEP, triggerTask = null, pipChange = null, remoteTransitionInfo = null, displayChange = null, requestedLocation = null, userChange = null, windowingLayerChange = null, flags = 0, debugId = 190 }
06-13 12:13:38.743  2412  2822 V WindowManager:     startWCT=null
06-13 12:13:38.743  2412  2822 V WindowManager:     info={id=190 t=SLEEP f=0x40 trk=0 r=[] c=[]}
06-13 12:13:38.744  2412  6524 W Transition: Transition already started id=190 state=2
06-13 12:13:38.745  2412  2822 V WindowManager: Finish Transition (#190): created at 06-13 12:13:38.741 collect-started=0.041ms request-sent=0.067ms started=0.306ms ready=0.301ms sent=1.085ms finished=3.912ms
06-13 12:13:38.841  2412  3050 D BackgroundInstallControlService: Package event received: 0
06-13 12:13:38.849  2412  2843 I ActivityManager: Start proc 12758:com.android.rkpdapp/u0a401 for service {com.android.rkpdapp/com.android.rkpdapp.service.RemoteProvisioningService}
06-13 12:13:38.945  2412  3050 D BackgroundInstallControlService: Package event received: 0
06-13 12:13:39.199  2412  2898 W ActivityManager: Background start not allowed: service Intent { xflg=0x4 cmp=com.instagram.android/com.instagram.jobscheduler.bgfetch.scheduler.IgBgFetchTaskLifeService (has extras) } to com.instagram.android/com.instagram.jobscheduler.bgfetch.scheduler.IgBgFetchTaskLifeService from pid=12666 uid=10466 pkg=com.instagram.android startFg?=false
06-13 12:13:39.231  2412  2920 W JobServiceContext: Sending onNetworkChanged for a job that isn't started. JobStatus{70242e9 #u0a466/2131434982 com.instagram.android/com.instagram.jobscheduler.bgfetch.scheduler.IgBgFetchSchedulerService u=0 s=10466 TIME=-7s43ms:none NET PERSISTED READY}
06-13 12:13:39.350  2412  2898 W ActivityManager: Background start not allowed: service Intent { act=Orca.START xflg=0x4 cmp=com.instagram.android/com.facebook.rti.pushv2.inapp.InappFbnsService (has extras) } to com.instagram.android/com.facebook.rti.pushv2.inapp.InappFbnsService from pid=12666 uid=10466 pkg=com.instagram.android startFg?=false
06-13 12:13:39.446  2412  3824 I ActivityManager: Process org.kustom.widget (pid 10961) has died: cch  +85 CEM 
06-13 12:13:39.447  2412  3824 D ActivityManager: sync unfroze 11141 org.kustom.widget:editor for 33
06-13 12:13:39.447  2412  3824 D CompatChangeReporter: Compat change id reported: 311208629; UID 10528; state: ENABLED
06-13 12:13:39.448  2412  3824 W ActivityManager: Scheduling restart of crashed service org.kustom.widget/org.kustom.lib.services.CoreService in 10000ms for connection
06-13 12:13:39.474  2412  2841 W ActivityManager: Rescheduling restart of crashed service org.kustom.widget/org.kustom.lib.services.CoreService in 19974ms for mem-pressure-event
06-13 12:13:39.497  2412  2989 D CompatChangeReporter: Compat change id reported: 151861875; UID 10528; state: ENABLED
06-13 12:13:39.517  2412  2843 I ActivityManager: Start proc 12886:org.kustom.widget/u0a528 for content provider {org.kustom.widget/org.kustom.lib.provider.StatsProvider}
06-13 12:13:39.691  2412  2841 W ActivityManager: Rescheduling restart of crashed service org.kustom.widget/org.kustom.lib.services.CoreService in 9758ms for mem-pressure-event
06-13 12:13:39.776  2412  3824 D CompatChangeReporter: Compat change id reported: 311208749; UID 10528; state: ENABLED
06-13 12:13:39.777  2412  3824 E ActivityManager: Background started FGS: Disallowed [callingPackage: org.kustom.widget; callingUid: 10528; uidState: SVC ; uidBFSL: n/a; intent: Intent { xflg=0x4 cmp=org.kustom.widget/.WidgetService (has extras) }; code:DENIED; tempAllowListReason:<null>; allowWiu:-1; targetSdkVersion:35; callerTargetSdkVersion:35; startForegroundCount:0; bindFromPackage:null: isBindService:false]
06-13 12:13:39.779  2412  3824 W ActivityManager: startForegroundService() not allowed due to mAllowStartForeground false: service org.kustom.widget/.WidgetService
06-13 12:13:39.779  2412  3824 D CompatChangeReporter: Compat change id reported: 313677553; UID 10528; state: ENABLED
06-13 12:13:39.799  2412  3824 D CompatChangeReporter: Compat change id reported: 311402873; UID 10528; state: ENABLED
06-13 12:13:39.800  2412  3824 D CompatChangeReporter: Compat change id reported: 323349338; UID 10528; state: ENABLED
06-13 12:13:39.857  2412  3050 D BackgroundInstallControlService: Package event received: 0
06-13 12:13:39.927  2412  3824 W ActivityManager: Receiver with filter android.content.IntentFilter@9f6bda8 already registered for pid 12886, callerPackage is org.kustom.widget
06-13 12:13:39.935  2412  3826 W ActivityManager: Receiver with filter android.content.IntentFilter@9ce0c54 already registered for pid 12886, callerPackage is org.kustom.widget
06-13 12:13:39.942  2412  3826 W ActivityManager: Receiver with filter android.content.IntentFilter@716dc9f already registered for pid 12886, callerPackage is org.kustom.widget
06-13 12:13:39.943  2412  3824 W ActivityManager: Receiver with filter android.content.IntentFilter@79239b5 already registered for pid 12886, callerPackage is org.kustom.widget
06-13 12:13:39.944  2412  3826 W ActivityManager: Receiver with filter android.content.IntentFilter@dd5e84a already registered for pid 12886, callerPackage is org.kustom.widget
06-13 12:13:39.945  2412  3820 W ActivityManager: Receiver with filter android.content.IntentFilter@128e0d8 already registered for pid 12886, callerPackage is org.kustom.widget
06-13 12:13:39.953  2412  3820 W ActivityManager: Receiver with filter android.content.IntentFilter@e8ac069 already registered for pid 12886, callerPackage is org.kustom.widget
06-13 12:13:39.956  2412  3826 W ActivityManager: Receiver with filter android.content.IntentFilter@7b04e1c already registered for pid 12886, callerPackage is org.kustom.widget
06-13 12:13:39.956  2412  3820 W ActivityManager: Receiver with filter android.content.IntentFilter@385fa25 already registered for pid 12886, callerPackage is org.kustom.widget
06-13 12:13:39.958  2412  3824 W ActivityManager: Receiver with filter android.content.IntentFilter@3b3f1ab already registered for pid 12886, callerPackage is org.kustom.widget
06-13 12:13:40.002  2412  3050 D BackgroundInstallControlService: Package event received: 0
06-13 12:13:40.258  2412  3824 W ActivityManager: Background start not allowed: service Intent { act=Orca.START xflg=0x4 cmp=com.instagram.android/com.facebook.rti.pushv2.inapp.InappFbnsService (has extras) } to com.instagram.android/com.facebook.rti.pushv2.inapp.InappFbnsService from pid=12666 uid=10466 pkg=com.instagram.android startFg?=false
06-13 12:13:40.402  2412  3050 D BackgroundInstallControlService: Package event received: 0
06-13 12:13:40.415  2412  2843 I ActivityManager: Start proc 12968:com.facebook.stella/u0a519 for service {com.facebook.stella/com.meta.wearable.acdc.service.ACDCService}
06-13 12:13:40.456  3103  3103 V DreamService[DozeService]: UpdateDoze mDozeScreenState=3 mDozeScreenBrightness=0.06667
06-13 12:13:40.458  2412  3826 D DreamManagerService: Dream requested to start dozing: android.os.Binder@2003b80, screenState=DOZE, reason=UNKNOWN, screenBrightness=0.06667, useNormalBrightnessForDoze=false
06-13 12:13:40.462  2412  2865 I DisplayPowerController[0]: BrightnessEvent: brt=0.06667(45.0%), nits=66.91989, lux=-1.0, reason=doze, strat=DozeBrightnessStrategy, state=DOZE, stateReason=UNKNOWN, policy=DOZE, flags=, initBrt=0.06667, rcmdBrt=NaN, preBrt=NaN, preLux=0.0, wasShortTermModelActive=true, autoBrightness=true (default), unclampedBrt=0.06667, hbmMax=1.0, hbmMode=sunlight, thrmMax=1.0, rbcStrength=90, powerFactor=1.0, physDisp=Built-in Screen(local:4630946370515662721), logicalId=0, slowChange=false, rampSpeed=0.0
06-13 12:13:40.472  2412  2825 I DisplayDeviceRepository: Display device changed state: "Built-in Screen", DOZE
06-13 12:13:40.477  2412  3067 I LocalDisplayAdapter: SF.setDisplayPowerMode took 7ms
06-13 12:13:40.478  2412  2823 D WindowManager: DeferredDisplayUpdater: partially applying DisplayInfo(1220 x 2712) immediately
06-13 12:13:40.494  3103  3150 V ShellDesktopMode: DesktopDisplayModeController: canDesktopFirstModeBeEnabledOnDefaultDisplay: isDefaultDisplayDesktopEligible=false
06-13 12:13:40.496  2412  2865 D BrightnessThermalClamper: Thermal status observer already started
06-13 12:13:40.549  2412  3050 D BackgroundInstallControlService: Package event received: 0
06-13 12:13:41.345  2412  3826 W ActivityManager: Background start not allowed: service Intent { act=com.facebook.rti.fbns.intent.REGISTER xflg=0x4 cmp=com.instagram.android/com.facebook.rti.pushv2.inapp.InappFbnsService (has extras) } to com.instagram.android/com.facebook.rti.pushv2.inapp.InappFbnsService from pid=12666 uid=10466 pkg=com.instagram.android startFg?=false
06-13 12:13:41.660 12968 13160 E ActivityThread: Failed to find provider info for com.facebook.appmanager.attribution
06-13 12:13:41.890  2412  2931 D ActivityManager: freezing 12138 com.android.permissioncontroller
06-13 12:13:42.119  2412  2823 D WindowManager: Performing garbage collection for system_server
06-13 12:13:42.119  2412  2823 W Looper  : Slow dispatch took 632ms android.ui app=system_server main=false group=TOP_APP h=com.android.server.policy.PhoneWindowManager$PolicyHandler c=com.android.server.policy.PhoneWindowManager$13@3018ad4 m=0
06-13 12:13:44.188  2412  2931 D ActivityManager: freezing 4407 com.android.settings
06-13 12:13:44.323  2412  3826 W JobScheduler: Job didn't exist in JobStore: 70242e9 #u0a466/2131434982 com.instagram.android/com.instagram.jobscheduler.bgfetch.scheduler.IgBgFetchSchedulerService
06-13 12:13:44.346  2412  2931 D ActivityManager: freezing 12028 com.borconi.emil.wifilauncherforhur
06-13 12:13:44.722  2412  2931 D ActivityManager: freezing 12063 com.google.android.projection.gearhead:car
06-13 12:13:44.724  2412  2931 D ActivityManager: freezing 12045 com.google.android.projection.gearhead:shared
06-13 12:13:50.938  2412  2989 E BatteryStatsService: Invalid uid for waking network packet: -1
06-13 12:13:51.951  2412  2931 D ActivityManager: freezing 28058 com.whatsapp.w4b
06-13 12:13:52.247  2412  2825 W ProcessStats: Tracking association SourceState{42806d8 org.localsend.localsend_app/10441 Top #38289} whose proc state 1 is better than process ProcessState{1f17013 com.android.vending/10281 pkg=com.android.vending} proc state 2 (25 skipped)
06-13 12:13:53.483  2412  2931 D ActivityManager: freezing 12758 com.android.rkpdapp
06-13 12:13:53.878  2412  2931 D ActivityManager: freezing 12197 com.tokopedia.tkpd
06-13 12:13:53.979  2412  2931 D ActivityManager: freezing 4358 com.google.android.gms
06-13 12:13:54.420  2412  2931 D ActivityManager: freezing 12886 org.kustom.widget
06-13 12:13:54.423  2412  2931 D ActivityManager: freezing 11141 org.kustom.widget:editor
06-13 12:13:55.725  2412  2931 D ActivityManager: freezing 12968 com.facebook.stella
06-13 12:13:58.164  2412  2842 D ActivityManager: sync unfroze 28058 com.whatsapp.w4b for 3
06-13 12:13:58.178  2412  3050 D BackgroundInstallControlService: Package event received: 0
06-13 12:13:58.191  2412  6573 I ActivityManager: Background started FGS: Allowed [callingPackage: com.whatsapp.w4b; callingUid: 10406; uidState: SVC ; uidBFSL: n/a; intent: Intent { xflg=0x4 cmp=com.whatsapp.w4b/com.whatsapp.messaging.service.GcmFGService }; code:PUSH_MESSAGING; tempAllowListReason:<6a20495 com.google.android.c2dm.intent.RECEIVE/u0,reasonCode:PUSH_MESSAGING,duration:20000,callingUid:10295>; allowWiu:-1; targetSdkVersion:36; callerTargetSdkVersion:36; startForegroundCount:0; bindFromPackage:null: isBindService:false]
06-13 12:13:58.208  2412  3050 D BackgroundInstallControlService: Package event received: 0
06-13 12:13:58.212  2412  2990 W ActivityManager: Foreground service started from background can not have location/camera/microphone access: service com.whatsapp.w4b/com.whatsapp.messaging.service.GcmFGService
06-13 12:13:58.213  2412  2990 I ActivityManager: Background started FGS: Allowed [callingPackage: com.whatsapp.w4b; callingUid: 10406; uidState: FGS ; uidBFSL: [BFSL]; intent: Intent { cmp=com.whatsapp.w4b/com.whatsapp.messaging.service.GcmFGService }; code:PROC_STATE_FGS; tempAllowListReason:<6a20495 com.google.android.c2dm.intent.RECEIVE/u0,reasonCode:PUSH_MESSAGING,duration:20000,callingUid:10295>; allowWiu:-1; targetSdkVersion:36; callerTargetSdkVersion:36; startForegroundCount:0; bindFromPackage:null: isBindService:false]
06-13 12:13:58.214  2412  2990 W ForegroundServiceTypeLoggerModule: Foreground service start for UID: 10406 does not have any types
06-13 12:13:58.214  2412  3050 D BackgroundInstallControlService: Package event received: 0
06-13 12:13:58.232  2412  3826 D ActivityManager: sync unfroze 11876 com.android.providers.calendar for 7
06-13 12:13:58.233  2412  3050 D BackgroundInstallControlService: Package event received: 0
06-13 12:13:58.429  2412  3050 D BackgroundInstallControlService: Package event received: 0
06-13 12:14:00.025  2412  2920 D ActivityManager: sync unfroze 12197 com.tokopedia.tkpd for 6
06-13 12:14:00.029  2412  2920 D ActivityManager: sync unfroze 4358 com.google.android.gms for 6
06-13 12:14:00.032  2412  2920 W JobServiceContext: Sending onNetworkChanged for a job that isn't started. JobStatus{e8dca5d #u0a411/23939 com.tokopedia.tkpd/androidx.work.impl.background.systemjob.SystemJobService u=0 s=10411 TIME=-10s311ms:none NET READY}
06-13 12:14:00.687   857 12736 I keystore2: system/security/keystore2/watchdog/src/lib.rs:371 - Watchdog thread idle -> terminating. Have a great day.
06-13 12:14:03.929  2412  4093 D ActivityManager: Stop FGS timeout: ServiceRecord{99f314d u0 com.whatsapp.w4b/com.whatsapp.messaging.service.GcmFGService c:com.whatsapp.w4b}
06-13 12:14:03.929  2412  4093 W ForegroundServiceTypeLoggerModule: FGS stop call for: 10406 has no types!
06-13 12:14:03.930  2412  3050 D BackgroundInstallControlService: Package event received: 0
06-13 12:14:07.334  2412  2842 D ActivityManager: sync unfroze 4407 com.android.settings for 10
06-13 12:14:25.175  2412  3050 D BackgroundInstallControlService: Package event received: 0
06-13 12:14:25.179  2412  3050 D BackgroundInstallControlService: Package event received: 0
06-13 12:14:29.443  2412  2412 D CompatChangeReporter: Compat change id reported: 331793339; UID 10465; state: ENABLED
06-13 12:14:29.525  2412  3050 D BackgroundInstallControlService: Package event received: 0
06-13 12:14:29.578  2412  4093 I AS.FadeOutManager: unfadeOutUid() uid:10346
06-13 12:14:32.546  2412  2931 D ActivityManager: freezing 4358 com.google.android.gms
06-13 12:14:32.732  2412  2931 D ActivityManager: freezing 12197 com.tokopedia.tkpd
06-13 12:14:33.510  2412  2931 D ActivityManager: freezing 11571 com.google.android.gms.ui
06-13 12:14:52.482  1986  1986 W wificond: Failed to get NL80211_ATTR_MAX_NUM_AKM_SUITES
06-13 12:14:52.484  1986  1986 W wificond: Failed to get NL80211_ATTR_MAX_NUM_AKM_SUITES
06-13 12:14:52.485  1986  1986 W wificond: Failed to get NL80211_ATTR_MAX_NUM_AKM_SUITES
06-13 12:14:52.512  2412  6573 E AppOps  : Bad call made by uid 1001. Package "com.android.phone" does not belong to uid 10295.
06-13 12:14:52.514  2412  6573 E AppOps  : Cannot noteOperation
06-13 12:14:52.514  2412  6573 E AppOps  : java.lang.SecurityException: Specified package "com.android.phone" under uid 10295 but it is not
06-13 12:14:52.514  2412  6573 E AppOps  : 	at com.android.server.appop.AppOpsService.verifyAndGetBypass(AppOpsService.java:5115)
06-13 12:14:52.514  2412  6573 E AppOps  : 	at com.android.server.appop.AppOpsService.verifyAndGetBypass(AppOpsService.java:4971)
06-13 12:14:52.514  2412  6573 E AppOps  : 	at com.android.server.appop.AppOpsService.noteOperationUnchecked(AppOpsService.java:3414)
06-13 12:14:52.514  2412  6573 E AppOps  : 	at com.android.server.appop.AppOpsService.noteOperationImpl(AppOpsService.java:3400)
06-13 12:14:52.514  2412  6573 E AppOps  : 	at com.android.server.appop.AppOpsService.-$$Nest$mnoteOperationImpl(AppOpsService.java:0)
06-13 12:14:52.514  2412  6573 E AppOps  : 	at com.android.server.appop.AppOpsService$CheckOpsDelegateDispatcher.$r8$lambda$eTKLGbByFLiOzK62QHhpSvtx4do(AppOpsService.java:0)
06-13 12:14:52.514  2412  6573 E AppOps  : 	at com.android.server.appop.AppOpsService$CheckOpsDelegateDispatcher$$ExternalSyntheticLambda5.apply(R8$$SyntheticClass:0)
06-13 12:14:52.514  2412  6573 E AppOps  : 	at com.android.server.policy.AppOpsPolicy.noteOperation(AppOpsPolicy.java:254)
06-13 12:14:52.514  2412  6573 E AppOps  : 	at com.android.server.appop.AppOpsService$CheckOpsDelegateDispatcher.noteOperation(AppOpsService.java:8007)
06-13 12:14:52.514  2412  6573 E AppOps  : 	at com.android.server.appop.AppOpsService.noteOperation(AppOpsService.java:3347)
06-13 12:14:52.514  2412  6573 E AppOps  : 	at com.android.internal.app.IAppOpsService$Stub.onTransact(IAppOpsService.java:585)
06-13 12:14:52.514  2412  6573 E AppOps  : 	at android.os.Binder.execTransactInternal(Binder.java:1473)
06-13 12:14:52.514  2412  6573 E AppOps  : 	at android.os.Binder.execTransact(Binder.java:1418)
06-13 12:14:57.043  2412  4093 D ActivityManager: sync unfroze 4358 com.google.android.gms for 6
06-13 12:14:57.054  2412  3826 W ProcessStats: Tracking association SourceState{589bccc com.google.android.gms.persistent/10295 Fgs #38403} whose proc state 3 is better than process ProcessState{99f2f87 com.google.android.gms/10295 pkg=com.google.android.gms} proc state 14 (3 skipped)
06-13 12:14:57.100  2412  3050 D BackgroundInstallControlService: Package event received: 0
06-13 12:15:10.429  2412  2843 I ActivityManager: Start proc 13375:com.instaprime.android/u0a487 for broadcast {com.instaprime.android/com.instagram.analytics.uploadscheduler.AnalyticsUploadAlarmReceiver}
06-13 12:15:11.211  2412  3050 D BackgroundInstallControlService: Package event received: 0
06-13 12:15:11.235  2412  2843 I ActivityManager: Start proc 13414:com.google.android.apps.turbo:aab/u0a270 for service {com.google.android.apps.turbo/com.google.android.libraries.smartbattery.appusage.library.InferAppBucketsJob}
06-13 12:15:11.415  2412  2926 I ActivityManager: Process com.sirma.mobile.bible.android (pid 10806) has died: cch  +85 CEM 
06-13 12:15:11.564  2412  3050 D BackgroundInstallControlService: Package event received: 0
06-13 12:15:11.566  2412  2926 D ActivityManager: sync unfroze 12758 com.android.rkpdapp for 6
06-13 12:15:11.567  2412  3050 D BackgroundInstallControlService: Package event received: 0
06-13 12:15:11.858  2412  6582 W ActivityManager: Background start not allowed: service Intent { xflg=0x4 cmp=com.instaprime.android/com.instagram.jobscheduler.bgfetch.scheduler.IgBgFetchTaskLifeService (has extras) } to com.instaprime.android/com.instagram.jobscheduler.bgfetch.scheduler.IgBgFetchTaskLifeService from pid=13375 uid=10487 pkg=com.instaprime.android startFg?=false
06-13 12:15:12.029  2412  2926 W ActivityManager: Background start not allowed: service Intent { act=Orca.START xflg=0x4 cmp=com.instaprime.android/com.facebook.rti.pushv2.inapp.InappFbnsService (has extras) } to com.instaprime.android/com.facebook.rti.pushv2.inapp.InappFbnsService from pid=13375 uid=10487 pkg=com.instaprime.android startFg?=false
06-13 12:15:12.076  2412  3826 D CompatChangeReporter: Compat change id reported: 262645982; UID 10441; state: ENABLED
06-13 12:15:12.080  2412  3826 D CompatChangeReporter: Compat change id reported: 262645982; UID 10480; state: ENABLED
06-13 12:15:12.082  2412  3050 D BackgroundInstallControlService: Package event received: 0
06-13 12:15:12.865  2412  3050 D BackgroundInstallControlService: Package event received: 0
06-13 12:15:12.871  2412  6582 D ActivityManager: sync unfroze 12968 com.facebook.stella for 6
06-13 12:15:13.085  2412  2926 W ActivityManager: Background start not allowed: service Intent { act=Orca.START xflg=0x4 cmp=com.instaprime.android/com.facebook.rti.pushv2.inapp.InappFbnsService (has extras) } to com.instaprime.android/com.facebook.rti.pushv2.inapp.InappFbnsService from pid=13375 uid=10487 pkg=com.instaprime.android startFg?=false
06-13 12:15:14.007  2412  2949 I PowerGroup: Waking up power group from Dozing (groupId=0, uid=1000, reason=WAKE_REASON_POWER_BUTTON, details=android.policy:POWER)...
06-13 12:15:14.007  2412  2949 I PowerGroup: dreamManagerAttemptedDozing status changed to false for group 0
06-13 12:15:14.007  2412  2823 D WindowManager: powerPress: eventTime=10639315 interactive=false count=1 mShortPressOnPowerBehavior=1
06-13 12:15:14.007  2412  2823 V WindowManager: Ignoring short press of power button because the device is not interactive. interactive=false, beganFromNonInteractive=true
06-13 12:15:14.008  2412  2949 I PowerManagerService: Waking up from Dozing (uid=1000, reason=WAKE_REASON_POWER_BUTTON, details=android.policy:POWER)...
06-13 12:15:14.019  2412  3050 D BackgroundInstallControlService: Package event received: 0
06-13 12:15:14.023  2412  3050 D BackgroundInstallControlService: Package event received: 0
06-13 12:15:14.023  2412  3050 D BackgroundInstallControlService: Package event received: 0
06-13 12:15:14.030  2412  2865 I DisplayBrightnessStrategySelector: Changing the DisplayBrightnessStrategy from DozeBrightnessStrategy to FallbackBrightnessStrategy for display 0
06-13 12:15:14.031  2412  3050 D BackgroundInstallControlService: Package event received: 0
06-13 12:15:14.031  2412  2865 V DisplayPowerController[0]: Brightness [0.102936715] reason changing to: 'manual', previous reason: 'doze'.
06-13 12:15:14.031  2412  2865 I DisplayPowerController[0]: BrightnessEvent: brt=0.102936715(70.0%), nits=101.24329, lux=-1.0, reason=manual, strat=FallbackBrightnessStrategy, state=ON, stateReason=KEY, policy=BRIGHT, flags=, initBrt=0.06667, rcmdBrt=NaN, preBrt=NaN, preLux=0.0, wasShortTermModelActive=true, autoBrightness=true (default), unclampedBrt=0.102936715, hbmMax=0.4995103, hbmMode=off, thrmMax=1.0, rbcStrength=90, powerFactor=1.0, physDisp=Built-in Screen(local:4630946370515662721), logicalId=0, slowChange=false, rampSpeed=1.0
06-13 12:15:14.032  2412  2865 I DisplayBrightnessStrategySelector: Changing the DisplayBrightnessStrategy from FallbackBrightnessStrategy to AutomaticBrightnessStrategy for display 0
06-13 12:15:14.033  2412  2926 W ActivityManager: Background start not allowed: service Intent { act=com.facebook.rti.fbns.intent.REGISTER xflg=0x4 cmp=com.instaprime.android/com.facebook.rti.pushv2.inapp.InappFbnsService (has extras) } to com.instaprime.android/com.facebook.rti.pushv2.inapp.InappFbnsService from pid=13375 uid=10487 pkg=com.instaprime.android startFg?=false
06-13 12:15:14.036  2412  2865 V DisplayPowerController[0]: Brightness [0.09885283] reason changing to: 'automatic', previous reason: 'manual'.
06-13 12:15:14.036  2412  2865 I DisplayPowerController[0]: BrightnessEvent: brt=0.09885283(69.0%), nits=97.402695, lux=257.5, reason=automatic, strat=AutomaticBrightnessStrategy, state=ON, stateReason=KEY, policy=BRIGHT, flags=, initBrt=0.102936715, rcmdBrt=0.09885283, preBrt=0.09885283, preLux=NaN, lastReadLux=257.5, wasShortTermModelActive=true, autoBrightness=true (default), unclampedBrt=0.09885283, hbmMax=0.4995103, hbmMode=off, thrmMax=1.0, rbcStrength=90, powerFactor=1.0, physDisp=Built-in Screen(local:4630946370515662721), logicalId=0, slowChange=false, rampSpeed=1.0
06-13 12:15:14.037  2412  2825 I DisplayDeviceRepository: Display device changed state: "Built-in Screen", ON
06-13 12:15:14.037  3103  3150 D ShellSplitScreen: onStartedWakingUp
06-13 12:15:14.037  2412  3826 D CoreBackPreview: Window{2e3014a u0 NotificationShade}: Setting back callback OnBackInvokedCallbackInfo{mCallback=android.window.IOnBackInvokedCallback$Stub$Proxy@7e45558, mPriority=0, mIsAnimationCallback=false, mOverrideBehavior=0}
06-13 12:15:14.038  2412  2945 D DisplayRefreshRateController: onScreenOn, set refresh rate to highest
06-13 12:15:14.041  2412  2825 I BrightnessSynchronizer: [451] New Update 0.09885283(f) set brightness values:  26(i)
06-13 12:15:14.041  2412  2823 D WindowManager: DeferredDisplayUpdater: partially applying DisplayInfo(1220 x 2712) immediately
06-13 12:15:14.042  2412  3067 I LocalDisplayAdapter: SF.setDisplayPowerMode took 6ms
06-13 12:15:14.043  2412  2945 D DisplayRefreshRateController: notifyRefreshRateChanged, refreshRate: 120
06-13 12:15:14.045  2412  2865 D BrightnessThermalClamper: Thermal status observer already started
06-13 12:15:14.045  2412  2865 I DreamManagerService: Gently waking up from dream.
06-13 12:15:14.046  2412  4093 I DreamManagerService: Leaving dreamland.
06-13 12:15:14.048  2412  2822 I DreamController: Stopping dream: name=ComponentInfo{com.android.systemui/com.android.systemui.doze.DozeService}, isPreviewMode=false, canDoze=true, userId=0, reason='finished self'(from 'power manager request')
06-13 12:15:14.049  2412  3038 I MR2ServiceImpl: Updating composite discovery preference | preference: RouteDiscoveryRequest{ preferredFeatures={}, activeScan=false }, active routers: []
06-13 12:15:14.053  2412  2825 I BrightnessSynchronizer: New PendingUpdate: {[452] 0.09885283(f), mUpdatedTypes=0, mConfirmedTypes=0, mTimeUpdated=0}, prev=null
06-13 12:15:14.056  3103  3103 D InsetsController: Setting requestedVisibleTypes to 503 (was 501)
06-13 12:15:14.059  2412  2825 I BrightnessSynchronizer: Swallowing update of 26(i) by update: {[451] 0.09885283(f), mUpdatedTypes=1, mConfirmedTypes=1, mTimeUpdated=10639438}
06-13 12:15:14.059  2412  2825 I BrightnessSynchronizer: Completed Update: {[451] 0.09885283(f), mUpdatedTypes=1, mConfirmedTypes=1, mTimeUpdated=10639438}
06-13 12:15:14.112  2412  2825 I DisplayDeviceRepository: Display device changed render timings: "Built-in Screen", renderFrameRate=120.00001, presentationDeadlineNanos=13333333, appVsyncOffsetNanos=7333333, frameRateOverrides=[]
06-13 12:15:14.112  2412  2823 D WindowManager: DeferredDisplayUpdater: partially applying DisplayInfo(1220 x 2712) immediately
06-13 12:15:14.148  2412  3050 D BackgroundInstallControlService: Package event received: 0
06-13 12:15:14.305  2412  2822 I UsbPortManager: USB HAL AIDL version: USB_HAL_V2_0
06-13 12:15:14.474  2412  2843 I ActivityManager: Start proc 13717:com.google.android.apps.messaging/u0a275 for content provider {com.google.android.apps.messaging/com.google.android.apps.messaging.shared.datamodel.provider.sharedstorage.SharedStorageProvider}
06-13 12:15:14.893  2412  3050 D BackgroundInstallControlService: Package event received: 0
06-13 12:15:14.923  2412  3246 D WindowManager: Remove SleepToken: tag=keyguard, displayId=0
06-13 12:15:14.924  3103  3150 V ShellDesktopMode: DesktopTasksController: handleRequest request=TransitionRequestInfo { type = TO_BACK, triggerTask = null, pipChange = null, remoteTransitionInfo = null, displayChange = null, requestedLocation = null, userChange = null, windowingLayerChange = null, flags = 260, debugId = 191 }
06-13 12:15:14.924  3103  3150 V ShellDesktopMode: DesktopTasksController: skipping handleRequest reason=triggerTask is null
06-13 12:15:14.938  2412  3246 D ActivityTaskManager: Top Process State changed to PROCESS_STATE_TOP
06-13 12:15:14.939  2412  3246 W TransitionChain: Combining sleepTokens into #191(TO_BACK|R|0x104) from kgGoAway
06-13 12:15:14.951  2412  3050 D BackgroundInstallControlService: Package event received: 0
06-13 12:15:14.951  2412  3050 D BackgroundInstallControlService: Package event received: 0
06-13 12:15:14.954  2412  3050 D BackgroundInstallControlService: Package event received: 0
06-13 12:15:14.983  2412  2920 D ActivityManager: sync unfroze 12197 com.tokopedia.tkpd for 6
06-13 12:15:14.993  2412  2822 V WindowManager: Sent Transition (#191) createdAt=06-13 12:15:14.907 via request=TransitionRequestInfo { type = TO_BACK, triggerTask = null, pipChange = null, remoteTransitionInfo = null, displayChange = null, requestedLocation = null, userChange = null, windowingLayerChange = null, flags = 260, debugId = 191 }
06-13 12:15:14.993  2412  2822 V WindowManager:     startWCT=WindowContainerTransaction { changes= {} hops= [] errorCallbackToken=null taskFragmentOrganizer=null }
06-13 12:15:14.995  2412  2822 V WindowManager:     info={id=191 t=TO_BACK f=0x104 trk=0 r=[0@Point(0, 0)] c=[
06-13 12:15:14.995  2412  2822 V WindowManager:         {WCT{RemoteToken{31ffbc8 Task{64df414 #376 type=standard A=10441:org.localsend.localsend_app}}} m=TO_FRONT f=NONE p=WCT{RemoteToken{d539271 DefaultTaskDisplayArea@130076354}} leash=Surface(name=Task=376#2649)/@0x8396dba sb=Rect(0, 0 - 1220, 2712) eb=Rect(0, 0 - 1220, 2712) epz=Point(1220, 2712) d=0 taskParent=-1 winMode=1 userId=0},
06-13 12:15:14.995  2412  2822 V WindowManager:         {WCT{RemoteToken{d539271 DefaultTaskDisplayArea@130076354}} m=TO_FRONT f=FLAG_IS_TASK_DISPLAY_AREA leash=Surface(name=DefaultTaskDisplayArea#10)/@0xfa45a50 sb=Rect(0, 0 - 1220, 2712) eb=Rect(0, 0 - 1220, 2712) epz=Point(1220, 2712) d=0}
06-13 12:15:14.995  2412  2822 V WindowManager:     ]}
06-13 12:15:14.997  2412  2920 W JobServiceContext: Sending onNetworkChanged for a job that isn't started. JobStatus{a65baec #u0a411/23940 com.tokopedia.tkpd/androidx.work.impl.background.systemjob.SystemJobService u=0 s=10411 TIME=-18s557ms:none NET READY}
06-13 12:15:15.008  3103  3150 V ShellDesktopMode: DesktopModeLogger: taskInfo map after processing changes 0
06-13 12:15:15.008  3103  3150 D ShellDesktopMode: DesktopTaskChangeListener: onTaskMovingToFront for taskId=376, displayId=0 - desktop not supported
06-13 12:15:15.021  3103  3150 D KeyguardService: Starts IRemoteAnimationRunner: info={id=191 t=TO_BACK f=0x104 trk=0 r=[0@Point(0, 0)] c=[{m=TO_FRONT f=NONE p=WCT{android.os.BinderProxy@ae4a1ce} leash=Surface(name=Task=376#2649)/@0x3020d4b sb=Rect(0, 0 - 1220, 2712) eb=Rect(0, 0 - 1220, 2712) epz=Point(1220, 2712) d=0 taskParent=-1 winMode=1 userId=0},{m=TO_FRONT f=FLAG_IS_TASK_DISPLAY_AREA leash=Surface(name=DefaultTaskDisplayArea#10)/@0xaeeb328 sb=Rect(0, 0 - 1220, 2712) eb=Rect(0, 0 - 1220, 2712) epz=Point(1220, 2712) d=0}]}
06-13 12:15:15.098  2412  6525 D CoreBackPreview: Window{2e3014a u0 NotificationShade}: Setting back callback null
06-13 12:15:15.108  2412  6523 I ActivityManager: Process com.android.adservices.api (pid 11367) has died: cch  +65 CEM 
06-13 12:15:15.122  2412  2931 D ActivityManager: freezing 4407 com.android.settings
06-13 12:15:15.269  2412  2823 D WindowManager: Performing screen-on memory reclaim.
06-13 12:15:15.269  2412  2842 I ActivityManager: Killing 11087:com.android.externalstorage/u0a241 (adj 975): screen-on memory reclaim
06-13 12:15:15.270  2412  2842 I ActivityManager: Killing 30662:com.google.android.googlequicksearchbox:googleapp/u0a297 (adj 970): screen-on memory reclaim
06-13 12:15:15.271  2412  2842 I ActivityManager: Killing 4881:com.google.android.googlequicksearchbox:search/u0a297 (adj 965): screen-on memory reclaim
06-13 12:15:15.272  2412  2842 I ActivityManager: Killing 10841:com.google.android.apps.weather/u0a421 (adj 955): screen-on memory reclaim
06-13 12:15:15.273  2412  2842 I ActivityManager: Killing 8799:com.android.cellbroadcastreceiver.module/u0a388 (adj 955): screen-on memory reclaim
06-13 12:15:15.273  2412  2842 I ActivityManager: Killing 12045:com.google.android.projection.gearhead:shared/u0a313 (adj 945): screen-on memory reclaim
06-13 12:15:15.273  2412  2842 I ActivityManager: Killing 12028:com.borconi.emil.wifilauncherforhur/u0a529 (adj 945): screen-on memory reclaim
06-13 12:15:15.275  2412  2842 I ActivityManager: Killing 11344:com.android.chrome:privileged_process0/u0a335 (adj 940): screen-on memory reclaim
06-13 12:15:15.276  2412  2842 I ActivityManager: Killing 12138:com.android.permissioncontroller/u0a384 (adj 935): screen-on memory reclaim
06-13 12:15:15.277  2412  2842 I ActivityManager: Killing 12063:com.google.android.projection.gearhead:car/u0a313 (adj 935): screen-on memory reclaim
06-13 12:15:15.277  2412  2842 I ActivityManager: Killing 11442:com.android.chrome:sandboxed_process0:org.chromium.content.app.SandboxedProcessService0:2/u0a335i-8998 (adj 930): screen-on memory reclaim
06-13 12:15:15.277  2412  2842 I ActivityManager: Killing 11141:org.kustom.widget:editor/u0a528 (adj 925): screen-on memory reclaim
06-13 12:15:15.278  2412  2842 I ActivityManager: Killing 12886:org.kustom.widget/u0a528 (adj 925): screen-on memory reclaim
06-13 12:15:15.279  2412  2842 I ActivityManager: Killing 11325:com.android.chrome:sandboxed_process0:org.chromium.content.app.SandboxedProcessService0:0/u0a335i-9000 (adj 920): screen-on memory reclaim
06-13 12:15:15.279  2412  2842 I ActivityManager: Killing 12758:com.android.rkpdapp/u0a401 (adj 915): screen-on memory reclaim
06-13 12:15:15.280  2412  2842 I ActivityManager: Killing 9607:com.facebook.katana/u0a465 (adj 915): screen-on memory reclaim
06-13 12:15:15.281  2412  2842 I ActivityManager: Killing 12197:com.tokopedia.tkpd/u0a411 (adj 905): screen-on memory reclaim
06-13 12:15:15.282  2412  2842 I ActivityManager: Killing 13414:com.google.android.apps.turbo:aab/u0a270 (adj 905): screen-on memory reclaim
06-13 12:15:15.417  2412  2926 W ActivityManager: pid 2412 system sent binder code 12 with flags 1 and got error -32
06-13 12:15:15.418  2412  2926 W ActivityManager: Exception when unbinding service org.kustom.widget/androidx.work.multiprocess.RemoteWorkManagerService
06-13 12:15:15.418  2412  2926 W ActivityManager: android.os.DeadObjectException
06-13 12:15:15.418  2412  2926 W ActivityManager: 	at android.os.BinderProxy.transactNative(Native Method)
06-13 12:15:15.418  2412  2926 W ActivityManager: 	at android.os.BinderProxy.transact(BinderProxy.java:599)
06-13 12:15:15.418  2412  2926 W ActivityManager: 	at android.app.IApplicationThread$Stub$Proxy.scheduleUnbindService(IApplicationThread.java:1802)
06-13 12:15:15.418  2412  2926 W ActivityManager: 	at android.app.IApplicationThread$Delegator.scheduleUnbindService(IApplicationThread.java:277)
06-13 12:15:15.418  2412  2926 W ActivityManager: 	at com.android.server.am.ActiveServices.removeConnectionLocked(ActiveServices.java:6936)
06-13 12:15:15.418  2412  2926 W ActivityManager: 	at com.android.server.am.ActiveServices.killServicesLocked(ActiveServices.java:7529)
06-13 12:15:15.418  2412  2926 W ActivityManager: 	at com.android.server.am.ActivityManagerService.cleanUpApplicationRecordLocked(ActivityManagerService.java:13682)
06-13 12:15:15.418  2412  2926 W ActivityManager: 	at com.android.server.am.ActivityManagerService.handleAppDiedLocked(ActivityManagerService.java:3443)
06-13 12:15:15.418  2412  2926 W ActivityManager: 	at com.android.server.am.ActivityManagerService.appDiedLocked(ActivityManagerService.java:3565)
06-13 12:15:15.418  2412  2926 W ActivityManager: 	at com.android.server.am.ActivityManagerService$AppDeathRecipient.binderDied(ActivityManagerService.java:1542)
06-13 12:15:15.418  2412  2926 W ActivityManager: 	at android.os.IBinder$DeathRecipient.binderDied(IBinder.java:340)
06-13 12:15:15.418  2412  2926 W ActivityManager: 	at android.os.BinderProxy.sendDeathNotice(BinderProxy.java:787)
06-13 12:15:15.418  2412  2926 W ActivityManager: pid 2412 system sent binder code 12 with flags 1 and got error -32
06-13 12:15:15.418  2412  2926 D ActivityManager: Too many transaction errors, throttling freezer binder callback.
06-13 12:15:15.418  2412  2926 W ActivityManager: Exception when unbinding service org.kustom.widget/com.google.firebase.sessions.SessionLifecycleService
06-13 12:15:15.418  2412  2926 W ActivityManager: android.os.DeadObjectException
06-13 12:15:15.418  2412  2926 W ActivityManager: 	at android.os.BinderProxy.transactNative(Native Method)
06-13 12:15:15.418  2412  2926 W ActivityManager: 	at android.os.BinderProxy.transact(BinderProxy.java:599)
06-13 12:15:15.418  2412  2926 W ActivityManager: 	at android.app.IApplicationThread$Stub$Proxy.scheduleUnbindService(IApplicationThread.java:1802)
06-13 12:15:15.418  2412  2926 W ActivityManager: 	at android.app.IApplicationThread$Delegator.scheduleUnbindService(IApplicationThread.java:277)
06-13 12:15:15.418  2412  2926 W ActivityManager: 	at com.android.server.am.ActiveServices.removeConnectionLocked(ActiveServices.java:6936)
06-13 12:15:15.418  2412  2926 W ActivityManager: 	at com.android.server.am.ActiveServices.killServicesLocked(ActiveServices.java:7529)
06-13 12:15:15.418  2412  2926 W ActivityManager: 	at com.android.server.am.ActivityManagerService.cleanUpApplicationRecordLocked(ActivityManagerService.java:13682)
06-13 12:15:15.418  2412  2926 W ActivityManager: 	at com.android.server.am.ActivityManagerService.handleAppDiedLocked(ActivityManagerService.java:3443)
06-13 12:15:15.418  2412  2926 W ActivityManager: 	at com.android.server.am.ActivityManagerService.appDiedLocked(ActivityManagerService.java:3565)
06-13 12:15:15.418  2412  2926 W ActivityManager: 	at com.android.server.am.ActivityManagerService$AppDeathRecipient.binderDied(ActivityManagerService.java:1542)
06-13 12:15:15.418  2412  2926 W ActivityManager: 	at android.os.IBinder$DeathRecipient.binderDied(IBinder.java:340)
06-13 12:15:15.418  2412  2926 W ActivityManager: 	at android.os.BinderProxy.sendDeathNotice(BinderProxy.java:787)
06-13 12:15:15.419  2412  2926 W ActivityManager: Scheduling restart of crashed service org.kustom.widget/org.kustom.lib.services.CoreService in 39032ms for connection
06-13 12:15:15.422  2412  2931 W ActivityManager: Unable to query binder frozen stats for pid 11087
06-13 12:15:15.423  2412  2931 W ActivityManager: Unable to query binder frozen stats for pid 11325
06-13 12:15:15.424  2412  2898 W ActivityManager: Scheduling restart of crashed service com.android.chrome/org.chromium.content.app.SandboxedProcessService0:0 in 1000ms for connection
06-13 12:15:15.458  2412  3050 D BackgroundInstallControlService: Package event received: 0
06-13 12:15:15.458  3103  3150 V ShellDesktopMode: DesktopDisplayEventHandler: createDefaultDesksIfNeeded displays=[] userId=null
06-13 12:15:15.477  3103  3230 D Bubbles : handleKeyguardOrDreamChange isUnlockedShade=true keyguardShowing=false dreamingOrInPreview=false
06-13 12:15:15.478  3103  3150 D Bubbles : BubbleController.onStatusBarStateChanged() isShade=true didChange=true mNotifEntryToExpandOnShadeUnlock=null
06-13 12:15:15.478  3103  3150 V Bubbles : BubbleController.updateBubbleViews() mIsStatusBarShade=true hasBubbles=false
06-13 12:15:15.483  3103  3103 D KeyguardService: Finish IRemoteAnimationRunner.
06-13 12:15:15.485  2412  2926 W ActivityManager: Scheduling restart of crashed service com.android.chrome/org.chromium.content.app.SandboxedProcessService0:2 in 58966ms for connection
06-13 12:15:15.491  2412  6194 D FingerprintProvider/default: Starting watchdog for fingerprint
06-13 12:15:15.491  2412  6194 E BiometricScheduler: Current operation is null,no need to start watchdog
06-13 12:15:15.498  2412  2822 V WindowManager: Finish Transition (#191): created at 06-13 12:15:14.907 collect-started=15.752ms request-sent=15.782ms started=50.509ms ready=50.466ms sent=80.07ms commit=52.43ms finished=590.258ms
06-13 12:15:15.516  2412  2911 D CompatChangeReporter: Compat change id reported: 311208629; UID 10292; state: ENABLED
