06-03 00:04:15.530 16088 16216 W AppInitScheduler|Schedule:   Executing 161:SapienzInitializer
06-03 00:04:15.530 16088 16214 W AppInitScheduler|Run: Running SapienzInitializer, order=52, priorityHint=null 
06-03 00:04:15.531 16088 16211 W AppInitScheduler|Run: Running LiteProviderInitializer, order=9, priorityHint=null 
06-03 00:04:15.531 16088 16214 W AppInitScheduler|Run:   Finished SapienzInitializer in 0ms
06-03 00:04:15.531 16088 16212 W AppInitScheduler|Run: Running ReconciliationInitializer, order=8, priorityHint=null 
06-03 00:04:15.531 16088 16211 W AppInitScheduler|Run:   Finished LiteProviderInitializer in 0ms
06-03 00:04:15.531 16088 16211 W AppInitScheduler|Schedule:   Executing 8:LightweightQPLInitializerImpl
06-03 00:04:15.531 16088 16211 W AppInitScheduler|Run: Running LightweightQPLInitializerImpl, order=10, priorityHint=null 
06-03 00:04:15.531 16088 16212 W AppInitScheduler|Run:   Finished ReconciliationInitializer in 0ms
06-03 00:04:15.531 16088 16211 W AppInitScheduler|Run:   Finished LightweightQPLInitializerImpl in 0ms
06-03 00:04:15.531 16088 16211 W AppInitScheduler|Schedule:   Executing 9:LacrimaHealthInitializer
06-03 00:04:15.531 16088 16211 W AppInitScheduler|Run: Running LacrimaHealthInitializer, order=11, priorityHint=null 
06-03 00:04:15.531 16088 16195 E QPLProvider: QuickPerformanceLogger instance wasn't installed in provider, returning noop. Please call QuickPerformanceLoggerProvider.setQuickPerformanceLogger() before getting the instance.
06-03 00:04:15.531 16088 16195 E QPLProvider: java.lang.IllegalStateException: No QPL instance provided
06-03 00:04:15.531 16088 16195 E QPLProvider: 	at com.facebook.quicklog.QuickPerformanceLoggerProvider.getQPLInstance(Unknown Source:35)
06-03 00:04:15.531 16088 16195 E QPLProvider: 	at com.facebook.quicklog.QuickPerformanceLoggerNativeProvider.getQPLInstance(:0)
06-03 00:04:15.531 16088 16195 E QPLProvider: 	at com.facebook.jni.NativeRunnable.run(Native Method)
06-03 00:04:15.531 16088 16195 E QPLProvider: 	at X.2fl.run(:2)
06-03 00:04:15.531 16088 16195 E QPLProvider: 	at X.1lr.run(:25)
06-03 00:04:15.531 16088 16195 E QPLProvider: 	at X.1lr.run(:25)
06-03 00:04:15.531 16088 16195 E QPLProvider: 	at X.1lj.A00(:122)
06-03 00:04:15.531 16088 16195 E QPLProvider: 	at X.1lj.run(:102)
06-03 00:04:15.532 16088 16195 E QPLProvider: QuickPerformanceLogger instance wasn't installed in provider, returning noop. Please call QuickPerformanceLoggerProvider.setQuickPerformanceLogger() before getting the instance.
06-03 00:04:15.532 16088 16195 E QPLProvider: java.lang.IllegalStateException: No QPL instance provided
06-03 00:04:15.532 16088 16195 E QPLProvider: 	at com.facebook.quicklog.QuickPerformanceLoggerProvider.getQPLInstance(Unknown Source:35)
06-03 00:04:15.532 16088 16195 E QPLProvider: 	at com.facebook.quicklog.QuickPerformanceLoggerNativeProvider.getQPLInstance(:0)
06-03 00:04:15.532 16088 16195 E QPLProvider: 	at com.facebook.jni.NativeRunnable.run(Native Method)
06-03 00:04:15.532 16088 16195 E QPLProvider: 	at X.2fl.run(:2)
06-03 00:04:15.532 16088 16195 E QPLProvider: 	at X.1lr.run(:25)
06-03 00:04:15.532 16088 16195 E QPLProvider: 	at X.1lr.run(:25)
06-03 00:04:15.532 16088 16195 E QPLProvider: 	at X.1lj.A00(:122)
06-03 00:04:15.532 16088 16195 E QPLProvider: 	at X.1lj.run(:102)
06-03 00:04:15.532 16088 16211 W AppInitScheduler|Run:   Finished LacrimaHealthInitializer in 1ms
06-03 00:04:15.532 16088 16195 E QPLProvider: QuickPerformanceLogger instance wasn't installed in provider, returning noop. Please call QuickPerformanceLoggerProvider.setQuickPerformanceLogger() before getting the instance.
06-03 00:04:15.532 16088 16195 E QPLProvider: java.lang.IllegalStateException: No QPL instance provided
06-03 00:04:15.532 16088 16195 E QPLProvider: 	at com.facebook.quicklog.QuickPerformanceLoggerProvider.getQPLInstance(Unknown Source:35)
06-03 00:04:15.532 16088 16195 E QPLProvider: 	at com.facebook.quicklog.QuickPerformanceLoggerNativeProvider.getQPLInstance(:0)
06-03 00:04:15.532 16088 16195 E QPLProvider: 	at com.facebook.jni.NativeRunnable.run(Native Method)
06-03 00:04:15.532 16088 16195 E QPLProvider: 	at X.2fl.run(:2)
06-03 00:04:15.532 16088 16195 E QPLProvider: 	at X.1lr.run(:25)
06-03 00:04:15.532 16088 16195 E QPLProvider: 	at X.1lr.run(:25)
06-03 00:04:15.532 16088 16195 E QPLProvider: 	at X.1lj.A00(:122)
06-03 00:04:15.532 16088 16195 E QPLProvider: 	at X.1lj.run(:102)
06-03 00:04:15.532 16088 16211 W AppInitScheduler|Schedule:   Executing 10:IgSharedPreferencesQPLInitializer
06-03 00:04:15.532 16088 16211 W AppInitScheduler|Run: Running IgSharedPreferencesQPLInitializer, order=12, priorityHint=null 
06-03 00:04:15.532 16088 16211 W AppInitScheduler|Run:   Finished IgSharedPreferencesQPLInitializer in 0ms
06-03 00:04:15.532 16088 16211 W AppInitScheduler|Schedule:   Executing 11:QEInitializer
06-03 00:04:15.532 16088 16208 W AppInitScheduler|Run: Running QEInitializer, order=13, priorityHint=null 
06-03 00:04:15.543 16088 16208 W IgMetaConfig: Could not obtain MC: not_user_session session=X.2Gc@113a522
06-03 00:04:15.543 16088 16208 W IgMetaConfig: java.lang.RuntimeException: Could not obtain MC, call-site will receive default values
06-03 00:04:15.543 16088 16208 W IgMetaConfig: 	at X.1si.A05(:16)
06-03 00:04:15.543 16088 16208 W IgMetaConfig: 	at X.1si.A03(:7)
06-03 00:04:15.543 16088 16208 W IgMetaConfig: 	at X.1si.A01(:2)
06-03 00:04:15.543 16088 16208 W IgMetaConfig: 	at X.2gq.A00(:8)
06-03 00:04:15.543 16088 16208 W IgMetaConfig: 	at X.2gq.A01(:2)
06-03 00:04:15.543 16088 16208 W IgMetaConfig: 	at X.2go.A00(:8)
06-03 00:04:15.543 16088 16208 W IgMetaConfig: 	at X.2gn.<init>(:20)
06-03 00:04:15.543 16088 16208 W IgMetaConfig: 	at X.9kJ.invoke(Unknown Source:1047)
06-03 00:04:15.543 16088 16208 W IgMetaConfig: 	at X.2qY.getValue(Unknown Source:25)
06-03 00:04:15.543 16088 16208 W IgMetaConfig: 	at X.9kJ.invoke(Unknown Source:1061)
06-03 00:04:15.543 16088 16208 W IgMetaConfig: 	at X.2ge.A06(:17)
06-03 00:04:15.543 16088 16208 W IgMetaConfig: 	at X.2ga.A06(:197)
06-03 00:04:15.543 16088 16208 W IgMetaConfig: 	at X.1tm.DoL(:32)
06-03 00:04:15.543 16088 16208 W IgMetaConfig: 	at X.1io.run(:151)
06-03 00:04:15.543 16088 16208 W IgMetaConfig: 	at java.util.concurrent.ThreadPoolExecutor.runWorker(ThreadPoolExecutor.java:1154)
06-03 00:04:15.543 16088 16208 W IgMetaConfig: 	at java.util.concurrent.ThreadPoolExecutor$Worker.run(ThreadPoolExecutor.java:652)
06-03 00:04:15.543 16088 16208 W IgMetaConfig: 	at X.1iq.run(:21)
06-03 00:04:15.543 16088 16208 W IgMetaConfig: 	at java.lang.Thread.run(Thread.java:1563)
06-03 00:04:15.565  5731  5759 W ActivityManager: Rescheduling restart of crashed service com.android.chrome/org.chromium.chrome.browser.customtabs.CustomTabsConnectionService in 9554ms for mem-pressure-event
06-03 00:04:15.566  5731  5759 W ActivityManager: Rescheduling restart of crashed service com.xiaomi.wearable/com.google.android.libraries.wear.companion.esim.service.EsimProfileHandlingService in 29554ms for mem-pressure-event
06-03 00:04:15.573 16088 16208 W AppInitScheduler|Run:   Finished QEInitializer in 41ms
06-03 00:04:15.573 16088 16208 W AppInitScheduler|Schedule:   Executing 120:MainFeedRequestHeaderInitializer
06-03 00:04:15.573 16088 16208 W AppInitScheduler|Schedule:   Executing 146:CacheMetadataLookupInitializer
06-03 00:04:15.574 16088 16217 W AppInitScheduler|Run: Running MainFeedRequestHeaderInitializer, order=22, priorityHint=null 
06-03 00:04:15.574 16088 16217 W AppInitScheduler|Run:   Finished MainFeedRequestHeaderInitializer in 0ms
06-03 00:04:15.574 16088 16217 W AppInitScheduler|Schedule:   Executing 12:StorageInitializer
06-03 00:04:15.574 16088 16208 W AppInitScheduler|Run: Running CacheMetadataLookupInitializer, order=93, priorityHint=null 
06-03 00:04:15.574 16088 16214 W AppInitScheduler|Run: Running StorageInitializer, order=14, priorityHint=null 
06-03 00:04:15.574 16088 16208 W AppInitScheduler|Run:   Finished CacheMetadataLookupInitializer in 1ms
06-03 00:04:15.577 16088 16214 W AppInitScheduler|Run:   Finished StorageInitializer in 3ms
06-03 00:04:15.577 16088 16214 W AppInitScheduler|Schedule:   Executing 44:DevToolInitializer
06-03 00:04:15.577 16088 16209 W AppInitScheduler|Run: Running DevToolInitializer, order=16, priorityHint=null 
06-03 00:04:15.578 16088 16209 W AppInitScheduler|Run:   Finished DevToolInitializer in 1ms
06-03 00:04:15.578 16088 16209 W AppInitScheduler|Schedule:   Executing 115:EagerReelRequestBuilder
06-03 00:04:15.578 16088 16209 W AppInitScheduler|Run: Running EagerReelRequestBuilder, order=102, priorityHint=null 
06-03 00:04:15.578 16088 16209 W AppInitScheduler|Run:   Finished EagerReelRequestBuilder in 0ms
06-03 00:04:15.578 16088 16209 W AppInitScheduler|Schedule:   Executing 15:TNTSInitializer
06-03 00:04:15.578 16088 16209 W AppInitScheduler|Run: Running TNTSInitializer, order=17, priorityHint=null 
06-03 00:04:15.582 16088 16209 W stagram.android: JNI RegisterNativeMethods: attempt to register 0 native methods for com.facebook.traffic.nts.providers.http.HttpProviderAppLayerUpcallsImpl
06-03 00:04:15.583 16088 16209 W AppInitScheduler|Run:   Finished TNTSInitializer in 5ms
06-03 00:04:15.583 16088 16209 W AppInitScheduler|Schedule:   Executing 16:HttpServiceInitializer
06-03 00:04:15.583 16088 16209 W AppInitScheduler|Run: Running HttpServiceInitializer [*], order=18, priorityHint=null 
06-03 00:04:15.588 16088 16209 W AppInitScheduler|Run:   Finished HttpServiceInitializer in 6ms
06-03 00:04:15.589 16088 16209 W AppInitScheduler|Schedule:   Executing 133:HttpStoresInitializer
06-03 00:04:15.589 16088 16209 W AppInitScheduler|Schedule:   Executing 162:RmdInitializer
06-03 00:04:15.589 16088 16209 W AppInitScheduler|Run: Running HttpStoresInitializer, order=19, priorityHint=null 
06-03 00:04:15.589 16088 16211 W AppInitScheduler|Run: Running RmdInitializer, order=24, priorityHint=null 
06-03 00:04:15.589 16088 16209 W AppInitScheduler|Run:   Finished HttpStoresInitializer in 0ms
06-03 00:04:15.589 16088 16211 W AppInitScheduler|Run:   Finished RmdInitializer in 0ms
06-03 00:04:15.589 16088 16209 W AppInitScheduler|Schedule:   Executing 17:FeedRequestInitializer
06-03 00:04:15.589 16088 16209 W AppInitScheduler|Schedule:   Executing 153:ClientHintsInitializer
06-03 00:04:15.589 16088 16216 W AppInitScheduler|Run: Running FeedRequestInitializer, order=20, priorityHint=null 
06-03 00:04:15.590 16088 16209 W AppInitScheduler|Run: Running ClientHintsInitializer, order=109, priorityHint=null 
06-03 00:04:15.590 16088 16209 W AppInitScheduler|Run:   Finished ClientHintsInitializer in 0ms
06-03 00:04:15.605  5731  8546 D ConnectivityService: requestNetwork for uid/pid:10466/16088 activeRequest: null callbackRequest: 3062 [NetworkRequest [ REQUEST id=3063, [ Capabilities: INTERNET&NOT_RESTRICTED&TRUSTED&NOT_VCN_MANAGED&NOT_BANDWIDTH_CONSTRAINED Uid: 10466 RequestorUid: 10466 RequestorPkg: com.instagram.android UnderlyingNetworks: Null] ]] callback flags: 0 order: 2147483647 isUidTracked: false declaredMethods: AVAIL|LOST|NC
06-03 00:04:15.608  5731  8546 I LocationAccessPolicy: com.instagram.android is aware of fine but the app-ops permission is specifically denied.
06-03 00:04:15.609 16088 16216 W AppInitScheduler|Run:   Finished FeedRequestInitializer in 20ms
06-03 00:04:15.609 16088 16216 W AppInitScheduler|Schedule:   Executing 114:EagerReelNetworkRequestInitializer
06-03 00:04:15.609 16088 16212 W AppInitScheduler|Run: Running EagerReelNetworkRequestInitializer, order=48, priorityHint=null 
06-03 00:04:15.609 16088 16212 W AppInitScheduler|Run:   Finished EagerReelNetworkRequestInitializer in 0ms
06-03 00:04:15.609 16088 16212 W AppInitScheduler|Schedule:   Executing 117:IgSharedPreferencesInitializer
06-03 00:04:15.609 16088 16212 W AppInitScheduler|Run: Running IgSharedPreferencesInitializer, order=31, priorityHint=null 
06-03 00:04:15.610  5731  5879 D WifiNetworkFactory: got request NetworkRequest [ REQUEST id=3063, [ Capabilities: INTERNET&NOT_RESTRICTED&TRUSTED&NOT_VCN_MANAGED&NOT_BANDWIDTH_CONSTRAINED Uid: 10466 RequestorUid: 10466 RequestorPkg: com.instagram.android UnderlyingNetworks: Null] ]
06-03 00:04:15.610  5731  5879 D UntrustedWifiNetworkFactory: got request NetworkRequest [ REQUEST id=3063, [ Capabilities: INTERNET&NOT_RESTRICTED&TRUSTED&NOT_VCN_MANAGED&NOT_BANDWIDTH_CONSTRAINED Uid: 10466 RequestorUid: 10466 RequestorPkg: com.instagram.android UnderlyingNetworks: Null] ]
06-03 00:04:15.611  5731  5879 D OemPaidWifiNetworkFactory: got request NetworkRequest [ REQUEST id=3063, [ Capabilities: INTERNET&NOT_RESTRICTED&TRUSTED&NOT_VCN_MANAGED&NOT_BANDWIDTH_CONSTRAINED Uid: 10466 RequestorUid: 10466 RequestorPkg: com.instagram.android UnderlyingNetworks: Null] ]
06-03 00:04:15.611  5731  5879 D MultiInternetWifiNetworkFactory: got request NetworkRequest [ REQUEST id=3063, [ Capabilities: INTERNET&NOT_RESTRICTED&TRUSTED&NOT_VCN_MANAGED&NOT_BANDWIDTH_CONSTRAINED Uid: 10466 RequestorUid: 10466 RequestorPkg: com.instagram.android UnderlyingNetworks: Null] ]
06-03 00:04:15.611  5731  5886 D ConnectivityService: NetReassign [3063 : null → 103] [c 1] [a 2] [i 2]
06-03 00:04:15.618  5731  8546 I LocationAccessPolicy: com.instagram.android is aware of fine but the app-ops permission is specifically denied.
06-03 00:04:15.619  5731  8546 I LocationAccessPolicy: com.instagram.android is aware of coarse but the app-ops permission is specifically denied.
06-03 00:04:15.624  5731  6032 I ImeTracker: system_server:eaeada5d: onRequestHide at ORIGIN_SERVER reason IME_REQUESTED_CHANGED_LISTENER fromUser false
06-03 00:04:15.625  5731  5753 I ImeTracker: system_server:eaeada5d: onCancelled at PHASE_SERVER_SHOULD_HIDE
06-03 00:04:15.625 16088 16212 W AppInitScheduler|Run:   Finished IgSharedPreferencesInitializer in 15ms
06-03 00:04:15.625 16088 16212 W AppInitScheduler|Schedule:   Executing 122:IgDataStoreInitializer
06-03 00:04:15.629 16088 16212 W AppInitScheduler|Run: Running IgDataStoreInitializer, order=32, priorityHint=null 
06-03 00:04:15.630 16088 16212 W AppInitScheduler|Run:   Finished IgDataStoreInitializer in 1ms
06-03 00:04:15.630 16088 16212 W AppInitScheduler|Schedule:   Executing 18:QPLInitializer
06-03 00:04:15.630 16088 16212 W AppInitScheduler|Run: Running QPLInitializer, order=34, priorityHint=null 
06-03 00:04:15.632  5731  8544 I LocationAccessPolicy: com.instagram.android is aware of fine but the app-ops permission is specifically denied.
06-03 00:04:15.633  6555  6555 D BoundBrokerSvc: onRebind: Intent { act=com.google.android.gms.libs.gmscorelogger.service.START dat=chimera-action:/... xflg=0x4 cmp=com.google.android.gms/.chimera.PersistentDirectBootAwareApiService }
06-03 00:04:15.639  5731  8546 D FileUtils: Rounded bytes from 7657684992 to 8000000000
06-03 00:04:15.640  5731  8542 I LocationAccessPolicy: com.instagram.android is aware of fine but the app-ops permission is specifically denied.
06-03 00:04:15.640  5731  8542 I LocationAccessPolicy: com.instagram.android is aware of coarse but the app-ops permission is specifically denied.
06-03 00:04:15.642   828   828 E KeymasterUtils: rsp_header->status: -28
06-03 00:04:15.642   828   828 E KeyMasterHalDevice: abort_operation
06-03 00:04:15.642   828   828 E KeyMasterHalDevice: ret: -28
06-03 00:04:15.656 16088 16239 W QPLConfig: failed to load config
06-03 00:04:15.656 16088 16239 W QPLConfig: java.io.FileNotFoundException: /data/user/0/com.instagram.android/app_qpl/qpl_sampling_config_v2.null: open failed: ENOENT (No such file or directory)
06-03 00:04:15.656 16088 16239 W QPLConfig: 	at libcore.io.IoBridge.open(IoBridge.java:574)
06-03 00:04:15.656 16088 16239 W QPLConfig: 	at java.io.FileInputStream.<init>(FileInputStream.java:179)
06-03 00:04:15.656 16088 16239 W QPLConfig: 	at X.3kv.A00(:33)
06-03 00:04:15.656 16088 16239 W QPLConfig: 	at X.3ld.A00(:4)
06-03 00:04:15.656 16088 16239 W QPLConfig: 	at X.3ks.run(:29)
06-03 00:04:15.656 16088 16239 W QPLConfig: 	at X.2ff.run(:2)
06-03 00:04:15.656 16088 16239 W QPLConfig: 	at X.1lr.run(:25)
06-03 00:04:15.656 16088 16239 W QPLConfig: 	at X.2te.run(:2)
06-03 00:04:15.656 16088 16239 W QPLConfig: 	at X.1lr.run(:25)
06-03 00:04:15.656 16088 16239 W QPLConfig: 	at java.util.concurrent.ThreadPoolExecutor.runWorker(ThreadPoolExecutor.java:1154)
06-03 00:04:15.656 16088 16239 W QPLConfig: 	at java.util.concurrent.ThreadPoolExecutor$Worker.run(ThreadPoolExecutor.java:652)
06-03 00:04:15.656 16088 16239 W QPLConfig: 	at X.1mA.run(:96)
06-03 00:04:15.656 16088 16239 W QPLConfig: 	at java.lang.Thread.run(Thread.java:1563)
06-03 00:04:15.656 16088 16239 W QPLConfig: 	at X.1ma.run(:8)
06-03 00:04:15.656 16088 16239 W QPLConfig: Caused by: android.system.ErrnoException: open failed: ENOENT (No such file or directory)
06-03 00:04:15.656 16088 16239 W QPLConfig: 	at libcore.io.Linux.open(Native Method)
06-03 00:04:15.656 16088 16239 W QPLConfig: 	at libcore.io.ForwardingOs.open(ForwardingOs.java:574)
06-03 00:04:15.656 16088 16239 W QPLConfig: 	at libcore.io.BlockGuardOs.open(BlockGuardOs.java:274)
06-03 00:04:15.656 16088 16239 W QPLConfig: 	at libcore.io.ForwardingOs.open(ForwardingOs.java:574)
06-03 00:04:15.656 16088 16239 W QPLConfig: 	at android.app.AndroidForwardingOs.open(AndroidForwardingOs.java:120)
06-03 00:04:15.656 16088 16239 W QPLConfig: 	at libcore.io.IoBridge.open(IoBridge.java:560)
06-03 00:04:15.656 16088 16239 W QPLConfig: 	... 13 more
06-03 00:04:15.657 16088 16212 E stagram.android: No implementation found for void com.facebook.quicklog.QuickPerformanceLoggerNativeProvider.nativeUpdateQPLInstance() (tried Java_com_facebook_quicklog_QuickPerformanceLoggerNativeProvider_nativeUpdateQPLInstance and Java_com_facebook_quicklog_QuickPerformanceLoggerNativeProvider_nativeUpdateQPLInstance__) - is the library loaded, e.g. System.loadLibrary?
06-03 00:04:15.657 16088 16212 W QPLProvider: QuickPerformanceLoggerProvider failed to update native QPL instance, native library. This is expected during early app initialization
06-03 00:04:15.660 16088 16212 W AppInitScheduler|Run:   Finished QPLInitializer in 30ms
06-03 00:04:15.660 16088 16212 W AppInitScheduler|Schedule:   Executing 148:HomecomingClipsTabInitializer
06-03 00:04:15.660 16088 16212 W AppInitScheduler|Schedule:   Executing 164:QPLCoreProductInitializer
06-03 00:04:15.660 16088 16212 W AppInitScheduler|Schedule:   Executing 129:LwQPLReplay
06-03 00:04:15.660 16088 16212 W AppInitScheduler|Schedule:   Executing 103:UnexpectedEventReporterInitializer
06-03 00:04:15.660 16088 16212 W AppInitScheduler|Schedule:   Executing 155:ClipsDiscoverNetworkCacheInitializer
06-03 00:04:15.660 16088 16212 W AppInitScheduler|Run: Running HomecomingClipsTabInitializer, order=21, priorityHint=null 
06-03 00:04:15.660 16088 16217 W AppInitScheduler|Run: Running QPLCoreProductInitializer, order=35, priorityHint=null 
06-03 00:04:15.660 16088 16212 W AppInitScheduler|Run:   Finished HomecomingClipsTabInitializer in 0ms
06-03 00:04:15.660 16088 16212 W AppInitScheduler|Schedule:   Executing 157:CdnConnectionPrewarmInitializer
06-03 00:04:15.660 16088 16212 W AppInitScheduler|Run: Running CdnConnectionPrewarmInitializer, order=23, priorityHint=null 
06-03 00:04:15.660 16088 16211 W AppInitScheduler|Run: Running LwQPLReplay, order=36, priorityHint=null 
06-03 00:04:15.660 16088 16209 W AppInitScheduler|Run: Running ClipsDiscoverNetworkCacheInitializer, order=55, priorityHint=null 
06-03 00:04:15.660 16088 16208 W AppInitScheduler|Run: Running UnexpectedEventReporterInitializer, order=38, priorityHint=null 
06-03 00:04:15.660 16088 16209 W AppInitScheduler|Run:   Finished ClipsDiscoverNetworkCacheInitializer in 1ms
06-03 00:04:15.661 16088 16212 W AppInitScheduler|Run:   Finished CdnConnectionPrewarmInitializer in 1ms
06-03 00:04:15.661 16088 16217 W AppInitScheduler|Run:   Finished QPLCoreProductInitializer in 1ms
06-03 00:04:15.662 16088 16208 W AppInitScheduler|Run:   Finished UnexpectedEventReporterInitializer in 2ms
06-03 00:04:15.662 16088 16208 W AppInitScheduler|Schedule:   Executing 158:AppInitNotRespondingReporterInitializer
06-03 00:04:15.662 16088 16208 W AppInitScheduler|Schedule:   Executing 74:MessageQueueTimelineInitializer
06-03 00:04:15.662 16088 16208 W AppInitScheduler|Run: Running AppInitNotRespondingReporterInitializer, order=39, priorityHint=null 
06-03 00:04:15.663 16088 16208 W AppInitScheduler|Run:   Finished AppInitNotRespondingReporterInitializer in 1ms
06-03 00:04:15.663 16088 16208 W AppInitScheduler|Run: Running MessageQueueTimelineInitializer, order=40, priorityHint=null 
06-03 00:04:15.664 16088 16211 W AppInitScheduler|Run:   Finished LwQPLReplay in 4ms
06-03 00:04:15.664 16088 16211 W AppInitScheduler|Schedule:   Executing 124:MessageQueueRedInitializer
06-03 00:04:15.664 16088 16216 W AppInitScheduler|Run: Running MessageQueueRedInitializer, order=37, priorityHint=null 
06-03 00:04:15.664 16088 16208 W AppInitScheduler|Run:   Finished MessageQueueTimelineInitializer in 1ms
06-03 00:04:15.664 16088 16208 W AppInitScheduler|Schedule:   Executing 72:MemoryManagerInitializer
06-03 00:04:15.664 16088 16208 W AppInitScheduler|Run: Running MemoryManagerInitializer, order=60, priorityHint=null 
06-03 00:04:15.665 16088 16208 W AppInitScheduler|Run:   Finished MemoryManagerInitializer in 0ms
06-03 00:04:15.666 16088 16208 W AppInitScheduler|Schedule:   Executing 25:AppStartupTrackerInitializer
06-03 00:04:15.666 16088 16209 W AppInitScheduler|Run: Running AppStartupTrackerInitializer, order=26, priorityHint=null 
06-03 00:04:15.668 16088 16227 I KeyBoxManager: Added keybox for algorithm: EC
06-03 00:04:15.670 16088 16216 W AppInitScheduler|Run:   Finished MessageQueueRedInitializer in 6ms
06-03 00:04:15.670 16088 16227 I KeyBoxManager: Added keybox for algorithm: RSA
06-03 00:04:15.670 16088 16227 I KeyBoxManager: Parsed 2 keyboxes
06-03 00:04:15.670 16088 16227 I TrickyStoreService: Keybox updated successfully
06-03 00:04:15.670 16088 16227 I TrickyStoreService: TrickyStoreService initialized
06-03 00:04:15.673  5731  8542 I RemoteProvisionSysSvc: getRegistration(android.hardware.security.keymint.IRemotelyProvisionedComponent/default)
06-03 00:04:15.673 16088 16209 W AppInitScheduler|Run:   Finished AppStartupTrackerInitializer in 7ms
06-03 00:04:15.673 16088 16209 W AppInitScheduler|Schedule:   Executing 47:FacebookAccountInitializer
06-03 00:04:15.674  5731  5936 D BackgroundInstallControlService: Package event received: 0
06-03 00:04:15.675  5731  8542 D ActivityManager: sync unfroze 14112 com.android.rkpdapp for 6
06-03 00:04:15.676  5731  5936 D BackgroundInstallControlService: Package event received: 0
06-03 00:04:15.677 16088 16209 W AppInitScheduler|Run: Running FacebookAccountInitializer, order=30, priorityHint=null 
06-03 00:04:15.677 16088 16209 W AppInitScheduler|Run:   Finished FacebookAccountInitializer in 0ms
06-03 00:04:15.677 16088 16209 W AppInitScheduler|Schedule:   Executing 38:CacheKeyGeneratorInitializer
06-03 00:04:15.677 16088 16209 W AppInitScheduler|Run: Running CacheKeyGeneratorInitializer, order=96, priorityHint=null 
06-03 00:04:15.678 16088 16209 W AppInitScheduler|Run:   Finished CacheKeyGeneratorInitializer in 1ms
06-03 00:04:15.678 16088 16209 W AppInitScheduler|Schedule:   Executing 20:IgFixieAppInitializer
06-03 00:04:15.678 16088 16214 W AppInitScheduler|Run: Running IgFixieAppInitializer, order=82, priorityHint=null 
06-03 00:04:15.678 16088 16214 W AppInitScheduler|Run:   Finished IgFixieAppInitializer in 0ms
06-03 00:04:15.678 16088 16214 W AppInitScheduler|Schedule:   Executing 100:ThemeInitializer
06-03 00:04:15.678 14112 14112 D ActivityThread: Package [com.example.musicfy.debug] reported as REPLACED, but missing application info. Assuming REMOVED.
06-03 00:04:15.678 16088 16214 W AppInitScheduler|Run: Running ThemeInitializer, order=66, priorityHint=null 
06-03 00:04:15.679 14112 14112 D ActivityThread: Package [com.example.musicfy.debug] reported as REPLACED, but missing application info. Assuming REMOVED.
06-03 00:04:15.681  5731  5731 I RegistrationProxy: onServiceConnected: com.android.rkpdapp.service.RemoteProvisioningService
06-03 00:04:15.684  5731  8542 I RegistrationProxy: IGetRegistrationCallback.onSuccess
06-03 00:04:15.686 16088 16214 W AppInitScheduler|Run:   Finished ThemeInitializer in 8ms
06-03 00:04:15.686 16088 16214 W AppInitScheduler|Schedule:   Executing 66:LanguageInitializer
06-03 00:04:15.686 16088 16214 W AppInitScheduler|Run: Running LanguageInitializer, order=29, priorityHint=null 
06-03 00:04:15.686  5731  5848 I InputDispatcher: No new touched window at (552.8, 2705.0) in display 0
06-03 00:04:15.689 16088 16214 W FrscLanguagePackLoader: Loading FRSC strings for locale (en)
06-03 00:04:15.690 14981 14981 I NavHandleLongPressHandler: Contextual Search invocation: touch started
06-03 00:04:15.691 14981 14981 D OtherActivityInputConsumer: ACTION_DOWN: mIsDeferredDownTarget=false
06-03 00:04:15.696  5731  8542 I RemoteProvisionSysSvc: Fetching key 10466 for client 9479335
06-03 00:04:15.696  5731  8542 I RegistrationProxy: getKeyAsync operation started with callback 267070804
06-03 00:04:15.697 14112 16257 I RkpdRegistrationBinder: Key requested for : android.hardware.security.keymint.IRemotelyProvisionedComponent/default, clientUid: 1017, keyId: 10466, callback: 184491820
06-03 00:04:15.698 15767 15767 I HWUI    : Using FreeType backend (prop=Auto)
06-03 00:04:15.701 15767 15767 W TypefaceCompatApi29Impl: Font load failed
06-03 00:04:15.701 15767 15767 W TypefaceCompatApi29Impl: java.lang.IllegalArgumentException: Failed to create internal object. maybe invalid font data. filePath 
06-03 00:04:15.701 15767 15767 W TypefaceCompatApi29Impl: 	at android.graphics.fonts.Font$Builder.nBuild(Native Method)
06-03 00:04:15.701 15767 15767 W TypefaceCompatApi29Impl: 	at android.graphics.fonts.Font$Builder.build(Font.java:492)
06-03 00:04:15.701 15767 15767 W TypefaceCompatApi29Impl: 	at androidx.core.graphics.TypefaceCompatApi29Impl.createFromResourcesFontFile(TypefaceCompatApi29Impl.java:211)
06-03 00:04:15.701 15767 15767 W TypefaceCompatApi29Impl: 	at androidx.core.graphics.TypefaceCompat.createFromResourcesFontFile(TypefaceCompat.java:235)
06-03 00:04:15.701 15767 15767 W TypefaceCompatApi29Impl: 	at androidx.core.content.res.ResourcesCompat.loadFont(ResourcesCompat.java:631)
06-03 00:04:15.701 15767 15767 W TypefaceCompatApi29Impl: 	at androidx.core.content.res.ResourcesCompat.loadFont(ResourcesCompat.java:558)
06-03 00:04:15.701 15767 15767 W TypefaceCompatApi29Impl: 	at androidx.core.content.res.ResourcesCompat.getFont(ResourcesCompat.java:406)
06-03 00:04:15.701 15767 15767 W TypefaceCompatApi29Impl: 	at androidx.compose.ui.text.font.AndroidFontLoader_androidKt.load(AndroidFontLoader.android.kt:66)
06-03 00:04:15.701 15767 15767 W TypefaceCompatApi29Impl: 	at androidx.compose.ui.text.font.AndroidFontLoader_androidKt.access$load(AndroidFontLoader.android.kt:1)
06-03 00:04:15.701 15767 15767 W TypefaceCompatApi29Impl: 	at androidx.compose.ui.text.font.AndroidFontLoader.loadBlocking(AndroidFontLoader.android.kt:40)
06-03 00:04:15.701 15767 15767 W TypefaceCompatApi29Impl: 	at androidx.compose.ui.text.font.AndroidFontLoader.loadBlocking(AndroidFontLoader.android.kt:31)
06-03 00:04:15.701 15767 15767 W TypefaceCompatApi29Impl: 	at androidx.compose.ui.text.font.FontListFontFamilyTypefaceAdapterKt.firstImmediatelyAvailable(FontListFontFamilyTypefaceAdapter.kt:198)
06-03 00:04:15.701 15767 15767 W TypefaceCompatApi29Impl: 	at androidx.compose.ui.text.font.FontListFontFamilyTypefaceAdapterKt.access$firstImmediatelyAvailable(FontListFontFamilyTypefaceAdapter.kt:1)
06-03 00:04:15.701 15767 15767 W TypefaceCompatApi29Impl: 	at androidx.compose.ui.text.font.FontListFontFamilyTypefaceAdapter.resolve(FontListFontFamilyTypefaceAdapter.kt:138)
06-03 00:04:15.701 15767 15767 W TypefaceCompatApi29Impl: 	at androidx.compose.ui.text.font.FontFamilyResolverImpl.resolve$lambda$0(FontFamilyResolver.kt:95)
06-03 00:04:15.701 15767 15767 W TypefaceCompatApi29Impl: 	at androidx.compose.ui.text.font.FontFamilyResolverImpl$$ExternalSyntheticLambda4.invoke(D8$$SyntheticClass:0)
06-03 00:04:15.701 15767 15767 W TypefaceCompatApi29Impl: 	at androidx.compose.ui.text.font.TypefaceRequestCache.runCached(FontFamilyResolver.kt:197)
06-03 00:04:15.701 15767 15767 W TypefaceCompatApi29Impl: 	at androidx.compose.ui.text.font.FontFamilyResolverImpl.resolve(FontFamilyResolver.kt:94)
06-03 00:04:15.701 15767 15767 W TypefaceCompatApi29Impl: 	at androidx.compose.ui.text.font.FontFamilyResolverImpl.resolve-DPcqOEQ(FontFamilyResolver.kt:80)
06-03 00:04:15.701 15767 15767 W TypefaceCompatApi29Impl: 	at androidx.compose.ui.text.platform.AndroidParagraphIntrinsics._init_$lambda$0(AndroidParagraphIntrinsics.android.kt:94)
06-03 00:04:15.701 15767 15767 W TypefaceCompatApi29Impl: 	at androidx.compose.ui.text.platform.AndroidParagraphIntrinsics$$ExternalSyntheticLambda0.invoke(D8$$SyntheticClass:0)
06-03 00:04:15.701 15767 15767 W TypefaceCompatApi29Impl: 	at androidx.compose.ui.text.platform.extensions.TextPaintExtensions_androidKt.applySpanStyle(TextPaintExtensions.android.kt:62)
06-03 00:04:15.701 15767 15767 W TypefaceCompatApi29Impl: 	at androidx.compose.ui.text.platform.AndroidParagraphIntrinsics.<init>(AndroidParagraphIntrinsics.android.kt:107)
06-03 00:04:15.701 15767 15767 W TypefaceCompatApi29Impl: 	at androidx.compose.ui.text.platform.AndroidParagraphIntrinsics_androidKt.ActualParagraphIntrinsics(AndroidParagraphIntrinsics.android.kt:182)
06-03 00:04:15.701 15767 15767 W TypefaceCompatApi29Impl: 	at androidx.compose.ui.text.ParagraphIntrinsicsKt.ParagraphIntrinsics(ParagraphIntrinsics.kt:126)
06-03 00:04:15.701 15767 15767 W TypefaceCompatApi29Impl: 	at androidx.compose.foundation.text.modifiers.ParagraphLayoutCache.setLayoutDirection(ParagraphLayoutCache.kt:275)
06-03 00:04:15.701 15767 15767 W TypefaceCompatApi29Impl: 	at androidx.compose.foundation.text.modifiers.ParagraphLayoutCache.layoutText-K40F9xA$foundation(ParagraphLayoutCache.kt:297)
06-03 00:04:15.701 15767 15767 W TypefaceCompatApi29Impl: 	at androidx.compose.foundation.text.modifiers.ParagraphLayoutCache.layoutWithConstraints-K40F9xA(ParagraphLayoutCache.kt:186)
06-03 00:04:15.701 15767 15767 W TypefaceCompatApi29Impl: 	at androidx.compose.foundation.text.modifiers.TextStringSimpleNode.measure-3p2s80s(TextStringSimpleNode.kt:392)
06-03 00:04:15.701 15767 15767 W TypefaceCompatApi29Impl: 	at androidx.compose.ui.node.LayoutModifierNodeCoordinator.measure-BRTryo0(LayoutModifierNodeCoordinator.kt:190)
06-03 00:04:15.701 15767 15767 W TypefaceCompatApi29Impl: 	at androidx.compose.ui.node.MeasurePassDelegate$performMeasureBlock$1.invoke(MeasurePassDelegate.kt:173)
06-03 00:04:15.701 15767 15767 W TypefaceCompatApi29Impl: 	at androidx.compose.ui.node.MeasurePassDelegate$performMeasureBlock$1.invoke(MeasurePassDelegate.kt:172)
06-03 00:04:15.701 15767 15767 W TypefaceCompatApi29Impl: 	at androidx.compose.runtime.snapshots.SnapshotStateObserver.observeReads(SnapshotStateObserver.kt:729)
06-03 00:04:15.701 15767 15767 W TypefaceCompatApi29Impl: 	at androidx.compose.ui.node.MeasurePassDelegate.remeasure-BRTryo0(MeasurePassDelegate.kt:1077)
06-03 00:04:15.701 15767 15767 W TypefaceCompatApi29Impl: 	at androidx.compose.ui.node.MeasurePassDelegate.measure-BRTryo0(MeasurePassDelegate.kt:470)
06-03 00:04:15.701 15767 15767 W TypefaceCompatApi29Impl: 	at androidx.compose.foundation.layout.BoxMeasurePolicy.measure-3p2s80s(Box.kt:145)
06-03 00:04:15.701 15767 15767 W TypefaceCompatApi29Impl: 	at androidx.compose.ui.node.InnerNodeCoordinator.measure-BRTryo0(InnerNodeCoordinator.kt:130)
06-03 00:04:15.702 14112 16257 I RkpdRegistrationBinder: Key successfully assigned to client
06-03 00:04:15.702 15767 15767 W TypefaceCompatApi29Impl: 	at androidx.compose.ui.graphics.BlockGraphicsLayerModifier.measure-3p2s80s(GraphicsLayerModifier.kt:725)
06-03 00:04:15.702 15767 15767 W TypefaceCompatApi29Impl: 	at androidx.compose.ui.node.LayoutModifierNodeCoordinator.measure-BRTryo0(LayoutModifierNodeCoordinator.kt:190)
06-03 00:04:15.702 15767 15767 W TypefaceCompatApi29Impl: 	at androidx.compose.ui.node.MeasurePassDelegate$performMeasureBlock$1.invoke(MeasurePassDelegate.kt:173)
06-03 00:04:15.702 15767 15767 W TypefaceCompatApi29Impl: 	at androidx.compose.ui.node.MeasurePassDelegate$performMeasureBlock$1.invoke(MeasurePassDelegate.kt:172)
06-03 00:04:15.702 15767 15767 W TypefaceCompatApi29Impl: 	at androidx.compose.runtime.snapshots.SnapshotStateObserver.observeReads(SnapshotStateObserver.kt:729)
06-03 00:04:15.702 15767 15767 W TypefaceCompatApi29Impl: 	at androidx.compose.ui.node.MeasurePassDelegate.remeasure-BRTryo0(MeasurePassDelegate.kt:1077)
06-03 00:04:15.702 15767 15767 W TypefaceCompatApi29Impl: 	at androidx.compose.ui.node.MeasurePassDelegate.measure-BRTryo0(MeasurePassDelegate.kt:470)
06-03 00:04:15.702 15767 15767 W TypefaceCompatApi29Impl: 	at androidx.compose.material3.NavigationBarKt$NavigationBarItemLayout$1$1.measure-3p2s80s(NavigationBar.kt:603)
06-03 00:04:15.702 15767 15767 W TypefaceCompatApi29Impl: 	at androidx.compose.ui.node.InnerNodeCoordinator.measure-BRTryo0(InnerNodeCoordinator.kt:130)
06-03 00:04:15.702 15767 15767 W TypefaceCompatApi29Impl: 	at androidx.compose.material3.BadgeKt.badgeBounds$lambda$0(Badge.kt:221)
06-03 00:04:15.702 15767 15767 W TypefaceCompatApi29Impl: 	at androidx.compose.material3.BadgeKt$$ExternalSyntheticLambda1.invoke(D8$$SyntheticClass:0)
06-03 00:04:15.702 15767 15767 W TypefaceCompatApi29Impl: 	at androidx.compose.ui.layout.LayoutModifierImpl.measure-3p2s80s(LayoutModifier.kt:278)
06-03 00:04:15.702 15767 15767 W TypefaceCompatApi29Impl: 	at androidx.compose.ui.node.LayoutModifierNodeCoordinator.measure-BRTryo0(LayoutModifierNodeCoordinator.kt:190)
06-03 00:04:15.702 15767 15767 W TypefaceCompatApi29Impl: 	at androidx.compose.ui.node.MeasurePassDelegate$performMeasureBlock$1.invoke(MeasurePassDelegate.kt:173)
06-03 00:04:15.702 15767 15767 W TypefaceCompatApi29Impl: 	at androidx.compose.ui.node.MeasurePassDelegate$performMeasureBlock$1.invoke(MeasurePassDelegate.kt:172)
06-03 00:04:15.702 15767 15767 W TypefaceCompatApi29Impl: 	at androidx.compose.runtime.snapshots.SnapshotStateObserver.observeReads(SnapshotStateObserver.kt:729)
06-03 00:04:15.702 15767 15767 W TypefaceCompatApi29Impl: 	at androidx.compose.ui.node.MeasurePassDelegate.remeasure-BRTryo0(MeasurePassDelegate.kt:1077)
06-03 00:04:15.702 15767 15767 W TypefaceCompatApi29Impl: 	at androidx.compose.ui.node.MeasurePassDelegate.measure-BRTryo0(MeasurePassDelegate.kt:470)
06-03 00:04:15.702 15767 15767 W TypefaceCompatApi29Impl: 	at androidx.compose.foundation.layout.BoxMeasurePolicy.measure-3p2s80s(Box.kt:145)
06-03 00:04:15.702 15767 15767 W TypefaceCompatApi29Impl: 	at androidx.compose.ui.node.InnerNodeCoordinator.measure-BRTryo0(InnerNodeCoordinator.kt:130)
06-03 00:04:15.702 15767 15767 W TypefaceCompatApi29Impl: 	at androidx.compose.foundation.layout.UnspecifiedConstraintsNode.measure-3p2s80s(Size.kt:1092)
06-03 00:04:15.702 15767 15767 W TypefaceCompatApi29Impl: 	at androidx.compose.ui.node.LayoutModifierNodeCoordinator.measure-BRTryo0(LayoutModifierNodeCoordinator.kt:190)
06-03 00:04:15.702 15767 15767 W TypefaceCompatApi29Impl: 	at androidx.compose.ui.node.MeasurePassDelegate$performMeasureBlock$1.invoke(MeasurePassDelegate.kt:173)
06-03 00:04:15.702 15767 15767 W TypefaceCompatApi29Impl: 	at androidx.compose.ui.node.MeasurePassDelegate$performMeasureBlock$1.invoke(MeasurePassDelegate.kt:172)
06-03 00:04:15.702 15767 15767 W TypefaceCompatApi29Impl: 	at androidx.compose.runtime.snapshots.SnapshotStateObserver.observeReads(SnapshotStateObserver.kt:729)
06-03 00:04:15.702 15767 15767 W TypefaceCompatApi29Impl: 	at androidx.compose.ui.node.MeasurePassDelegate.remeasure-BRTryo0(MeasurePassDelegate.kt:1077)
06-03 00:04:15.702 15767 15767 W TypefaceCompatApi29Impl: 	at androidx.compose.ui.node.MeasurePassDelegate.measure-BRTryo0(MeasurePassDelegate.kt:470)
06-03 00:04:15.702 15767 15767 W TypefaceCompatApi29Impl: 	at androidx.compose.foundation.layout.RowColumnMeasurePolicyKt.measure(RowColumnMeasurePolicy.kt:208)
06-03 00:04:15.702 15767 15767 W TypefaceCompatApi29Impl: 	at androidx.compose.foundation.layout.RowColumnMeasurePolicyKt.measure$default(RowColumnMeasurePolicy.kt:77)
06-03 00:04:15.702 15767 15767 W TypefaceCompatApi29Impl: 	at androidx.compose.foundation.layout.RowMeasurePolicy.measure-3p2s80s(Row.kt:142)
06-03 00:04:15.702 15767 15767 W TypefaceCompatApi29Impl: 	at androidx.compose.ui.node.InnerNodeCoordinator.measure-BRTryo0(InnerNodeCoordinator.kt:130)
06-03 00:04:15.702 15767 15767 W TypefaceCompatApi29Impl: 	at androidx.compose.foundation.layout.UnspecifiedConstraintsNode.measure-3p2s80s(Size.kt:1092)
06-03 00:04:15.702 15767 15767 W TypefaceCompatApi29Impl: 	at androidx.compose.ui.node.LayoutModifierNodeCoordinator.measure-BRTryo0(LayoutModifierNodeCoordinator.kt:190)
06-03 00:04:15.702 15767 15767 W TypefaceCompatApi29Impl: 	at androidx.compose.foundation.layout.InsetsPaddingModifierNode.measure-3p2s80s(WindowInsetsPadding.kt:506)
06-03 00:04:15.702 15767 15767 W TypefaceCompatApi29Impl: 	at androidx.compose.ui.node.LayoutModifierNodeCoordinator.measure-BRTryo0(LayoutModifierNodeCoordinator.kt:190)
06-03 00:04:15.702 15767 15767 W TypefaceCompatApi29Impl: 	at androidx.compose.foundation.layout.FillNode.measure-3p2s80s(Size.kt:721)
06-03 00:04:15.702 15767 15767 W TypefaceCompatApi29Impl: 	at androidx.compose.ui.node.LayoutModifierNodeCoordinator.measure-BRTryo0(LayoutModifierNodeCoordinator.kt:190)
06-03 00:04:15.702 15767 15767 W TypefaceCompatApi29Impl: 	at androidx.compose.ui.node.MeasurePassDelegate$performMeasureBlock$1.invoke(MeasurePassDelegate.kt:173)
06-03 00:04:15.702 15767 15767 W TypefaceCompatApi29Impl: 	at androidx.compose.ui.node.MeasurePassDelegate$performMeasureBlock$1.invoke(MeasurePassDelegate.kt:172)
06-03 00:04:15.703 15767 15767 W TypefaceCompatApi29Impl: 	at androidx.compose.runtime.snapshots.SnapshotStateObserver.observeReads(SnapshotStateObserver.kt:729)
06-03 00:04:15.703 15767 15767 W TypefaceCompatApi29Impl: 	at androidx.compose.ui.node.MeasurePassDelegate.remeasure-BRTryo0(MeasurePassDelegate.kt:1077)
06-03 00:04:15.703 15767 15767 W TypefaceCompatApi29Impl: 	at androidx.compose.ui.node.MeasurePassDelegate.measure-BRTryo0(MeasurePassDelegate.kt:470)
06-03 00:04:15.703 15767 15767 W TypefaceCompatApi29Impl: 	at androidx.compose.foundation.layout.BoxMeasurePolicy.measure-3p2s80s(Box.kt:145)
06-03 00:04:15.703 15767 15767 W TypefaceCompatApi29Impl: 	at androidx.compose.ui.node.InnerNodeCoordinator.measure-BRTryo0(InnerNodeCoordinator.kt:130)
06-03 00:04:15.703 15767 15767 W TypefaceCompatApi29Impl: 	at androidx.compose.ui.graphics.SimpleGraphicsLayerModifier.measure-3p2s80s(GraphicsLayerModifier.kt:843)
06-03 00:04:15.703 15767 15767 W TypefaceCompatApi29Impl: 	at androidx.compose.ui.node.LayoutModifierNodeCoordinator.measure-BRTryo0(LayoutModifierNodeCoordinator.kt:190)
06-03 00:04:15.703 15767 15767 W TypefaceCompatApi29Impl: 	at androidx.compose.ui.graphics.BlockGraphicsLayerModifier.measure-3p2s80s(GraphicsLayerModifier.kt:725)
06-03 00:04:15.703 15767 15767 W TypefaceCompatApi29Impl: 	at androidx.compose.ui.node.LayoutModifierNodeCoordinator.measure-BRTryo0(LayoutModifierNodeCoordinator.kt:190)
06-03 00:04:15.703 15767 15767 W TypefaceCompatApi29Impl: 	at androidx.compose.foundation.layout.SizeNode.measure-3p2s80s(Size.kt:865)
06-03 00:04:15.703 15767 15767 W TypefaceCompatApi29Impl: 	at androidx.compose.ui.node.LayoutModifierNodeCoordinator.measure-BRTryo0(LayoutModifierNodeCoordinator.kt:190)
06-03 00:04:15.703 15767 15767 W TypefaceCompatApi29Impl: 	at androidx.compose.ui.node.MeasurePassDelegate$performMeasureBlock$1.invoke(MeasurePassDelegate.kt:173)
06-03 00:04:15.703 15767 15767 W TypefaceCompatApi29Impl: 	at androidx.compose.ui.node.MeasurePassDelegate$performMeasureBlock$1.invoke(MeasurePassDelegate.kt:172)
06-03 00:04:15.703 15767 15767 W TypefaceCompatApi29Impl: 	at androidx.compose.runtime.snapshots.SnapshotStateObserver.observeReads(SnapshotStateObserver.kt:729)
06-03 00:04:15.703 15767 15767 W TypefaceCompatApi29Impl: 	at androidx.compose.ui.node.MeasurePassDelegate.remeasure-BRTryo0(MeasurePassDelegate.kt:1077)
06-03 00:04:15.703 15767 15767 W TypefaceCompatApi29Impl: 	at androidx.compose.ui.node.MeasurePassDelegate.measure-BRTryo0(MeasurePassDelegate.kt:470)
06-03 00:04:15.703 15767 15767 W TypefaceCompatApi29Impl: 	at androidx.compose.foundation.layout.BoxMeasurePolicy.measure-3p2s80s(Box.kt:168)
06-03 00:04:15.703 15767 15767 W TypefaceCompatApi29Impl: 	at androidx.compose.ui.node.InnerNodeCoordinator.measure-BRTryo0(InnerNodeCoordinator.kt:130)
06-03 00:04:15.703 15767 15767 W TypefaceCompatApi29Impl: 	at androidx.compose.ui.node.MeasurePassDelegate$performMeasureBlock$1.invoke(MeasurePassDelegate.kt:173)
06-03 00:04:15.703 15767 15767 W TypefaceCompatApi29Impl: 	at androidx.compose.ui.node.MeasurePassDelegate$performMeasureBlock$1.invoke(MeasurePassDelegate.kt:172)
06-03 00:04:15.703 15767 15767 W TypefaceCompatApi29Impl: 	at androidx.compose.runtime.snapshots.SnapshotStateObserver.observeReads(SnapshotStateObserver.kt:729)
06-03 00:04:15.703 15767 15767 W TypefaceCompatApi29Impl: 	at androidx.compose.ui.node.MeasurePassDelegate.remeasure-BRTryo0(MeasurePassDelegate.kt:1077)
06-03 00:04:15.703 15767 15767 W TypefaceCompatApi29Impl: 	at androidx.compose.ui.node.MeasurePassDelegate.measure-BRTryo0(MeasurePassDelegate.kt:470)
06-03 00:04:15.703 15767 15767 W TypefaceCompatApi29Impl: 	at androidx.compose.foundation.layout.BoxMeasurePolicy.measure-3p2s80s(Box.kt:145)
06-03 00:04:15.703 15767 15767 W TypefaceCompatApi29Impl: 	at androidx.compose.ui.node.InnerNodeCoordinator.measure-BRTryo0(InnerNodeCoordinator.kt:130)
06-03 00:04:15.703 15767 15767 W TypefaceCompatApi29Impl: 	at androidx.compose.ui.node.MeasurePassDelegate$performMeasureBlock$1.invoke(MeasurePassDelegate.kt:173)
06-03 00:04:15.703 15767 15767 W TypefaceCompatApi29Impl: 	at androidx.compose.ui.node.MeasurePassDelegate$performMeasureBlock$1.invoke(MeasurePassDelegate.kt:172)
06-03 00:04:15.703 15767 15767 W TypefaceCompatApi29Impl: 	at androidx.compose.runtime.snapshots.SnapshotStateObserver.observeReads(SnapshotStateObserver.kt:729)
06-03 00:04:15.703 15767 15767 W TypefaceCompatApi29Impl: 	at androidx.compose.ui.node.MeasurePassDelegate.remeasure-BRTryo0(MeasurePassDelegate.kt:1077)
06-03 00:04:15.703 15767 15767 W TypefaceCompatApi29Impl: 	at androidx.compose.ui.node.MeasurePassDelegate.measure-BRTryo0(MeasurePassDelegate.kt:470)
06-03 00:04:15.703 15767 15767 W TypefaceCompatApi29Impl: 	at androidx.compose.material3.ScaffoldKt.ScaffoldLayout_FMILGgc$lambda$6$0(Scaffold.kt:226)
06-03 00:04:15.703 15767 15767 W TypefaceCompatApi29Impl: 	at androidx.compose.material3.ScaffoldKt.$r8$lambda$wt09unknHNiv9S1FwXtvlRyw63Y(Unknown Source:0)
06-03 00:04:15.703 15767 15767 W TypefaceCompatApi29Impl: 	at androidx.compose.material3.ScaffoldKt$$ExternalSyntheticLambda9.invoke(D8$$SyntheticClass:0)
06-03 00:04:15.703 15767 15767 W TypefaceCompatApi29Impl: 	at androidx.compose.ui.layout.LayoutNodeSubcompositionsState$createMeasurePolicy$1.measure-3p2s80s(SubcomposeLayout.kt:955)
06-03 00:04:15.703 15767 15767 W TypefaceCompatApi29Impl: 	at androidx.compose.ui.node.InnerNodeCoordinator.measure-BRTryo0(InnerNodeCoordinator.kt:130)
06-03 00:04:15.703 15767 15767 W TypefaceCompatApi29Impl: 	at androidx.compose.ui.node.MeasurePassDelegate$performMeasureBlock$1.invoke(MeasurePassDelegate.kt:173)
06-03 00:04:15.703 15767 15767 W TypefaceCompatApi29Impl: 	at androidx.compose.ui.node.MeasurePassDelegate$performMeasureBlock$1.invoke(MeasurePassDelegate.kt:172)
06-03 00:04:15.703 15767 15767 W TypefaceCompatApi29Impl: 	at androidx.compose.runtime.snapshots.SnapshotStateObserver.observeReads(SnapshotStateObserver.kt:729)
06-03 00:04:15.703 15767 15767 W TypefaceCompatApi29Impl: 	at androidx.compose.ui.node.MeasurePassDelegate.remeasure-BRTryo0(MeasurePassDelegate.kt:1077)
06-03 00:04:15.703 15767 15767 W TypefaceCompatApi29Impl: 	at androidx.compose.ui.node.MeasurePassDelegate.measure-BRTryo0(MeasurePassDelegate.kt:470)
06-03 00:04:15.704 15767 15767 W TypefaceCompatApi29Impl: 	at androidx.compose.foundation.layout.BoxMeasurePolicy.measure-3p2s80s(Box.kt:145)
06-03 00:04:15.704 15767 15767 W TypefaceCompatApi29Impl: 	at androidx.compose.ui.node.InnerNodeCoordinator.measure-BRTryo0(InnerNodeCoordinator.kt:130)
06-03 00:04:15.704 15767 15767 W TypefaceCompatApi29Impl: 	at androidx.compose.ui.graphics.SimpleGraphicsLayerModifier.measure-3p2s80s(GraphicsLayerModifier.kt:843)
06-03 00:04:15.704 15767 15767 W TypefaceCompatApi29Impl: 	at androidx.compose.ui.node.LayoutModifierNodeCoordinator.measure-BRTryo0(LayoutModifierNodeCoordinator.kt:190)
06-03 00:04:15.704 15767 15767 W TypefaceCompatApi29Impl: 	at androidx.compose.foundation.layout.FillNode.measure-3p2s80s(Size.kt:721)
06-03 00:04:15.704 15767 15767 W TypefaceCompatApi29Impl: 	at androidx.compose.ui.node.LayoutModifierNodeCoordinator.measure-BRTryo0(LayoutModifierNodeCoordinator.kt:190)
06-03 00:04:15.704 15767 15767 W TypefaceCompatApi29Impl: 	at androidx.compose.ui.node.MeasurePassDelegate$performMeasureBlock$1.invoke(MeasurePassDelegate.kt:173)
06-03 00:04:15.704 15767 15767 W TypefaceCompatApi29Impl: 	at androidx.compose.ui.node.MeasurePassDelegate$performMeasureBlock$1.invoke(MeasurePassDelegate.kt:172)
06-03 00:04:15.704 15767 15767 W TypefaceCompatApi29Impl: 	at androidx.compose.runtime.snapshots.SnapshotStateObserver.observeReads(SnapshotStateObserver.kt:729)
06-03 00:04:15.704 15767 15767 W TypefaceCompatApi29Impl: 	at androidx.compose.ui.node.MeasurePassDelegate.remeasure-BRTryo0(MeasurePassDelegate.kt:1077)
06-03 00:04:15.704 15767 15767 W TypefaceCompatApi29Impl: 	at androidx.compose.ui.node.MeasurePassDelegate.measure-BRTryo0(MeasurePassDelegate.kt:470)
06-03 00:04:15.704 15767 15767 W TypefaceCompatApi29Impl: 	at androidx.compose.foundation.layout.BoxMeasurePolicy.measure-3p2s80s(Box.kt:145)
06-03 00:04:15.704 15767 15767 W TypefaceCompatApi29Impl: 	at androidx.compose.foundation.layout.BoxWithConstraintsKt.BoxWithConstraints$lambda$0$0(BoxWithConstraints.kt:68)
06-03 00:04:15.704 15767 15767 W TypefaceCompatApi29Impl: 	at androidx.compose.foundation.layout.BoxWithConstraintsKt.$r8$lambda$p9yh-8kbO_kwrsRP1ZyRK8puGy8(Unknown Source:0)
06-03 00:04:15.704 15767 15767 W TypefaceCompatApi29Impl: 	at androidx.compose.foundation.layout.BoxWithConstraintsKt$$ExternalSyntheticLambda0.invoke(D8$$SyntheticClass:0)
06-03 00:04:15.704 15767 15767 W TypefaceCompatApi29Impl: 	at androidx.compose.ui.layout.LayoutNodeSubcompositionsState$createMeasurePolicy$1.measure-3p2s80s(SubcomposeLayout.kt:955)
06-03 00:04:15.704 15767 15767 W TypefaceCompatApi29Impl: 	at androidx.compose.ui.node.InnerNodeCoordinator.measure-BRTryo0(InnerNodeCoordinator.kt:130)
06-03 00:04:15.704 15767 15767 W TypefaceCompatApi29Impl: 	at androidx.compose.foundation.layout.FillNode.measure-3p2s80s(Size.kt:721)
06-03 00:04:15.704 15767 15767 W TypefaceCompatApi29Impl: 	at androidx.compose.ui.node.LayoutModifierNodeCoordinator.measure-BRTryo0(LayoutModifierNodeCoordinator.kt:190)
06-03 00:04:15.704 15767 15767 W TypefaceCompatApi29Impl: 	at androidx.compose.ui.node.MeasurePassDelegate$performMeasureBlock$1.invoke(MeasurePassDelegate.kt:173)
06-03 00:04:15.704 15767 15767 W TypefaceCompatApi29Impl: 	at androidx.compose.ui.node.MeasurePassDelegate$performMeasureBlock$1.invoke(MeasurePassDelegate.kt:172)
06-03 00:04:15.704 15767 15767 W TypefaceCompatApi29Impl: 	at androidx.compose.runtime.snapshots.SnapshotStateObserver.observeReads(SnapshotStateObserver.kt:729)
06-03 00:04:15.704 15767 15767 W TypefaceCompatApi29Impl: 	at androidx.compose.ui.node.MeasurePassDelegate.remeasure-BRTryo0(MeasurePassDelegate.kt:1077)
06-03 00:04:15.704 15767 15767 W TypefaceCompatApi29Impl: 	at androidx.compose.ui.node.MeasurePassDelegate.measure-BRTryo0(MeasurePassDelegate.kt:470)
06-03 00:04:15.704 15767 15767 W TypefaceCompatApi29Impl: 	at androidx.compose.ui.layout.RootMeasurePolicy.measure-3p2s80s(RootMeasurePolicy.kt:37)
06-03 00:04:15.704 15767 15767 W TypefaceCompatApi29Impl: 	at androidx.compose.ui.node.InnerNodeCoordinator.measure-BRTryo0(InnerNodeCoordinator.kt:130)
06-03 00:04:15.704 15767 15767 W TypefaceCompatApi29Impl: 	at androidx.compose.ui.platform.AndroidComposeView$RootModifierNode.measure-3p2s80s(AndroidComposeView.android.kt:3595)
06-03 00:04:15.704 15767 15767 W TypefaceCompatApi29Impl: 	at androidx.compose.ui.node.LayoutModifierNodeCoordinator.measure-BRTryo0(LayoutModifierNodeCoordinator.kt:190)
06-03 00:04:15.704 15767 15767 W TypefaceCompatApi29Impl: 	at androidx.compose.ui.node.MeasurePassDelegate$performMeasureBlock$1.invoke(MeasurePassDelegate.kt:173)
06-03 00:04:15.704 15767 15767 W TypefaceCompatApi29Impl: 	at androidx.compose.ui.node.MeasurePassDelegate$performMeasureBlock$1.invoke(MeasurePassDelegate.kt:172)
06-03 00:04:15.704 15767 15767 W TypefaceCompatApi29Impl: 	at androidx.compose.runtime.snapshots.SnapshotStateObserver.observeReads(SnapshotStateObserver.kt:758)
06-03 00:04:15.704 15767 15767 W TypefaceCompatApi29Impl: 	at androidx.compose.ui.node.MeasurePassDelegate.remeasure-BRTryo0(MeasurePassDelegate.kt:1077)
06-03 00:04:15.704 15767 15767 W TypefaceCompatApi29Impl: 	at androidx.compose.ui.node.LayoutNode.remeasure-_Sx5XlM$ui(LayoutNode.kt:1290)
06-03 00:04:15.704 15767 15767 W TypefaceCompatApi29Impl: 	at androidx.compose.ui.node.MeasureAndLayoutDelegate.doRemeasure-sdFAvZA(MeasureAndLayoutDelegate.kt:381)
06-03 00:04:15.704 15767 15767 W TypefaceCompatApi29Impl: 	at androidx.compose.ui.node.MeasureAndLayoutDelegate.remeasureOnly(MeasureAndLayoutDelegate.kt:723)
