06-13 12:15:15.595  2412  6524 W ActivityManager: Scheduling restart of crashed service com.android.chrome/org.chromium.content.app.PrivilegedProcessService0 in 20829ms for connection
06-13 12:15:15.670  2412  3846 E ContentProviderHelper: ProcessRecord{8a2380b 9607:com.facebook.katana/u0a465} was killed by AM but isn't really dead
06-13 12:15:15.671  2412  3846 W ActivityManager: ProcessRecord{8a2380b 9607:com.facebook.katana/u0a465} is attached to a previous process
06-13 12:15:15.672  2412  3050 D BackgroundInstallControlService: Package event received: 0
06-13 12:15:15.672  2412  3846 W ActivityManager: Existing proc ProcessRecord{8a2380b 9607:com.facebook.katana/u0a465} was killed 391ms ago when adding ProcessRecord{dac216c 0:com.facebook.katana/u0a465}
06-13 12:15:15.680  2412  3846 D SystemServerTiming: getUserSwitchability-0
06-13 12:15:15.680  2412  3846 D SystemServerTiming: TM.isInCall
06-13 12:15:15.680  2412  3846 D SystemServerTiming: hasUserRestriction-DISALLOW_USER_SWITCH
06-13 12:15:15.680  2412  3846 D SystemServerTiming: getInt-ALLOW_USER_SWITCHING_WHEN_SYSTEM_USER_LOCKED
06-13 12:15:15.680  2412  3846 D SystemServerTiming: isUserUnlocked-USER_SYSTEM
06-13 12:15:15.707  2412  2843 I ActivityManager: Start proc 13767:com.facebook.katana/u0a465 for content provider {com.facebook.katana/com.facebook.katana.liteprovider.usdid.UsdidValuesProvider}
06-13 12:15:15.715  2412  2822 I UsbPortManager: USB HAL AIDL version: USB_HAL_V2_0
06-13 12:15:15.715  2412  2822 I UsbDeviceManager: Setting USB config to ncm
06-13 12:15:15.715  2412  2822 D UsbDeviceManager: setUsbConfig(1025) request:11
06-13 12:15:15.895  2412  6194 E AppOps  : Bad call made by uid 1000. Package "com.google.android.googlequicksearchbox" does not belong to uid 1000.
06-13 12:15:15.896  2412  2926 W ActivityManager: Scheduling restart of crashed service com.google.android.googlequicksearchbox/androidx.work.multiprocess.RemoteWorkManagerService in 78555ms for connection
06-13 12:15:15.896  2412  2926 W ActivityManager: Scheduling restart of crashed service com.google.android.googlequicksearchbox/com.google.android.libraries.search.assistant.invocation.android.voiceinteraction.sessionservice.assemblies.agsa.AgsaApaRemoteVoiceInteractionSessionService in 98555ms for connection
06-13 12:15:15.902  2412  3246 W ActivityManager: pid 5586 com.google.android.googlequicksearchbox:interactor sent binder code 2 with flags 1 and got error -32
06-13 12:15:15.902  2412  3246 D ActivityManager: Too many transaction errors, throttling freezer binder callback.
06-13 12:15:15.907  5586  6407 D ActivityThread: Too many transaction errors, throttling freezer binder callback.
06-13 12:15:15.932  5586  6410 D ActivityThread: Too many transaction errors, throttling freezer binder callback.
06-13 12:15:15.933  2412  2992 E AppOps  : Bad call made by uid 1000. Package "com.google.android.googlequicksearchbox" does not belong to uid 1000.
06-13 12:15:15.933  2412  3246 I WindowManager: WIN DEATH: Window{956a027 u0 GoogleDiscoverWindow}
06-13 12:15:15.935  2412  2911 W ActivityManager: Scheduling restart of crashed service com.google.android.googlequicksearchbox/com.google.android.apps.gsa.nowoverlayservice.DrawerOverlayService in 78516ms for connection
06-13 12:15:15.936  2412  2825 W ActivityManager: setHasOverlayUi called on unknown pid: 30662
06-13 12:15:16.327  2412  3246 I UsbDeviceManager: Usb setCurrentUsbFunctionsCb ,functions:1025 ,status:0 ,transactionId:43
06-13 12:15:16.327  2412  3246 I UsbDeviceManager: notifyCurrentFunction request:11 status:0
06-13 12:15:16.333  2412  2945 D DisplayRefreshRateController: Skip update refresh rate due to in extreme mode
06-13 12:15:16.334  2412  2897 W ActivityManager: Background start not allowed: service Intent { act=Orca.START xflg=0x4 cmp=com.instaprime.android/com.facebook.rti.pushv2.inapp.InappFbnsService (has extras) } to com.instaprime.android/com.facebook.rti.pushv2.inapp.InappFbnsService from pid=13375 uid=10487 pkg=com.instaprime.android startFg?=false
06-13 12:15:16.478  2412  2808 W ActivityManager: Background start not allowed: service Intent { act=Orca.START xflg=0x4 cmp=com.instagram.android/com.facebook.rti.pushv2.inapp.InappFbnsService (has extras) } to com.instagram.android/com.facebook.rti.pushv2.inapp.InappFbnsService from pid=12666 uid=10466 pkg=com.instagram.android startFg?=false
06-13 12:15:16.478  2412  2843 I ActivityManager: Start proc 13853:com.android.chrome:sandboxed_process0:org.chromium.content.app.SandboxedProcessService0:0/u0ai5 for  {com.android.chrome/org.chromium.content.app.SandboxedProcessService0:0}
06-13 12:15:18.375  2412  2841 W ActivityManager: Rescheduling restart of crashed service com.android.chrome/org.chromium.content.app.PrivilegedProcessService0 in 0ms for mem-pressure-event
06-13 12:15:18.375  2412  2841 W ActivityManager: Rescheduling restart of crashed service com.android.chrome/org.chromium.content.app.SandboxedProcessService0:2 in 0ms for mem-pressure-event
06-13 12:15:18.396  2412  2843 I ActivityManager: Start proc 13885:com.android.chrome:privileged_process0/u0a335 for service {com.android.chrome/org.chromium.content.app.PrivilegedProcessService0}
06-13 12:15:18.405  2412  2843 I ActivityManager: Start proc 13886:com.android.chrome:sandboxed_process0:org.chromium.content.app.SandboxedProcessService0:2/u0ai6 for  {com.android.chrome/org.chromium.content.app.SandboxedProcessService0:2}
06-13 12:15:18.494  2412  2808 D InputManagerService: pilferPointers
06-13 12:15:18.498  3103  3150 V WindowManagerShell: PipDesktopState: Recents transition state changed: TRANSITION_STATE_REQUESTED
06-13 12:15:18.498  3103  3150 V ShellDesktopMode: DesktopTasksController: Recents transition state changed: TRANSITION_STATE_REQUESTED
06-13 12:15:18.499  2412  2992 V WindowManager: deferTransitionReady deferReadyDepth=1 stack=com.android.server.wm.WindowOrganizerController.applyTransaction:660 com.android.server.wm.WindowOrganizerController.applyTransaction:638 com.android.server.wm.WindowOrganizerController.lambda$startTransition$3:379 com.android.server.wm.WindowOrganizerController.$r8$lambda$PHnU0rj5Bcvaq0dL-Wi7kOJt8bo:0 com.android.server.wm.WindowOrganizerController$$ExternalSyntheticLambda5.onCollectStarted:0 
06-13 12:15:18.504  2412  2992 E WindowOrganizerController: Not a valid process token: android.os.BinderProxy@5cf067d
06-13 12:15:18.504  2412  2992 V WindowManager: continueTransitionReady deferReadyDepth=0 stack=com.android.server.wm.WindowOrganizerController.applyTransaction:801 com.android.server.wm.WindowOrganizerController.applyTransaction:638 com.android.server.wm.WindowOrganizerController.lambda$startTransition$3:379 com.android.server.wm.WindowOrganizerController.$r8$lambda$PHnU0rj5Bcvaq0dL-Wi7kOJt8bo:0 com.android.server.wm.WindowOrganizerController$$ExternalSyntheticLambda5.onCollectStarted:0 
06-13 12:15:18.507  2412  3050 D BackgroundInstallControlService: Package event received: 0
06-13 12:15:18.507  2412  3050 D BackgroundInstallControlService: Package event received: 0
06-13 12:15:18.521  2412  3050 D BackgroundInstallControlService: Package event received: 0
06-13 12:15:18.545  3103  3150 D Bubbles : onLocusVisibilityChanged=Overview|ENABLED visible=true taskId=1
06-13 12:15:18.549  2412  2822 V WindowManager: Sent Transition (#192) createdAt=06-13 12:15:18.499
06-13 12:15:18.549  2412  2822 V WindowManager:     startWCT=WindowContainerTransaction { changes= {} hops= [{pendingIntent: options=Bundle[{android.activity.splashScreenStyle=-1, android.activity.sourceInfo=android.app.ActivityOptions$SourceInfo@c3bc7e3, android.pendingIntent.backgroundActivityAllowed=3, android.activity.launchDisplayId=0, android:activity.animAbortListener=null, android.activity.transientLaunch=true}]}, {setAnimationDelegate:  caller=android.os.BinderProxy@5cf067d}] errorCallbackToken=null taskFragmentOrganizer=null }
06-13 12:15:18.550  2412  2822 V WindowManager:     info={id=192 t=FIRST_CUSTOM+21 f=0x80 trk=0 r=[0@Point(0, 0)] c=[
06-13 12:15:18.550  2412  2822 V WindowManager:         {WCT{RemoteToken{7872818 Task{3ee6c72 #1 type=home}}} m=TO_FRONT f=SHOW_WALLPAPER|MOVE_TO_TOP leash=Surface(name=Task=1#44)/@0x65f0449 sb=Rect(0, 0 - 1220, 2712) eb=Rect(0, 0 - 1220, 2712) epz=Point(1220, 2712) d=0 taskParent=-1 winMode=1 userId=0},
06-13 12:15:18.550  2412  2822 V WindowManager:         {WCT{RemoteToken{31ffbc8 Task{64df414 #376 type=standard A=10441:org.localsend.localsend_app}}} m=TO_BACK f=NONE leash=Surface(name=Task=376#2649)/@0x8396dba sb=Rect(0, 0 - 1220, 2712) eb=Rect(0, 0 - 1220, 2712) epz=Point(1220, 2712) d=0 taskParent=-1 winMode=1 userId=0},
06-13 12:15:18.550  2412  2822 V WindowManager:         {m=TO_FRONT f=IS_WALLPAPER leash=Surface(name=WallpaperWindowToken{a510d57}#81)/@0x2bab5db sb=Rect(0, 0 - 1220, 2712) eb=Rect(0, 0 - 1220, 2712) epz=Point(1220, 2712) d=0}
06-13 12:15:18.550  2412  2822 V WindowManager:     ]}
06-13 12:15:18.557  3103  3150 V ShellDesktopMode: DesktopModeLogger: taskInfo map after processing changes 0
06-13 12:15:18.557  3103  3150 D ShellDesktopMode: DesktopTaskChangeListener: onTaskMovingToFront for taskId=1, displayId=0 - desktop not supported
06-13 12:15:18.564  3103  3150 V ShellSplitScreen: getSplitBoundsForTaskId: expected split bounds for taskId=376 but not found
06-13 12:15:18.565  3103  3150 V WindowManagerShell: PipDesktopState: Recents transition state changed: TRANSITION_STATE_ANIMATING
06-13 12:15:18.565  3103  3150 V ShellDesktopMode: DesktopTasksController: Recents transition state changed: TRANSITION_STATE_ANIMATING
06-13 12:15:18.565  2412  2897 W ActivityTaskManager: setRunningRemoteTransition: no process for null
06-13 12:15:18.569  2412  2945 D DisplayRefreshRateController: Skip update refresh rate due to in extreme mode
06-13 12:15:18.573  3103  3150 D Bubbles : BubbleController.onStatusBarVisibilityChanged() visible=false stackExpanded=false isSplitStatusBarImmersive=false
06-13 12:15:18.955  3466  3466 D InsetsController: Setting requestedVisibleTypes to 503 (was 502)
06-13 12:15:18.965  2412  3050 D BackgroundInstallControlService: Package event received: 0
06-13 12:15:18.974  3103  3150 D Bubbles : BubbleController.onStatusBarVisibilityChanged() visible=true stackExpanded=false isSplitStatusBarImmersive=false
06-13 12:15:18.979  2412  3050 D BackgroundInstallControlService: Package event received: 0
06-13 12:15:18.981  2412  2843 I ActivityManager: Start proc 13919:com.google.android.googlequicksearchbox:googleapp/u0a297 for service {com.google.android.googlequicksearchbox/com.google.android.apps.gsa.nowoverlayservice.DrawerOverlayService}
06-13 12:15:18.981  2412  3050 D BackgroundInstallControlService: Package event received: 0
06-13 12:15:19.496  2412  2825 W AccessibilityWindowsPopulator: Windows change within in 2 frames continuously over 500 ms and notify windows changed immediately
06-13 12:15:19.659  2412  3050 D BackgroundInstallControlService: Package event received: 0
06-13 12:15:19.663  2412  3050 D BackgroundInstallControlService: Package event received: 0
06-13 12:15:19.797 13919 13919 I DisplayManager: Implicitly registering for refresh rate
06-13 12:15:19.935  2412  2808 D CoreBackPreview: Window{76267e7 u0 GoogleDiscoverWindow}: Setting back callback OnBackInvokedCallbackInfo{mCallback=android.window.IOnBackInvokedCallback$Stub$Proxy@5fc9cad, mPriority=1000000, mIsAnimationCallback=false, mOverrideBehavior=0}
06-13 12:15:19.957  2412  2825 W AccessibilityWindowsPopulator: Windows change within in 2 frames continuously over 500 ms and notify windows changed immediately
06-13 12:15:20.450  2412  2412 W AccessibilityManagerService:  wait for adding window timeout: 313
06-13 12:15:20.622  2412  3050 D BackgroundInstallControlService: Package event received: 0
06-13 12:15:20.649  2412  3050 D BackgroundInstallControlService: Package event received: 0
06-13 12:15:20.689  2412  2807 I ActivityManager: Process com.android.settings (pid 4407) has died: cch  +60 CAC 
06-13 12:15:20.690  2412  3569 I WindowManager: WIN DEATH: Window{fa64444 u0 com.android.settings/com.android.settings.SubSettings}
06-13 12:15:20.691  2412  3569 I WindowManager: WIN DEATH: Window{1be9364 u0 com.android.settings/com.android.settings.SubSettings}
06-13 12:15:20.692  2412  3569 I WindowManager: WIN DEATH: Window{3e771e4 u0 com.android.settings/com.android.settings.SubSettings}
06-13 12:15:20.692  2412  3569 I WindowManager: WIN DEATH: Window{276ac2d u0 com.android.settings/com.android.settings.homepage.SettingsHomepageActivity}
06-13 12:15:20.694  2412  3810 W WindowManager: Cannot find window which accessibility connection is added to
06-13 12:15:20.696  2412  2926 W WindowManager: Cannot find window which accessibility connection is added to
06-13 12:15:20.696  2412  2807 E TransitionChain: Can't collect into a chain with no transition
06-13 12:15:20.696  2412  2807 E TransitionChain: Can't collect into a chain with no transition
06-13 12:15:20.697  2412  2807 E TransitionChain: Can't collect into a chain with no transition
06-13 12:15:20.697  2412  2807 E TransitionChain: Can't collect into a chain with no transition
06-13 12:15:20.697  2412  2807 E TransitionChain: Can't collect into a chain with no transition
06-13 12:15:20.697  2412  2807 E TransitionChain: Can't collect into a chain with no transition
06-13 12:15:20.697  2412  2807 E TransitionChain: Can't collect into a chain with no transition
06-13 12:15:20.697  2412  2807 E TransitionChain: Can't collect into a chain with no transition
06-13 12:15:20.697  2412  2807 D WindowManager: TaskFragmentOrganizer=android.window.ITaskFragmentOrganizer$Stub$Proxy@9b61eee died
06-13 12:15:20.697  2412  6583 W WindowManager: Cannot find window which accessibility connection is added to
06-13 12:15:20.700  2412  2825 W ActivityManager: setHasOverlayUi called on unknown pid: 4407
06-13 12:15:20.700  2412  2919 W UsageStatsService: Unexpected activity event reported! (com.android.settings/com.android.settings.SubSettings event : 23 instanceId : 79907878)
06-13 12:15:20.700  2412  2919 W UsageStatsService: Unexpected activity event reported! (com.android.settings/com.android.settings.SubSettings event : 23 instanceId : 26203578)
06-13 12:15:20.700  2412  2919 W UsageStatsService: Unexpected activity event reported! (com.android.settings/com.android.settings.SubSettings event : 23 instanceId : 177326215)
06-13 12:15:20.701  2412  2919 W UsageStatsService: Unexpected activity event reported! (com.android.settings/com.android.settings.homepage.SettingsHomepageActivity event : 23 instanceId : 230254216)
06-13 12:15:20.828  2412  2825 W AccessibilityWindowsPopulator: Windows change within in 2 frames continuously over 500 ms and notify windows changed immediately
06-13 12:15:20.854  2412  2843 I ActivityManager: Start proc 14006:com.google.android.googlequicksearchbox:search/u0a297 for service {com.google.android.googlequicksearchbox/com.google.apps.tiktok.account.data.manager.AccountSyncService}
06-13 12:15:21.199  2412  3050 D BackgroundInstallControlService: Package event received: 0
06-13 12:15:21.370  2412  2991 I ActivityManager: Process com.android.chrome:sandboxed_process0:org.chromium.content.app.SandboxedProcessService0:0 (pid 13853) has died: cch  +50 CACC
06-13 12:15:21.371  2412  2991 W ActivityManager: Scheduling restart of crashed service com.android.chrome/org.chromium.content.app.SandboxedProcessService0:0 in 10000ms for connection
06-13 12:15:21.969 13767 13820 E ActivityThread: Failed to find provider info for com.facebook.appmanager.firstparty.crashreporter
06-13 12:15:21.988  2412  2931 D ActivityManager: freezing 28058 com.whatsapp.w4b
06-13 12:15:22.071  2412  2825 W AccessibilityWindowsPopulator: Windows change within in 2 frames continuously over 500 ms and notify windows changed immediately
06-13 12:15:22.642  2412  6194 W ActivityTaskManager: callingPackage for (uid=-1, pid=-1) has no WPC
06-13 12:15:22.649  3103  3150 D ShellSplitScreen: logExit: no-op, mLoggerSessionId is null
06-13 12:15:22.650  3103  3150 V ShellDesktopMode: DesktopTasksController: handleRequest request=TransitionRequestInfo { type = TO_FRONT, triggerTask = TaskInfo{userId=0 taskId=371 effectiveUid=1000 displayId=0 isRunning=true baseIntent=Intent { act=android.settings.SETTINGS flg=0x14000000 cmp=com.android.settings/.homepage.SettingsHomepageActivity } baseActivity=ComponentInfo{com.android.settings/com.android.settings.homepage.SettingsHomepageActivity} topActivity=ComponentInfo{com.android.settings/com.android.settings.SubSettings} origActivity=null realActivity=ComponentInfo{com.android.settings/com.android.settings.homepage.SettingsHomepageActivity} numActivities=4 lastActiveTime=10816195 supportsMultiWindow=true resizeMode=1 isResizeable=true minWidth=-1 minHeight=-1 defaultMinSize=220 token=WCT{android.os.BinderProxy@dedcf7c} topActivityType=1 pictureInPictureParams=null shouldDockBigOverlays=false launchIntoPipHostTaskId=-1 lastParentTaskIdBeforePip=-1 displayCutoutSafeInsets=Rect(0, 104 - 0, 0) topActivityInfo=ActivityInfo{abdebd4 com.android.settings.SubSettings} launchCookies=[] positionInParent=Point(0, 0) parentTaskId=-1 isFocused=false isVisible=false isVisibleRequested=false isTopActivityNoDisplay=false isSleeping=false locusId=null displayAreaFeatureId=1 isTopActivityTransparent=false isActivityStackTransparent=false lastNonFullscreenBounds=null capturedLink=null capturedLinkTimestamp=0 requestedVisibleTypes=503 topActivityRequestOpenInBrowserEducationTimestamp=0 appCompatTaskInfo=AppCompatTaskInfo { topActivityInSizeCompat=false isLeafTask= true eligibleForLetterboxEducation= false isLetterboxEducationEnabled= false isLetterboxDoubleTapEnabled= false eligibleForUserAspectRatioButton= false topActivityBoundsLetterboxed= false isFromLetterboxDoubleTap= false topActivityLetterboxVerticalPosition= -1 topActivityLetterboxHorizontalPosition= -1 topActivityLetterboxWidth=-1 topActivityLetterboxHeight=-1 topActivityAppBounds=Rect(0, 0 - 1220, 2712) isUserFullscreenOverrideEnabled=false isSystemFullscreenOverrideEnabled=false hasMinAspectRatioOverride=false topActivityLetterboxBounds=null cameraCompatTaskInfo=CameraCompatTaskInfo { cameraCompatMode=undefinedundefined} topNonResizableActivityAspectRatio=-1.0} topActivityMainWindowFrame=null isAppBubble=false isTopAppLocked=false}, pipChange = null, remoteTransitionInfo = RemoteTransitionInfo { remoteTransition = android.window.IRemoteTransition$Stub$Proxy@ab0317d, debugName = QuickstepLaunch }, displayChange = null, requestedLocation = null, userChange = null, windowingLayerChange = null, flags = 0, debugId = 193 }
06-13 12:15:22.650  3103  3150 V ShellDesktopMode: DesktopTasksController: skipping handleRequest reason=triggerTask's display doesn't support desktop mode
06-13 12:15:22.653  3103  3150 D WindowManagerShell: onActivityRestartAttempt: topActivity=ComponentInfo{com.android.settings/com.android.settings.SubSettings}, wasVisible=false, displayId=0, pipDisplayLayoutState#displayId=0
06-13 12:15:22.658  2412  3050 D BackgroundInstallControlService: Package event received: 0
06-13 12:15:22.662  2412  2843 I ActivityManager: Start proc 14086:com.android.settings/1000 for next-top-activity {com.android.settings/com.android.settings.SubSettings}
06-13 12:15:22.662  2412  6592 D ProcessFreezerManager: Already triggered freeze for com.android.settings
06-13 12:15:22.673  2412  2945 D DisplayRefreshRateController: Skip update refresh rate due to in extreme mode
06-13 12:15:22.705  2412  3050 D BackgroundInstallControlService: Package event received: 0
06-13 12:15:22.712  2412  6592 D CompatChangeReporter: Compat change id reported: 377864165; UID 1000; state: ENABLED
06-13 12:15:22.806  2412  2807 I ActivityManager: Process com.android.chrome:sandboxed_process0:org.chromium.content.app.SandboxedProcessService0:2 (pid 13886) has died: cch  +40 CACC
06-13 12:15:22.811  2412  2822 V WindowManager: Sent Transition (#193) createdAt=06-13 12:15:22.643 via request=TransitionRequestInfo { type = TO_FRONT, triggerTask = TaskInfo{userId=0 taskId=371 effectiveUid=1000 displayId=0 isRunning=true baseIntent=Intent { act=android.settings.SETTINGS flg=0x14000000 cmp=com.android.settings/.homepage.SettingsHomepageActivity } baseActivity=ComponentInfo{com.android.settings/com.android.settings.homepage.SettingsHomepageActivity} topActivity=ComponentInfo{com.android.settings/com.android.settings.SubSettings} origActivity=null realActivity=ComponentInfo{com.android.settings/com.android.settings.homepage.SettingsHomepageActivity} numActivities=4 lastActiveTime=10816195 supportsMultiWindow=true resizeMode=1 isResizeable=true minWidth=-1 minHeight=-1 defaultMinSize=220 token=WCT{RemoteToken{4d781b8 Task{3f22b #371 type=standard A=1000:com.android.settings.root}}} topActivityType=1 pictureInPictureParams=null shouldDockBigOverlays=false launchIntoPipHostTaskId=-1 lastParentTaskIdBeforePip=-1 displayCutoutSafeInsets=Rect(0, 104 - 0, 0) topActivityInfo=ActivityInfo{f3420e5 com.android.settings.SubSettings} launchCookies=[] positionInParent=Point(0, 0) parentTaskId=-1 isFocused=false isVisible=false isVisibleRequested=false isTopActivityNoDisplay=false isSleeping=false locusId=null displayAreaFeatureId=1 isTopActivityTransparent=false isActivityStackTransparent=false lastNonFullscreenBounds=null capturedLink=null capturedLinkTimestamp=0 requestedVisibleTypes=503 topActivityRequestOpenInBrowserEducationTimestamp=0 appCompatTaskInfo=AppCompatTaskInfo { topActivityInSizeCompat=false isLeafTask= true eligibleForLetterboxEducation= false isLetterboxEducationEnabled= false isLetterboxDoubleTapEnabled= false eligibleForUserAspectRatioButton= false topActivityBoundsLetterboxed= false isFromLetterboxDoubleTap= false topActivityLetterboxVerticalPosition= -1 topActivityLetterboxHorizontalPosition= -1 topActivityLetterboxWidth=-1 topActivityLetterboxHeight=-1 topActivityAppBounds=Rect(0, 0 - 1220, 2712) isUserFullscreenOverrideEnabled=false isSystemFullscreenOverrideEnabled=false hasMinAspectRatioOverride=false topActivityLetterboxBounds=null cameraCompatTaskInfo=CameraCompatTaskInfo { cameraCompatMode=undefinedundefined} topNonResizableActivityAspectRatio=-1.0} topActivityMainWindowFrame=null isAppBubble=false isTopAppLocked=false}, pipChange = null, remoteTransitionInfo = RemoteTransitionInfo { remoteTransition = android.window.IRemoteTransition$Stub$Proxy@ff3f5a2, debugName = QuickstepLaunch }, displayChange = null, requestedLocation = null, userChange = null, windowingLayerChange = null, flags = 0, debugId = 193 }
06-13 12:15:22.811  2412  2822 V WindowManager:     startWCT=WindowContainerTransaction { changes= {} hops= [] errorCallbackToken=null taskFragmentOrganizer=null }
06-13 12:15:22.811  2412  2822 V WindowManager:     info={id=193 t=TO_FRONT f=0x0 trk=0 r=[0@Point(0, 0)] c=[
06-13 12:15:22.811  2412  2822 V WindowManager:         {WCT{RemoteToken{4d781b8 Task{3f22b #371 type=standard A=1000:com.android.settings.root}}} m=TO_FRONT f=MOVE_TO_TOP leash=Surface(name=Task=371#2132)/@0x9d1c315 sb=Rect(0, 0 - 1220, 2712) eb=Rect(0, 0 - 1220, 2712) epz=Point(1220, 2712) d=0 taskParent=-1 winMode=1 userId=0},
06-13 12:15:22.811  2412  2822 V WindowManager:         {WCT{RemoteToken{7872818 Task{3ee6c72 #1 type=home}}} m=TO_BACK f=SHOW_WALLPAPER leash=Surface(name=Task=1#44)/@0x65f0449 sb=Rect(0, 0 - 1220, 2712) eb=Rect(0, 0 - 1220, 2712) epz=Point(1220, 2712) d=0 taskParent=-1 winMode=1 userId=0},
06-13 12:15:22.811  2412  2822 V WindowManager:         {WCT{RemoteToken{31ffbc8 Task{64df414 #376 type=standard A=10441:org.localsend.localsend_app}}} m=TO_BACK f=NONE leash=Surface(name=Task=376#2649)/@0x8396dba sb=Rect(0, 0 - 1220, 2712) eb=Rect(0, 0 - 1220, 2712) epz=Point(1220, 2712) d=0 taskParent=-1 winMode=1 userId=0}
06-13 12:15:22.811  2412  2822 V WindowManager:     ]}
06-13 12:15:22.818  2412  2807 W ActivityManager: Scheduling restart of crashed service com.android.chrome/org.chromium.content.app.SandboxedProcessService0:2 in 28553ms for connection
06-13 12:15:22.824  3103  3150 V ShellDesktopMode: DesktopModeLogger: taskInfo map after processing changes 0
06-13 12:15:22.824  3103  3150 D ShellDesktopMode: DesktopTaskChangeListener: onTaskMovingToFront for taskId=371, displayId=0 - desktop not supported
06-13 12:15:22.851  2412  2841 W ActivityManager: Rescheduling restart of crashed service com.android.chrome/org.chromium.content.app.SandboxedProcessService0:0 in 28520ms for mem-pressure-event
06-13 12:15:22.851  2412  2841 W ActivityManager: Rescheduling restart of crashed service com.android.chrome/org.chromium.content.app.SandboxedProcessService0:2 in 68520ms for mem-pressure-event
06-13 12:15:22.926  2412  6592 I WindowManager: WIN DEATH: Window{8fa7672 u0 com.android.camera/com.android.camera.Camera}
06-13 12:15:22.926  2412  2808 I ActivityManager: Process com.android.camera (pid 8371) has died: cch  +30 CAC 
06-13 12:15:22.933  2412  2808 E TransitionChain: Can't collect into a chain with no transition
06-13 12:15:22.933  2412  2808 E TransitionChain: Can't collect into a chain with no transition
06-13 12:15:22.934  2412  2825 W ActivityManager: setHasOverlayUi called on unknown pid: 8371
06-13 12:15:22.934  2412  2841 W ActivityManager: Rescheduling restart of crashed service com.android.chrome/org.chromium.content.app.SandboxedProcessService0:0 in 8437ms for mem-pressure-event
06-13 12:15:22.934  2412  2841 W ActivityManager: Rescheduling restart of crashed service com.android.chrome/org.chromium.content.app.SandboxedProcessService0:2 in 28437ms for mem-pressure-event
06-13 12:15:22.935  2412  3568 W WindowManager: Cannot find window which accessibility connection is added to
06-13 12:15:22.936  2412  2919 W UsageStatsService: Unexpected activity event reported! (com.android.camera/com.android.camera.Camera event : 23 instanceId : 112392336)
06-13 12:15:22.944 14086 14086 E VibratorInfo: Invalid frequency profile received from HAL. resonantFrequencyHz=NaN, frequenciesHz=null, outputAccelerationsGs=null
06-13 12:15:22.955  2412  3050 D BackgroundInstallControlService: Package event received: 0
06-13 12:15:22.958  2412  3050 D BackgroundInstallControlService: Package event received: 0
06-13 12:15:22.961 14086 14100 I DisplayManager: Choreographer implicitly registered for the refresh rate.
06-13 12:15:23.160  2412  3547 D CoreBackPreview: Window{4e91462 u0 com.android.settings/com.android.settings.SubSettings}: Setting back callback OnBackInvokedCallbackInfo{mCallback=android.window.IOnBackInvokedCallback$Stub$Proxy@14814ae, mPriority=-1, mIsAnimationCallback=false, mOverrideBehavior=0}
06-13 12:15:23.193  2412  2825 V WindowManager: Unknown focus tokens, dropping reportFocusChanged
06-13 12:15:23.193  3103  3150 V WindowManagerShell: PipDesktopState: Recents transition state changed: TRANSITION_STATE_NOT_RUNNING
06-13 12:15:23.193  3103  3150 V ShellDesktopMode: DesktopTasksController: Recents transition state changed: TRANSITION_STATE_NOT_RUNNING
06-13 12:15:23.193  3103  3150 D ShellDesktopMode: DesktopTaskChangeListener: onTaskMovingToBack for taskId=1, displayId=0 - desktop not supported
06-13 12:15:23.193  3103  3150 D ShellDesktopMode: DesktopTaskChangeListener: onTaskMovingToBack for taskId=376, displayId=0 - desktop not supported
06-13 12:15:23.196  2412  3569 E TransitionChain: Trying to collect into a finished transition
06-13 12:15:23.196  2412  2822 V WindowManager: Finish Transition (#192): created at 06-13 12:15:18.499 collect-started=0.099ms started=0.117ms ready=5.241ms sent=43.333ms commit=24.859ms finished=4697.363ms
06-13 12:15:23.200  2412  3050 D BackgroundInstallControlService: Package event received: 0
06-13 12:15:23.202  2412  2825 W ProcessStats: Tracking association SourceState{54f25d6 system/1000 BFgs #38614} whose proc state 4 is better than process ProcessState{e50645 com.google.android.ext.services/10244 pkg=com.google.android.ext.services} proc state 14 (106 skipped)
06-13 12:15:23.218  2412  2822 V WindowManager: Finish Transition (#193): created at 06-13 12:15:22.643 collect-started=0.041ms request-sent=3.322ms started=8.004ms ready=159.854ms sent=164.185ms commit=29.325ms finished=574.872ms
06-13 12:15:23.219  3103  3150 D Bubbles : onLocusVisibilityChanged=Overview|ENABLED visible=false taskId=1
06-13 12:15:23.239  3103  3150 D WindowManagerShell: setLauncherKeepClearAreaHeight: visible=true, height=362
06-13 12:15:23.241  2412  2412 W AccessibilityManagerService:  wait for adding window timeout: 314
06-13 12:15:23.242  2412  3050 D BackgroundInstallControlService: Package event received: 0
06-13 12:15:23.297  2412  3050 D BackgroundInstallControlService: Package event received: 0
06-13 12:15:23.303  3103  3150 D WindowManagerShell: setLauncherKeepClearAreaHeight: visible=false, height=362
06-13 12:15:23.311  2412  3050 D BackgroundInstallControlService: Package event received: 0
06-13 12:15:23.319  3466  3466 D InsetsController: Setting requestedVisibleTypes to 502 (was 503)
06-13 12:15:23.347  2412  3050 D BackgroundInstallControlService: Package event received: 0
06-13 12:15:23.718  2412  2412 W AccessibilityManagerService:  wait for adding window timeout: 311
06-13 12:15:24.059  2412  2841 W ActivityManager: pid 2412 system sent binder code 2 with flags 1 and got error -32
06-13 12:15:24.060  2412  2841 D ActivityManager: Too many transaction errors, throttling freezer binder callback.
06-13 12:15:24.061  2412  2841 W ActivityManager: pid 2412 system sent binder code 2 with flags 1 and got error -32
06-13 12:15:24.061  2412  2841 D ActivityManager: Too many transaction errors, throttling freezer binder callback.
06-13 12:15:24.684 13767 13831 E ActivityThread: Failed to find provider info for com.android.launcher3.cornermark.unreadbadge
06-13 12:15:25.215  2412  3050 D BackgroundInstallControlService: Package event received: 0
06-13 12:15:25.534  2412  2841 W ActivityManager: Rescheduling restart of crashed service com.android.chrome/org.chromium.content.app.SandboxedProcessService0:0 in 0ms for mem-pressure-event
06-13 12:15:25.534  2412  2841 W ActivityManager: Rescheduling restart of crashed service com.android.chrome/org.chromium.content.app.SandboxedProcessService0:2 in 0ms for mem-pressure-event
06-13 12:15:25.550  2412  2843 I ActivityManager: Start proc 14158:com.android.chrome:sandboxed_process0:org.chromium.content.app.SandboxedProcessService0:0/u0ai7 for  {com.android.chrome/org.chromium.content.app.SandboxedProcessService0:0}
06-13 12:15:25.553  2412  2931 D ActivityManager: freezing 12139 com.google.android.euicc
06-13 12:15:25.559  2412  2843 I ActivityManager: Start proc 14161:com.android.chrome:sandboxed_process0:org.chromium.content.app.SandboxedProcessService0:2/u0ai8 for  {com.android.chrome/org.chromium.content.app.SandboxedProcessService0:2}
06-13 12:15:28.065  2412  2931 D ActivityManager: freezing 11876 com.android.providers.calendar
06-13 12:15:28.500  2412  2931 D ActivityManager: freezing 13885 com.android.chrome:privileged_process0
06-13 12:15:30.117  2412  3050 D BackgroundInstallControlService: Package event received: 0
06-13 12:15:30.442  2412  6592 W ActivityManager: Receiver with filter android.content.IntentFilter@a8df47c already registered for pid 13717, callerPackage is com.google.android.apps.messaging
06-13 12:15:31.312  2412  2931 D ActivityManager: freezing 14006 com.google.android.googlequicksearchbox:search
06-13 12:15:33.061  2412  2808 D CoreBackPreview: Window{4e91462 u0 com.android.settings/com.android.settings.SubSettings}: Setting back callback OnBackInvokedCallbackInfo{mCallback=android.window.IOnBackInvokedCallback$Stub$Proxy@ef57c9d, mPriority=0, mIsAnimationCallback=true, mOverrideBehavior=0}
06-13 12:15:33.071  2412  2822 I AdbDebuggingManager: updateUIPairCode: 017082
06-13 12:15:33.099  2412  2808 D CoreBackPreview: Window{4e91462 u0 com.android.settings/com.android.settings.SubSettings}: Setting back callback OnBackInvokedCallbackInfo{mCallback=android.window.IOnBackInvokedCallback$Stub$Proxy@871346a, mPriority=-1, mIsAnimationCallback=false, mOverrideBehavior=0}
06-13 12:15:33.100  2412  2990 D CoreBackPreview: Window{8dca4e3 u0 Pair with device}: Setting back callback OnBackInvokedCallbackInfo{mCallback=android.window.IOnBackInvokedCallback$Stub$Proxy@a27cd5b, mPriority=-1, mIsAnimationCallback=false, mOverrideBehavior=0}
06-13 12:15:34.138  2412  3025 I AdbPairingThread: Registered pairing service: name: adb-d29d828b-ZoX2Eh, type: null, subtypes: , hostAddresses: , hostname: null, port: 0, network: null, expirationTime: null, txtRecord: {}
06-13 12:15:35.650  2412  2931 D ActivityManager: freezing 14158 com.android.chrome:sandboxed_process0:org.chromium.content.app.SandboxedProcessService0:0
06-13 12:15:35.654  2412  2931 D ActivityManager: freezing 14161 com.android.chrome:sandboxed_process0:org.chromium.content.app.SandboxedProcessService0:2
06-13 12:15:35.672   857 13498 I keystore2: system/security/keystore2/watchdog/src/lib.rs:371 - Watchdog thread idle -> terminating. Have a great day.
06-13 12:15:36.128  2412  3050 D BackgroundInstallControlService: Package event received: 0
06-13 12:15:36.142  2412  2843 I ActivityManager: Start proc 14289:android.process.acore/u0a236 for content provider {com.android.providers.contacts/com.android.providers.contacts.ContactsProvider2}
06-13 12:15:36.284  2412  3547 D CountryDetector: The first listener is added
06-13 12:15:36.700  2412  2920 D CompatChangeReporter: Compat change id reported: 218533173; UID 10237; state: ENABLED
06-13 12:15:45.311  2412  2842 D ActivityManager: sync unfroze 28058 com.whatsapp.w4b for 3
06-13 12:15:45.327  2412  3050 D BackgroundInstallControlService: Package event received: 0
06-13 12:15:45.342  2412  3547 I ActivityManager: Background started FGS: Allowed [callingPackage: com.whatsapp.w4b; callingUid: 10406; uidState: SVC ; uidBFSL: n/a; intent: Intent { xflg=0x4 cmp=com.whatsapp.w4b/com.whatsapp.messaging.service.GcmFGService }; code:PUSH_MESSAGING; tempAllowListReason:<873428e com.google.android.c2dm.intent.RECEIVE/u0,reasonCode:PUSH_MESSAGING,duration:20000,callingUid:10295>; allowWiu:-1; targetSdkVersion:36; callerTargetSdkVersion:36; startForegroundCount:0; bindFromPackage:null: isBindService:false]
06-13 12:15:45.356  2412  3547 W ActivityManager: Foreground service started from background can not have location/camera/microphone access: service com.whatsapp.w4b/com.whatsapp.messaging.service.GcmFGService
06-13 12:15:45.357  2412  3547 I ActivityManager: Background started FGS: Allowed [callingPackage: com.whatsapp.w4b; callingUid: 10406; uidState: FGS ; uidBFSL: [BFSL]; intent: Intent { cmp=com.whatsapp.w4b/com.whatsapp.messaging.service.GcmFGService }; code:PROC_STATE_FGS; tempAllowListReason:<873428e com.google.android.c2dm.intent.RECEIVE/u0,reasonCode:PUSH_MESSAGING,duration:20000,callingUid:10295>; allowWiu:-1; targetSdkVersion:36; callerTargetSdkVersion:36; startForegroundCount:0; bindFromPackage:null: isBindService:false]
06-13 12:15:45.358  2412  3547 W ForegroundServiceTypeLoggerModule: Foreground service start for UID: 10406 does not have any types
06-13 12:15:45.359  2412  3050 D BackgroundInstallControlService: Package event received: 0
06-13 12:15:45.576  2412  3050 D BackgroundInstallControlService: Package event received: 0
06-13 12:15:45.582  2412  2849 W ProcessStats: Tracking association SourceState{54f25d6 system/1000 BFgs #38785} whose proc state 4 is better than process ProcessState{e50645 com.google.android.ext.services/10244 pkg=com.google.android.ext.services} proc state 14 (15 skipped)
06-13 12:15:46.091  2412  2412 W NotificationService: Removed summary didn't match old notification: old=0|com.whatsapp.w4b|1|null|10406, removed=0|com.whatsapp.w4b|1|null|10406
06-13 12:15:47.252  2412  2931 D ActivityManager: freezing 12593 com.google.android.apps.turbo
06-13 12:15:47.999  2412  6592 D ActivityManager: Stop FGS timeout: ServiceRecord{8e7b9c1 u0 com.whatsapp.w4b/com.whatsapp.messaging.service.GcmFGService c:com.whatsapp.w4b}
06-13 12:15:48.001  2412  6592 W ForegroundServiceTypeLoggerModule: FGS stop call for: 10406 has no types!
06-13 12:15:48.002  2412  3050 D BackgroundInstallControlService: Package event received: 0
06-13 12:15:49.702  2412  3050 D BackgroundInstallControlService: Package event received: 0
06-13 12:15:51.004  2412  2931 D ActivityManager: freezing 13717 com.google.android.apps.messaging
06-13 12:15:51.008  2412  2931 D ActivityManager: freezing 14289 android.process.acore
06-13 12:15:52.065  2412  6592 D ActivityManager: sync unfroze 11876 com.android.providers.calendar for 7
06-13 12:15:52.067  2412  3050 D BackgroundInstallControlService: Package event received: 0
06-13 12:15:52.331  2412  2931 D ActivityManager: freezing 13767 com.facebook.katana
06-13 12:16:04.291  2412  2849 W ProcessStats: Tracking association SourceState{54f25d6 system/1000 BFgs #38857} whose proc state 4 is better than process ProcessState{e50645 com.google.android.ext.services/10244 pkg=com.google.android.ext.services} proc state 14 (3 skipped)
06-13 12:16:14.685  2412  2849 W ProcessStats: Tracking association SourceState{54f25d6 system/1000 BFgs #38900} whose proc state 4 is better than process ProcessState{e50645 com.google.android.ext.services/10244 pkg=com.google.android.ext.services} proc state 14 (3 skipped)
06-13 12:16:14.764  2412  2931 D ActivityManager: freezing 4358 com.google.android.gms
06-13 12:16:22.271  2412  3050 D BackgroundInstallControlService: Package event received: 0
06-13 12:16:22.513  2412  2931 D ActivityManager: freezing 28058 com.whatsapp.w4b
06-13 12:16:23.092  2412  2842 D ActivityManager: sync unfroze 28058 com.whatsapp.w4b for 3
06-13 12:16:23.104  2412  3050 D BackgroundInstallControlService: Package event received: 0
06-13 12:16:23.119  2412  6592 I ActivityManager: Background started FGS: Allowed [callingPackage: com.whatsapp.w4b; callingUid: 10406; uidState: SVC ; uidBFSL: n/a; intent: Intent { xflg=0x4 cmp=com.whatsapp.w4b/com.whatsapp.messaging.service.GcmFGService }; code:PUSH_MESSAGING; tempAllowListReason:<c378f9c com.google.android.c2dm.intent.RECEIVE/u0,reasonCode:PUSH_MESSAGING,duration:20000,callingUid:10295>; allowWiu:-1; targetSdkVersion:36; callerTargetSdkVersion:36; startForegroundCount:0; bindFromPackage:null: isBindService:false]
06-13 12:16:23.135  2412  6592 W ActivityManager: Foreground service started from background can not have location/camera/microphone access: service com.whatsapp.w4b/com.whatsapp.messaging.service.GcmFGService
06-13 12:16:23.136  2412  6592 I ActivityManager: Background started FGS: Allowed [callingPackage: com.whatsapp.w4b; callingUid: 10406; uidState: FGS ; uidBFSL: [BFSL]; intent: Intent { cmp=com.whatsapp.w4b/com.whatsapp.messaging.service.GcmFGService }; code:PROC_STATE_FGS; tempAllowListReason:<c378f9c com.google.android.c2dm.intent.RECEIVE/u0,reasonCode:PUSH_MESSAGING,duration:20000,callingUid:10295>; allowWiu:-1; targetSdkVersion:36; callerTargetSdkVersion:36; startForegroundCount:0; bindFromPackage:null: isBindService:false]
06-13 12:16:23.136  2412  6592 W ForegroundServiceTypeLoggerModule: Foreground service start for UID: 10406 does not have any types
06-13 12:16:23.136  2412  3050 D BackgroundInstallControlService: Package event received: 0
06-13 12:16:23.282  2412  3050 D BackgroundInstallControlService: Package event received: 0
06-13 12:16:23.349  2412  3050 D BackgroundInstallControlService: Package event received: 0
06-13 12:16:23.483  2412  3050 D BackgroundInstallControlService: Package event received: 0
06-13 12:16:23.929  2412  2412 W NotificationService: Removed summary didn't match old notification: old=0|com.whatsapp.w4b|1|null|10406, removed=0|com.whatsapp.w4b|1|null|10406
06-13 12:16:23.968  2412  2412 W NotificationService: Removed summary didn't match old notification: old=0|com.whatsapp.w4b|1|null|10406, removed=0|com.whatsapp.w4b|1|null|10406
06-13 12:16:23.980  2412  6592 D ActivityManager: sync unfroze 12593 com.google.android.apps.turbo for 7
06-13 12:16:23.983  2412  3050 D BackgroundInstallControlService: Package event received: 0
06-13 12:16:25.860  2412  3547 D ActivityManager: Stop FGS timeout: ServiceRecord{e9ec507 u0 com.whatsapp.w4b/com.whatsapp.messaging.service.GcmFGService c:com.whatsapp.w4b}
06-13 12:16:25.861  2412  3547 W ForegroundServiceTypeLoggerModule: FGS stop call for: 10406 has no types!
06-13 12:16:25.862  2412  3050 D BackgroundInstallControlService: Package event received: 0
06-13 12:16:28.094  2412  2931 D ActivityManager: freezing 11876 com.android.providers.calendar
06-13 12:16:30.805  2412  2823 D InputManagerService: transferTouch
06-13 12:16:30.807  2412  3569 D CoreBackPreview: Window{2e3014a u0 NotificationShade}: Setting back callback OnBackInvokedCallbackInfo{mCallback=android.window.IOnBackInvokedCallback$Stub$Proxy@1253e4f, mPriority=0, mIsAnimationCallback=false, mOverrideBehavior=0}
06-13 12:16:30.952  2412  4093 D SystemServerTiming: getUserSwitchability-0
06-13 12:16:30.952  2412  2990 D SystemServerTiming: getUserSwitchability-0
06-13 12:16:30.952  2412  4093 D SystemServerTiming: TM.isInCall
06-13 12:16:30.952  2412  2990 D SystemServerTiming: TM.isInCall
06-13 12:16:30.952  2412  4093 D SystemServerTiming: hasUserRestriction-DISALLOW_USER_SWITCH
06-13 12:16:30.952  2412  2990 D SystemServerTiming: hasUserRestriction-DISALLOW_USER_SWITCH
06-13 12:16:30.952  2412  4093 D SystemServerTiming: getInt-ALLOW_USER_SWITCHING_WHEN_SYSTEM_USER_LOCKED
06-13 12:16:30.952  2412  2990 D SystemServerTiming: getInt-ALLOW_USER_SWITCHING_WHEN_SYSTEM_USER_LOCKED
06-13 12:16:30.952  2412  4093 D SystemServerTiming: isUserUnlocked-USER_SYSTEM
06-13 12:16:30.952  2412  2990 D SystemServerTiming: isUserUnlocked-USER_SYSTEM
06-13 12:16:31.338  2412  3050 D BackgroundInstallControlService: Package event received: 0
06-13 12:16:31.338  2412  3050 D BackgroundInstallControlService: Package event received: 0
06-13 12:16:31.354  2412  3050 D BackgroundInstallControlService: Package event received: 0
06-13 12:16:31.354  2412  3050 D BackgroundInstallControlService: Package event received: 0
06-13 12:16:31.354  2412  3050 D BackgroundInstallControlService: Package event received: 0
06-13 12:16:31.354  2412  3050 D BackgroundInstallControlService: Package event received: 0
06-13 12:16:31.355  2412  3050 D BackgroundInstallControlService: Package event received: 0
06-13 12:16:31.355  2412  3050 D BackgroundInstallControlService: Package event received: 0
06-13 12:16:31.355  2412  3050 D BackgroundInstallControlService: Package event received: 0
06-13 12:16:31.355  2412  3050 D BackgroundInstallControlService: Package event received: 0
06-13 12:16:31.357  2412  3050 D BackgroundInstallControlService: Package event received: 0
06-13 12:16:31.357  2412  3050 D BackgroundInstallControlService: Package event received: 0
06-13 12:16:31.357  2412  3050 D BackgroundInstallControlService: Package event received: 0
06-13 12:16:31.357  2412  3050 D BackgroundInstallControlService: Package event received: 0
06-13 12:16:31.357  2412  3050 D BackgroundInstallControlService: Package event received: 0
06-13 12:16:31.358  2412  3050 D BackgroundInstallControlService: Package event received: 0
06-13 12:16:31.358  2412  3050 D BackgroundInstallControlService: Package event received: 0
06-13 12:16:32.008  2412  3835 I MR2ServiceImpl: onDeviceSuggestionRequested | manager: 4
06-13 12:16:32.280  2412  3835 D CoreBackPreview: Window{2e3014a u0 NotificationShade}: Setting back callback null
06-13 12:16:33.317  2412  2931 D ActivityManager: freezing 11932 org.localsend.localsend_app
06-13 12:16:34.566  2412  3050 D BackgroundInstallControlService: Package event received: 0
06-13 12:16:35.355  2412  3050 D BackgroundInstallControlService: Package event received: 0
06-13 12:16:43.309  2412  3050 D BackgroundInstallControlService: Package event received: 0
06-13 12:16:52.126  2412  3835 D ActivityManager: sync unfroze 11876 com.android.providers.calendar for 7
06-13 12:16:52.127  2412  3050 D BackgroundInstallControlService: Package event received: 0
06-13 12:16:59.347  2412  3835 W AppOps  : Noting op not finished: uid 10295 pkg com.google.android.gms code 79 startTime of in progress event=1781327723286
06-13 12:16:59.351  2412  3835 W AppOps  : Noting op not finished: uid 10295 pkg com.google.android.gms code 113 startTime of in progress event=1781327723286
06-13 12:16:59.354  2412  3835 W AppOps  : Noting op not finished: uid 10295 pkg com.google.android.gms code 113 startTime of in progress event=1781327723286
06-13 12:17:00.021  2412  2931 D ActivityManager: freezing 12593 com.google.android.apps.turbo
06-13 12:17:00.349  2412  6524 W AppOps  : Noting op not finished: uid 10295 pkg com.google.android.gms code 113 startTime of in progress event=1781327723286
06-13 12:17:02.071  2412  3050 D BackgroundInstallControlService: Package event received: 0
06-13 12:17:14.430  2412  2849 W ProcessStats: Tracking association SourceState{54f25d6 system/1000 BFgs #39141} whose proc state 4 is better than process ProcessState{e50645 com.google.android.ext.services/10244 pkg=com.google.android.ext.services} proc state 14 (3 skipped)
06-13 12:17:25.739  2412  2849 W ProcessStats: Tracking association SourceState{54f25d6 system/1000 BFgs #39179} whose proc state 4 is better than process ProcessState{e50645 com.google.android.ext.services/10244 pkg=com.google.android.ext.services} proc state 14 (7 skipped)
06-13 12:17:28.163  2412  2931 D ActivityManager: freezing 11876 com.android.providers.calendar
06-13 12:17:37.666  2412  3050 D BackgroundInstallControlService: Package event received: 0
06-13 12:17:38.153  2412  2931 D ActivityManager: freezing 28058 com.whatsapp.w4b
06-13 12:17:38.335  2412  2852 D KernelCpuUidUserSysTimeReader: Removing uids 90001-90001
06-13 12:17:38.336  2412  2852 D KernelCpuUidUserSysTimeReader: Removing uids 90003-90003
06-13 12:17:38.336  2412  2852 D KernelCpuUidUserSysTimeReader: Removing uids 90004-90004
06-13 12:17:38.461  2412  6525 D ActivityManager: sync unfroze 28058 com.whatsapp.w4b for 7
06-13 12:17:38.464  2412  3050 D BackgroundInstallControlService: Package event received: 0
06-13 12:17:38.852  2412  2808 W ProcessStats: Tracking association SourceState{d238bc6 com.android.systemui/10346 BFgs #39221} whose proc state 4 is better than process ProcessState{e0208d9 com.whatsapp.w4b/10406 pkg=com.whatsapp.w4b} proc state 8 (7 skipped)
06-13 12:17:44.992  2412  3050 D BackgroundInstallControlService: Package event received: 0
06-13 12:17:50.062  2412  2931 D ActivityManager: freezing 12666 com.instagram.android
06-13 12:17:52.178  2412  3569 D ActivityManager: sync unfroze 11876 com.android.providers.calendar for 7
06-13 12:17:52.179  2412  3050 D BackgroundInstallControlService: Package event received: 0
06-13 12:17:54.756  2412  2849 W ProcessStats: Tracking association SourceState{54f25d6 system/1000 BFgs #39265} whose proc state 4 is better than process ProcessState{e50645 com.google.android.ext.services/10244 pkg=com.google.android.ext.services} proc state 14 (7 skipped)
06-13 12:17:55.825  2412  3050 D BackgroundInstallControlService: Package event received: 0
06-13 12:18:02.533  2412  3569 D ActivityManager: sync unfroze 12593 com.google.android.apps.turbo for 7
06-13 12:18:02.537  2412  3050 D BackgroundInstallControlService: Package event received: 0
06-13 12:18:04.482  2412  2843 I ActivityManager: Start proc 14970:com.google.android.gm/u0a462 for broadcast {com.google.android.gm/com.google.firebase.iid.FirebaseInstanceIdReceiver}
06-13 12:18:05.180  2412  3568 D ActivityManager: sync unfroze 4358 com.google.android.gms for 4
06-13 12:18:05.279  2412  3050 D BackgroundInstallControlService: Package event received: 0
06-13 12:18:05.286  2412  3050 D BackgroundInstallControlService: Package event received: 0
06-13 12:18:05.293  2412  3050 D BackgroundInstallControlService: Package event received: 0
06-13 12:18:05.308  2412  3050 D BackgroundInstallControlService: Package event received: 0
06-13 12:18:05.311  2412  3050 D BackgroundInstallControlService: Package event received: 0
06-13 12:18:05.334  2412  3050 D BackgroundInstallControlService: Package event received: 0
06-13 12:18:05.428  2412  3050 D BackgroundInstallControlService: Package event received: 0
06-13 12:18:05.448  2412  3050 D BackgroundInstallControlService: Package event received: 0
06-13 12:18:05.469  2412  3050 D BackgroundInstallControlService: Package event received: 0
06-13 12:18:05.474  2412  3050 D BackgroundInstallControlService: Package event received: 0
06-13 12:18:05.487  2412  3050 D BackgroundInstallControlService: Package event received: 0
06-13 12:18:05.507  2412  3050 D BackgroundInstallControlService: Package event received: 0
06-13 12:18:05.541  2412  3050 D BackgroundInstallControlService: Package event received: 0
06-13 12:18:05.570  2412  3050 D BackgroundInstallControlService: Package event received: 0
06-13 12:18:05.603  2412  3050 D BackgroundInstallControlService: Package event received: 0
06-13 12:18:05.632  2412  3050 D BackgroundInstallControlService: Package event received: 0
06-13 12:18:05.652  2412  3050 D BackgroundInstallControlService: Package event received: 0
06-13 12:18:05.682  2412  3050 D BackgroundInstallControlService: Package event received: 0
06-13 12:18:05.902  2412  3050 D BackgroundInstallControlService: Package event received: 0
06-13 12:18:10.630  2412  2849 W ProcessStats: Tracking association SourceState{54f25d6 system/1000 BFgs #39380} whose proc state 4 is better than process ProcessState{e50645 com.google.android.ext.services/10244 pkg=com.google.android.ext.services} proc state 14 (9 skipped)
06-13 12:18:14.372  2412  2824 I EntropyMixer: Updated seed file
06-13 12:18:15.061  2412  2919 I UsageStatsService: User[0] Flushing usage stats to disk
