06-03 00:04:14.540  5731  5848 I InputDispatcher: No new touched window at (1128.4, 2327.0) in display 0
06-03 00:04:14.557  6555  9460 I FusedLocation: forcing availability [CONTEXT service_id=6 ]
06-03 00:04:14.575  6555  9460 I FusedLocation: (REDACTED) location delivery to %s blocked - too close
06-03 00:04:14.575  6555  9460 I FusedLocation: (REDACTED) location delivery to %s blocked - too old
06-03 00:04:14.577  6555  9460 I FusedLocation: (REDACTED) location delivery to %s blocked - too fast
06-03 00:04:14.577  6555  9460 I FusedLocation: (REDACTED) location delivery to %s blocked - too close
06-03 00:04:14.583 14981 14981 D b/417220811: invalidateLoadedTasks - previous requestLoadId: -1
06-03 00:04:14.591  6555  9788 I ActivityScheduler: nextTriggerTime: 22286592, in 168123ms, detectorType: 39, FULL_TYPE alarmWindowMillis: 30000
06-03 00:04:14.593  6555 14817 I PersonalSafety: No scan is running. Not handling location update. [CONTEXT service_id=310 ]
06-03 00:04:14.597  6555  9788 W Settings: Setting airplane_mode_on has moved from android.provider.Settings.System to android.provider.Settings.Global, returning read-only value.
06-03 00:04:14.601  5731  5808 E AppOps  : Bad call made by uid 1001. Package "com.android.phone" does not belong to uid 10295.
06-03 00:04:14.602  5731  5808 E AppOps  : Cannot noteOperation
06-03 00:04:14.602  5731  5808 E AppOps  : java.lang.SecurityException: Specified package "com.android.phone" under uid 10295 but it is not
06-03 00:04:14.602  5731  5808 E AppOps  : 	at com.android.server.appop.AppOpsService.verifyAndGetBypass(AppOpsService.java:5101)
06-03 00:04:14.602  5731  5808 E AppOps  : 	at com.android.server.appop.AppOpsService.verifyAndGetBypass(AppOpsService.java:4957)
06-03 00:04:14.602  5731  5808 E AppOps  : 	at com.android.server.appop.AppOpsService.noteOperationUnchecked(AppOpsService.java:3412)
06-03 00:04:14.602  5731  5808 E AppOps  : 	at com.android.server.appop.AppOpsService.noteOperationImpl(AppOpsService.java:3398)
06-03 00:04:14.602  5731  5808 E AppOps  : 	at com.android.server.appop.AppOpsService.-$$Nest$mnoteOperationImpl(AppOpsService.java:0)
06-03 00:04:14.602  5731  5808 E AppOps  : 	at com.android.server.appop.AppOpsService$CheckOpsDelegateDispatcher.$r8$lambda$eTKLGbByFLiOzK62QHhpSvtx4do(AppOpsService.java:0)
06-03 00:04:14.602  5731  5808 E AppOps  : 	at com.android.server.appop.AppOpsService$CheckOpsDelegateDispatcher$$ExternalSyntheticLambda5.apply(R8$$SyntheticClass:0)
06-03 00:04:14.602  5731  5808 E AppOps  : 	at com.android.server.policy.AppOpsPolicy.noteOperation(AppOpsPolicy.java:254)
06-03 00:04:14.602  5731  5808 E AppOps  : 	at com.android.server.appop.AppOpsService$CheckOpsDelegateDispatcher.noteOperation(AppOpsService.java:7993)
06-03 00:04:14.602  5731  5808 E AppOps  : 	at com.android.server.appop.AppOpsService.noteOperation(AppOpsService.java:3345)
06-03 00:04:14.602  5731  5808 E AppOps  : 	at com.android.internal.app.IAppOpsService$Stub.onTransact(IAppOpsService.java:585)
06-03 00:04:14.602  5731  5808 E AppOps  : 	at android.os.Binder.execTransactInternal(Binder.java:1473)
06-03 00:04:14.602  5731  5808 E AppOps  : 	at android.os.Binder.execTransact(Binder.java:1418)
06-03 00:04:14.613  5622  5622 W wificond: Failed to get NL80211_ATTR_MAX_NUM_AKM_SUITES
06-03 00:04:14.615  5622  5622 W wificond: Failed to get NL80211_ATTR_MAX_NUM_AKM_SUITES
06-03 00:04:14.618  5622  5622 W wificond: Failed to get NL80211_ATTR_MAX_NUM_AKM_SUITES
06-03 00:04:14.645  5731  9286 D ConnectivityService: requestNetwork for uid/pid:10136/15767 activeRequest: null callbackRequest: 3058 [NetworkRequest [ REQUEST id=3059, [ Capabilities: INTERNET&NOT_RESTRICTED&TRUSTED&NOT_VCN_MANAGED&NOT_BANDWIDTH_CONSTRAINED Uid: 10136 RequestorUid: 10136 RequestorPkg: com.example.musicfy.debug UnderlyingNetworks: Null] ]] callback flags: 0 order: 2147483647 isUidTracked: false declaredMethods: AVAIL|LOST|NC|BLK
06-03 00:04:14.658  7482  7482 D BoundBrokerSvc: onRebind: Intent { act=com.google.android.gms.onboardingconsent.api.ConsentManagerApiService.START dat=chimera-action:/... xflg=0x4 cmp=com.google.android.gms/.chimera.GmsApiService }
06-03 00:04:14.666  7482  7494 I ConsentManagerApiServic: (REDACTED) ConsentManagerApiService onGetService success %s
06-03 00:04:14.670  6555  6555 D BoundBrokerSvc: onRebind: Intent { act=com.google.android.gms.auth.aang.events.services.START dat=chimera-action:/... xflg=0x4 cmp=com.google.android.gms/.chimera.PersistentApiService }
06-03 00:04:14.671  5731  5879 D WifiNetworkFactory: got request NetworkRequest [ REQUEST id=3059, [ Capabilities: INTERNET&NOT_RESTRICTED&TRUSTED&NOT_VCN_MANAGED&NOT_BANDWIDTH_CONSTRAINED Uid: 10136 RequestorUid: 10136 RequestorPkg: com.example.musicfy.debug UnderlyingNetworks: Null] ]
06-03 00:04:14.672  5731  5879 D UntrustedWifiNetworkFactory: got request NetworkRequest [ REQUEST id=3059, [ Capabilities: INTERNET&NOT_RESTRICTED&TRUSTED&NOT_VCN_MANAGED&NOT_BANDWIDTH_CONSTRAINED Uid: 10136 RequestorUid: 10136 RequestorPkg: com.example.musicfy.debug UnderlyingNetworks: Null] ]
06-03 00:04:14.673  5731  5879 D OemPaidWifiNetworkFactory: got request NetworkRequest [ REQUEST id=3059, [ Capabilities: INTERNET&NOT_RESTRICTED&TRUSTED&NOT_VCN_MANAGED&NOT_BANDWIDTH_CONSTRAINED Uid: 10136 RequestorUid: 10136 RequestorPkg: com.example.musicfy.debug UnderlyingNetworks: Null] ]
06-03 00:04:14.674  5731  5879 D MultiInternetWifiNetworkFactory: got request NetworkRequest [ REQUEST id=3059, [ Capabilities: INTERNET&NOT_RESTRICTED&TRUSTED&NOT_VCN_MANAGED&NOT_BANDWIDTH_CONSTRAINED Uid: 10136 RequestorUid: 10136 RequestorPkg: com.example.musicfy.debug UnderlyingNetworks: Null] ]
06-03 00:04:14.674  5731  5886 D ConnectivityService: NetReassign [3059 : null → 103] [c 13] [a 10] [i 4]
06-03 00:04:14.679  7482  7482 D BoundBrokerSvc: onRebind: Intent { act=com.google.android.gms.semanticlocationhistory.zeroparty.service.START dat=chimera-action:/... xflg=0x4 cmp=com.google.android.gms/.chimera.GmsApiService }
06-03 00:04:14.714 16088 16088 W stagram.android: Failed to find entry 'classes.dex': Entry not found
06-03 00:04:14.716 16088 16088 W stagram.android: Failed to find entry 'classes.dex': Entry not found
06-03 00:04:14.717 16088 16088 W stagram.android: Failed to find entry 'classes.dex': Entry not found
06-03 00:04:14.718 16088 16088 W stagram.android: Failed to find entry 'classes.dex': Entry not found
06-03 00:04:14.718 16088 16088 W stagram.android: Failed to find entry 'classes.dex': Entry not found
06-03 00:04:14.719 16088 16088 W stagram.android: Failed to find entry 'classes.dex': Entry not found
06-03 00:04:14.719 16088 16088 W stagram.android: Failed to find entry 'classes.dex': Entry not found
06-03 00:04:14.720 16088 16088 W stagram.android: Failed to find entry 'classes.dex': Entry not found
06-03 00:04:14.721 16088 16088 W stagram.android: Failed to find entry 'classes.dex': Entry not found
06-03 00:04:14.724 16088 16088 D nativeloader: Configuring clns-9 for other apk /data/app/~~lPHsUJtTjcG772DjkUIyRg==/com.instagram.android-65M6Ns_hYfWNHTSZr-xNgA==/base.apk:/data/app/~~lPHsUJtTjcG772DjkUIyRg==/com.instagram.android-65M6Ns_hYfWNHTSZr-xNgA==/split_arservicesforpersonsegmentation.apk:/data/app/~~lPHsUJtTjcG772DjkUIyRg==/com.instagram.android-65M6Ns_hYfWNHTSZr-xNgA==/split_config.xxhdpi.apk:/data/app/~~lPHsUJtTjcG772DjkUIyRg==/com.instagram.android-65M6Ns_hYfWNHTSZr-xNgA==/split_executorch.apk:/data/app/~~lPHsUJtTjcG772DjkUIyRg==/com.instagram.android-65M6Ns_hYfWNHTSZr-xNgA==/split_heliumcore.apk:/data/app/~~lPHsUJtTjcG772DjkUIyRg==/com.instagram.android-65M6Ns_hYfWNHTSZr-xNgA==/split_heliumiab.apk:/data/app/~~lPHsUJtTjcG772DjkUIyRg==/com.instagram.android-65M6Ns_hYfWNHTSZr-xNgA==/split_i18n_ja_JP.apk:/data/app/~~lPHsUJtTjcG772DjkUIyRg==/com.instagram.android-65M6Ns_hYfWNHTSZr-xNgA==/split_pytorch.apk:/data/app/~~lPHsUJtTjcG772DjkUIyRg==/com.instagram.android-65M6Ns_hYfWNHTSZr-xNgA==/split_spm.apk:/data/app/~~lPHsUJtTjcG772DjkUIyRg==/com.ins
06-03 00:04:14.747 12899 12899 I ImeTracker: org.telegram.messenger:b2db8561: onRequestHide at ORIGIN_CLIENT reason HIDE_SOFT_INPUT fromUser false
06-03 00:04:14.747 12899 12899 D InsetsController: hide(ime())
06-03 00:04:14.747 12899 12899 D WindowOnBackDispatcher: setTopOnBackInvokedCallback (unwrapped): org.telegram.ui.LaunchActivity$9@5f369f4
06-03 00:04:14.748 12899 12899 D InsetsController: Setting requestedVisibleTypes to 503 (was 511)
06-03 00:04:14.749  5731  8546 D CoreBackPreview: Window{b093444 u0 org.telegram.messenger/org.telegram.messenger.DefaultIcon}: Setting back callback OnBackInvokedCallbackInfo{mCallback=android.window.IOnBackInvokedCallback$Stub$Proxy@83ec3ca, mPriority=0, mIsAnimationCallback=true, mOverrideBehavior=0}
06-03 00:04:14.750  5731  9277 I ImeTracker: system_server:3c885210: onRequestShow at ORIGIN_SERVER reason IME_REQUESTED_CHANGED_LISTENER fromUser false
06-03 00:04:14.751  5989  6024 D Bubbles : BubbleController.BubblesImeListener.onImeVisibilityChanged visible=falserunnable=null stackView=com.android.wm.shell.bubbles.BubbleStackView{c0c52ca IFE...C.. .......D 0,0-1220,2712}
06-03 00:04:14.752  5731  5753 I ImeTracker: system_server:3c885210: onCancelled at PHASE_SERVER_ALREADY_VISIBLE
06-03 00:04:14.756 12899 12899 D VRI[DefaultIcon]: WindowInsets changed: ime:null 
06-03 00:04:14.792  5731  5753 W AccessibilityWindowsPopulator: Windows change within in 2 frames continuously over 500 ms and notify windows changed immediately
06-03 00:04:14.806  5731  5731 W AccessibilityManagerService:  wait for adding window timeout: 400
06-03 00:04:14.815  5731  5886 D ConnectivityService: NetReassign [no changes] [c 1] [a 1] [i 1]
06-03 00:04:14.831  5731  5750 V WindowManager: Finish Transition (#325): created at 06-03 00:04:14.234 collect-started=0.06ms request-sent=7.891ms started=16.137ms ready=46.006ms sent=52.238ms commit=28.094ms finished=596.317ms
06-03 00:04:14.840  5731  6094 I ActivityManager: Background started FGS: Allowed [callingPackage: com.example.musicfy.debug; callingUid: 10136; uidState: TOP ; uidBFSL: [BFSL]; intent: Intent { cmp=com.example.musicfy.debug/com.example.musicfy.playback.MusicService }; code:PROC_STATE_TOP; tempAllowListReason:<null>; allowWiu:12; targetSdkVersion:36; callerTargetSdkVersion:36; startForegroundCount:0; bindFromPackage:null: isBindService:false]
06-03 00:04:14.841  5731  5750 V WindowManager: Finish Transition (#326): created at 06-03 00:04:14.414 collect-started=0.535ms request-sent=10.809ms started=17.381ms ready=63.905ms sent=66.51ms commit=353.442ms finished=426.172ms
06-03 00:04:14.844  5731  5936 D BackgroundInstallControlService: Package event received: 0
06-03 00:04:14.850 15767 15767 D EqualizerService: Audio processor added. Total: 1
06-03 00:04:14.862  5731  5960 W ImageReader_JNI: Unable to acquire a buffer item, very likely client tried to acquire more than maxImages buffers
06-03 00:04:14.879 15767 15767 I ExoPlayerImpl: Init 3dc8252 [AndroidXMedia3/1.7.1] [garnet, 2312DRA50G, Xiaomi, 36]
06-03 00:04:14.897   644   644 I lowmemorykiller: Kill 'com.android.chrome' (10185), uid 10335, oom_score_adj 995 to free 136176kB rss, 117484kB swap; reason: low watermark is breached
06-03 00:04:14.899  1380  6785 I vendor.qti.bluetooth@1.0-ibs_handler: ProcessIbsCmd: Received IBS_WAKE_IND: 0xFD
06-03 00:04:14.899  1380  6785 I vendor.qti.bluetooth@1.0-ibs_handler: ProcessIbsCmd: Writing IBS_WAKE_ACK
06-03 00:04:14.904  6312  6678 I bt_btm_pm: system/stack/acl/btm_pm.cc:696 btm_pm_proc_mode_change: Power mode switched from stored:pending[133] to immediate:active[0]
06-03 00:04:14.904  6312  6678 I bt_btm_pm: system/stack/acl/btm_pm.cc:514 btm_pm_snd_md_req: Link already in requested mode pm_id:128 link_ind:2 mode:forced:active[0]
06-03 00:04:14.918  9329 11023 I SppChannel_9329_11023: onDataReceive: A5A501AC00000000
06-03 00:04:14.922  9329 11002 I TaskQueueV2_9329_11002: onDataReceive: header: A5A501AC00000000
06-03 00:04:14.922  9329 11002 I TaskQueueV2_9329_11002: -------------> RECEIVE: ACK: seq-> 172, size:0, frx:0
06-03 00:04:14.922  9329 11002 I TaskQueueV2_9329_11002: onCallback() called with: packetId = 3578, code = SEND_CONFIRM, channel = TRANSPORT_CHANNEL_PB
06-03 00:04:14.922  9329 11002 I WearApiTask_9329_11002: onSendResult  code=0  WearApiTask(hasCode:122450525, id=3503, type=101, timeout=8000
06-03 00:04:14.922  9329 11002 I WearApiTask_9329_11002: onResult has data=false  WearApiTask(hasCode:122450525, id=3503, type=101, timeout=8000
06-03 00:04:14.933  9329 11002 I TaskQueueV2_9329_11002: sendTimerStop() called with: sendItem = 172
06-03 00:04:14.933  9329  9329 I Device-Sync_9329_9329: call task callback need response true
06-03 00:04:14.935  9329 11002 I TaskQueueV2_9329_11002: base move to 173
06-03 00:04:14.935  9329 11002 I TaskQueueV2_9329_11002: runNext() called thread: Spp Dispatcher
06-03 00:04:14.936  9329 11002 I TaskQueueV2_9329_11002: change tx status to TX_STATE_BUSY
06-03 00:04:14.936  9329 11002 I TaskQueueV2_9329_11002: change tx status to TX_STATE_IDLE
06-03 00:04:14.936  9329 11002 I TaskQueueV2_9329_11002: onDataReceive: header: A5A501AD00000000
06-03 00:04:14.936  9329 11002 I TaskQueueV2_9329_11002: -------------> RECEIVE: ACK: seq-> 173, size:0, frx:0
06-03 00:04:14.936  9329 11002 I TaskQueueV2_9329_11002: onCallback() called with: packetId = 3579, code = SEND_CONFIRM, channel = TRANSPORT_CHANNEL_PB
06-03 00:04:14.936  9329 11002 I WearApiTask_9329_11002: onSendResult  code=0  WearApiTask(hasCode:122894290, id=3504, type=101, timeout=8000
06-03 00:04:14.936  9329 11002 I WearApiTask_9329_11002: onResult has data=false  WearApiTask(hasCode:122894290, id=3504, type=101, timeout=8000
06-03 00:04:14.936  9329 11002 I TaskQueueV2_9329_11002: sendTimerStop() called with: sendItem = 173
06-03 00:04:14.936  9329 11002 I TaskQueueV2_9329_11002: base move to 174
06-03 00:04:14.936  9329 11002 I TaskQueueV2_9329_11002: runNext() called thread: Spp Dispatcher
06-03 00:04:14.937  9329 11002 I TaskQueueV2_9329_11002: sendNextPacket: queue is empty
06-03 00:04:14.937  9329 11002 I TaskQueueV2_9329_11002: onDataReceive: header: A5A5034C0F0057CA
06-03 00:04:14.937  9329  9329 I Device-Sync_9329_9329: call task callback need response true
06-03 00:04:14.945 12899 12899 D VRI[DefaultIcon]: visibilityChanged oldVisibility=true newVisibility=false
06-03 00:04:14.950 16088 16088 W PluginClassLoader: setOptPluginClassLoaderEnabled: true
06-03 00:04:14.953 16088 16088 W AppComponentFactory: PluginClassLoaderOpt enabled
06-03 00:04:14.962  9329 11002 I TaskQueueV2_9329_11002: -------------> RECEIVE: DATA: seq-> 76, size:15, frx:0
06-03 00:04:14.968  9329 11002 I TaskQueueV2_9329_11002: onDataReceive: ack immediately
06-03 00:04:14.968  9329 11002 I TaskQueueV2_9329_11002: sendAck() called with: seqNum = 76, ack = true
06-03 00:04:14.968  9329 11002 I TaskQueueV2_9329_11002: enqueue: type:1, seqNumber:76
06-03 00:04:14.968  9329 11002 I TaskQueueV2_9329_11002: runNext() called thread: Spp Dispatcher
06-03 00:04:14.968  9329 11002 I TaskQueueV2_9329_11002: change tx status to TX_STATE_BUSY
06-03 00:04:14.968  9329 11002 I TaskQueueV2_9329_11002: window [packet type: 1, seq: 76], window size: 0, retransmission: false
06-03 00:04:14.968  9329 11002 I TaskQueueV2_9329_11002: -------------> SEND: ACK base: 174, nextseq: 174, size: 0, seq: 76, frx: 0
06-03 00:04:14.968  9329 11002 I TaskQueueV2_9329_11002: sendPacket() called with: packet = L1Packet (header: Header (type: ACK, seqNumber: 76, dataLength: 0, frx: 0, crc: 0))}, crc = 0, mtu = 16394
06-03 00:04:14.968  9329 11002 I TaskQueueV2_9329_11002: onSendComplete() called with: packet: L1Packet (header: Header (type: ACK, seqNumber: 76, dataLength: 0, frx: 0, crc: 0)), thread: Spp Dispatcher
06-03 00:04:14.968  9329 11002 I TaskQueueV2_9329_11002: onSendComplete() don't wait remove L1Packet (header: Header (type: ACK, seqNumber: 76, dataLength: 0, frx: 0, crc: 0))
06-03 00:04:14.968  9329 11002 I TaskQueueV2_9329_11002: sendTimerStop() called with: sendItem = 76
06-03 00:04:14.968  9329 11002 I TaskQueueV2_9329_11002: change tx status to TX_STATE_IDLE
06-03 00:04:14.968  9329 11002 I WearApiCall_9329_11002: handleData  type=101
06-03 00:04:14.969  9329 11002 I DataDispatcher_9329_11002: dispatchData() called with: subType = 101, dataHandlers 1, dataHandler android.os.RemoteCallbackList@adbe849
06-03 00:04:14.969  9329 11002 I DataDispatcher_9329_11002: dispatchData() called with: 0
06-03 00:04:14.969  9329 11002 I TaskQueueV2_9329_11002: runNext() called thread: Spp Dispatcher
06-03 00:04:14.969  9329 11002 I TaskQueueV2_9329_11002: sendNextPacket: queue is empty
06-03 00:04:14.969  9329  9329 I DataHandlerAdapter_9329_9329: handleData() called with: did = 2024608765, type = 101
06-03 00:04:14.970  9329  9930 I Device-Sync_9329_9930: dispatchMessage() called with: did = 2024608765, type = 101, data = 13
06-03 00:04:14.971  9329  9930 I ContactCallTask_9329_9930: onResult code = 0  has packet=true, has data=false  com.xiaomi.fitness.device.contact.remote.ContactCallTask@7dcf0a3
06-03 00:04:14.971  9329  9930 I Device-Sync_9329_9930: DeviceDataHandler-handlePacket:type=101,  packet type=17,  packet id=8,  did=2024608765
06-03 00:04:14.972  9329  9329 I Device-Sync_9329_9329: Type(101) call success, did=2024608765, result=SyncResult(code=0)
06-03 00:04:14.974  9329  9329 I SyncEngine_9329_9329: sync getSleepModelTime: 0 0 1
06-03 00:04:14.975  9329  9329 E ActivityThread: Failed to find provider info for com.android.deskclock.additionProvider
06-03 00:04:14.975  9329  9329 I SyncEngine_9329_9329: sync getSleepModelTime source: 0 status: 3
06-03 00:04:14.975 16088 16088 W AppComponentFactory: requestVanillaClassLoader : true
06-03 00:04:14.978 15767 15767 I e.musicfy.debug: hiddenapi: Accessing hidden method Landroid/media/AudioTrack;->getLatency()I (runtime_flags=0, domain=platform, api=unsupported) from Landroidx/media3/exoplayer/audio/AudioTrackPositionTracker; (domain=app, TargetSdkVersion=36) using reflection: allowed
06-03 00:04:14.979  9329  9930 I Device-Sync_9329_9930: handle packet, did=2024608765, type=17
06-03 00:04:14.982  9329  9930 I Device-Sync_9329_9930: com.xiaomi.fitness.devicesettings.DeviceSettingsComponent$clockDataHandler$1@1303667>>>handlePacket: false
06-03 00:04:14.982  9329  9930 I Device-Sync_9329_9930: Packet has not been handle, did=2024608765, type=17
06-03 00:04:14.982  9329  9930 I Device-Sync_9329_9930: DeviceDataHandler-handlePacket: type=101, handler=com.xiaomi.fitness.device.contact.DeviceDataHandlerAdapter@b44ec1, handleData=false
06-03 00:04:14.982  9329  9930 W libbinder.IPCThreadState: Transaction failed because process frozen.
06-03 00:04:14.982  9329  9930 E JavaBinder: !!! FAILED BINDER TRANSACTION !!!  (parcel size = 188)
06-03 00:04:14.982  5731  9289 W ActivityManager: pid 9329 com.xiaomi.wearable:device sent binder code 2 with flags 2 and got error -2147483646
06-03 00:04:14.990  5731  5760 I ActivityManager: Killing 5702:com.xiaomi.wearable/u0a468 (adj 905): Sync transaction while frozen
06-03 00:04:15.000  9329  9930 E XiaomiFit_9329_9930: action(ew5$a$a@c68d699) throw exception
06-03 00:04:15.000  9329  9930 E XiaomiFit_9329_9930: android.os.DeadObjectException: Transaction failed on small parcel; remote process probably died, but this could also be caused by running out of binder buffer space
06-03 00:04:15.000  9329  9930 E XiaomiFit_9329_9930: 	at android.os.BinderProxy.transactNative(Native Method)
06-03 00:04:15.000  9329  9930 E XiaomiFit_9329_9930: 	at android.os.BinderProxy.transact(BinderProxy.java:599)
06-03 00:04:15.000  9329  9930 E XiaomiFit_9329_9930: 	at ew5$a$a.handlePacketInternal(Unknown Source:26)
06-03 00:04:15.000  9329  9930 E XiaomiFit_9329_9930: 	at com.xiaomi.fitness.device.contact.remote.ContactTaskQueue.handlePacketInternal(Unknown Source:84)
06-03 00:04:15.000  9329  9930 E XiaomiFit_9329_9930: 	at com.xiaomi.fitness.device.contact.remote.ContactTaskQueue.dispatchMessage(Unknown Source:178)
06-03 00:04:15.000  9329  9930 E XiaomiFit_9329_9930: 	at com.xiaomi.fitness.device.contact.remote.ContactTaskQueue.handleData(Unknown Source:10)
06-03 00:04:15.000  9329  9930 E XiaomiFit_9329_9930: 	at com.xiaomi.wearable.core.client.DataHandlerAdapter.handleData$lambda$1(Unknown Source:18)
06-03 00:04:15.000  9329  9930 E XiaomiFit_9329_9930: 	at com.xiaomi.wearable.core.client.DataHandlerAdapter.r(Unknown Source:0)
06-03 00:04:15.000  9329  9930 E XiaomiFit_9329_9930: 	at dw5.run(Unknown Source:8)
06-03 00:04:15.000  9329  9930 E XiaomiFit_9329_9930: 	at android.os.Handler.handleCallback(Handler.java:1070)
06-03 00:04:15.000  9329  9930 E XiaomiFit_9329_9930: 	at android.os.Handler.dispatchMessage(Handler.java:125)
06-03 00:04:15.000  9329  9930 E XiaomiFit_9329_9930: 	at android.os.Looper.dispatchMessage(Looper.java:333)
06-03 00:04:15.000  9329  9930 E XiaomiFit_9329_9930: 	at android.os.Looper.loopOnce(Looper.java:263)
06-03 00:04:15.000  9329  9930 E XiaomiFit_9329_9930: 	at android.os.Looper.loop(Looper.java:367)
06-03 00:04:15.000  9329  9930 E XiaomiFit_9329_9930: 	at android.os.HandlerThread.run(HandlerThread.java:139)
06-03 00:04:15.006 16088 16088 W GameProps: No gameprops config in Settings.Secure
06-03 00:04:15.009 16088 16088 E ashmem  : Pinning is deprecated since Android Q. Please use trim or other methods.
06-03 00:04:15.011 16088 16088 I PIF     : PIF config loaded, fields=5, props=0
06-03 00:04:15.019  6555 14045 I TFLite-in-PlayServices: Created interpreter.
06-03 00:04:15.019 15767 16158 D AudioSystem: onNewServiceWithAdapter: media.audio_flinger service obtained 0xb40000794309f780
06-03 00:04:15.023 15767 16158 D AudioSystem: getService: IAudioFlingerService retrieved: 0xb40000794309ea40  IAudioFlinger cached: 0xb40000794309f780
06-03 00:04:15.030 16088 16088 V GraphicsEnvironment: Currently set values for:
06-03 00:04:15.030 16088 16088 V GraphicsEnvironment:   angle_gl_driver_selection_pkgs=[com.android.angle, com.google.android.apps.tachyon]
06-03 00:04:15.030 16088 16088 V GraphicsEnvironment:   angle_gl_driver_selection_values=[angle, native]
06-03 00:04:15.030 16088 16088 V GraphicsEnvironment: com.instagram.android is not listed in per-application setting
06-03 00:04:15.030 16088 16088 V GraphicsEnvironment: ANGLE allowlist from config: com.dreamgames.royalmatch com.dts.freefiremax com.dxx.firenow com.gramgames.mergedragons com.ludo.king com.mojang.minecraftpe com.my.defense com.nintendo.zaka com.os.airforce com.playrix.fishdomdd.gplay io.teslatech.callbreak jp.konami.prospia net.peakgames.toonblast com.yottagames.gameofmafia com.Sunborn.SnqxExilium.Glo com.haoplay.game.and.exilium com.rockstargames.gtasa com.h73.jhqyna com.sega.CrazyTaxiplayhaven en.haoplay.and.rm com.netease.g108na
06-03 00:04:15.030 16088 16088 V GraphicsEnvironment: No special selections for ANGLE, returning default driver choice
06-03 00:04:15.030 16088 16088 V GraphicsEnvironment: Neither updatable production driver nor prerelease driver is supported.
06-03 00:04:15.030 15767 15767 D MusicService: Player successfully initialized
06-03 00:04:15.034  7482 12991 I LocationHistory: (REDACTED) [SqliteTransientDB] I/O operation %s succeeded.
06-03 00:04:15.039 15767 15767 I MediaSessionImpl: Init 5662402 [AndroidXMedia3/1.7.1] [garnet, 2312DRA50G, Xiaomi, 36]
06-03 00:04:15.040  6555 14045 I TFLite-in-PlayServices: Created interpreter.
06-03 00:04:15.047  6555 14045 I SemanticLocation: (REDACTED) [Inferrer] %s%s
06-03 00:04:15.051  5617  5617 I Zygote  : Process 10185 exited due to signal 9 (Killed)
06-03 00:04:15.052  1380  6785 I vendor.qti.bluetooth@1.0-ibs_handler: ProcessIbsCmd: Received IBS_SLEEP_IND: 0xFE
06-03 00:04:15.053  5731  6150 I ActivityManager: Process com.android.chrome (pid 10185) has died: cch  +95 CEM 
06-03 00:04:15.053  5731  5886 D ConnectivityService: releasing NetworkRequest [ REQUEST id=2942, [ Capabilities: INTERNET&NOT_RESTRICTED&TRUSTED&NOT_VCN_MANAGED&NOT_BANDWIDTH_CONSTRAINED Uid: 10335 RequestorUid: 10335 RequestorPkg: com.android.chrome UnderlyingNetworks: Null] ] (release request)
06-03 00:04:15.054  5731  5936 D BackgroundInstallControlService: Package event received: 0
06-03 00:04:15.059  5731  5886 D ConnectivityService: releasing NetworkRequest [ REQUEST id=2929, [ Capabilities: INTERNET&NOT_RESTRICTED&TRUSTED&NOT_VCN_MANAGED&NOT_BANDWIDTH_CONSTRAINED Uid: 10335 RequestorUid: 10335 RequestorPkg: com.android.chrome UnderlyingNetworks: Null] ] (release request)
06-03 00:04:15.062  8954  9834 I AiAiEcho: SmartspaceNotificationPredictor no parser can handle this notification or notification is invalid
06-03 00:04:15.068  5731  5815 W MediaSessionRecord: Ignoring call to destroyed session
06-03 00:04:15.071  9329 10874 I NotifySyncService_9329_10874: MSG_NOTIFY_POSTED 
06-03 00:04:15.071  9329 10874 I NotifySyncService_9329_10874: onNotificationPosted Id:888 key:0|com.example.musicfy.debug|888|null|10136 PackageName:com.example.musicfy.debug IsOngoing:true PostTime:1780419854842 currentDeviceModel.connected: true
06-03 00:04:15.071  9329 10874 I NotifySyncService_9329_10874: onNotificationPosted Id:888 , appName : musicfy Debug
06-03 00:04:15.071  9329 10874 I NotifySyncService_9329_10874:  isOngoing = true isIncomingCall = false
06-03 00:04:15.073  5731  6150 D ActivityManager: sync unfroze 15498 com.android.chrome:privileged_process0 for 33
06-03 00:04:15.073  5731  9277 I ImeTracker: system_server:90d6d9c4: onRequestShow at ORIGIN_SERVER reason CONTROLS_CHANGED fromUser false
06-03 00:04:15.074  5731  5815 I MediaSessionStack: addSession to bottom of stack | record: com.example.musicfy.debug/androidx.media3.session.id./10 (userId=0)
06-03 00:04:15.074  5731  5815 D MediaSessionService: Media button session is changed to com.example.musicfy.debug/androidx.media3.session.id./10 (userId=0)
06-03 00:04:15.074 12899 12899 I ImeTracker: system_server:90d6d9c4: onCancelled at PHASE_CLIENT_ON_CONTROLS_CHANGED
06-03 00:04:15.075  9329 10545 I NotifyLogUtils_9329_10545: isIgnoringBatteryOptimizations false
06-03 00:04:15.078  5731  6150 E ActivityManager: Unexpected non-cached process may get frozen soon:  name: com.android.chrome:sandboxed_process0:org.chromium.content.app.SandboxedProcessService0:0 curAdj: 250 oldOomAdj: 945 curRawAdj: 250 maxAdj: 1001 adjType: service adjTarget: ComponentInfo{com.android.chrome/org.chromium.content.app.SandboxedProcessService0:0} adjSource: ProcessRecord{3e4aea 10185:com.android.chrome/u0a335} adjSourcePrcState: 19 serviceB: false curProcState: 19 curRawProcState: 19 curSchedGroup: 0
06-03 00:04:15.078  5731  6150 E ActivityManager: android.util.Log$TerribleFailure: Unexpected non-cached process may get frozen soon:  name: com.android.chrome:sandboxed_process0:org.chromium.content.app.SandboxedProcessService0:0 curAdj: 250 oldOomAdj: 945 curRawAdj: 250 maxAdj: 1001 adjType: service adjTarget: ComponentInfo{com.android.chrome/org.chromium.content.app.SandboxedProcessService0:0} adjSource: ProcessRecord{3e4aea 10185:com.android.chrome/u0a335} adjSourcePrcState: 19 serviceB: false curProcState: 19 curRawProcState: 19 curSchedGroup: 0
06-03 00:04:15.078  5731  6150 E ActivityManager: 	at android.util.Log.wtf(Log.java:339)
06-03 00:04:15.078  5731  6150 E ActivityManager: 	at android.util.Slog.wtfStack(Slog.java:246)
06-03 00:04:15.078  5731  6150 E ActivityManager: 	at com.android.server.am.ActivityManagerService$OomAdjusterCallback.onProcessFreezabilityChanged(ActivityManagerService.java:19545)
06-03 00:04:15.078  5731  6150 E ActivityManager: 	at com.android.server.am.OomAdjuster.updateAppFreezeStateLSP(OomAdjuster.java:2614)
06-03 00:04:15.078  5731  6150 E ActivityManager: 	at com.android.server.am.OomAdjuster.applyOomAdjLSP(OomAdjuster.java:2218)
06-03 00:04:15.078  5731  6150 E ActivityManager: 	at com.android.server.am.OomAdjuster.updateAndTrimProcessLSP(OomAdjuster.java:1134)
06-03 00:04:15.078  5731  6150 E ActivityManager: 	at com.android.server.am.OomAdjuster.postUpdateOomAdjInnerLSP(OomAdjuster.java:913)
06-03 00:04:15.078  5731  6150 E ActivityManager: 	at com.android.server.am.OomAdjusterImpl.partialUpdateLSP(OomAdjusterImpl.java:851)
06-03 00:04:15.078  5731  6150 E ActivityManager: 	at com.android.server.am.OomAdjusterImpl.performUpdateOomAdjPendingTargetsLocked(OomAdjusterImpl.java:695)
06-03 00:04:15.078  5731  6150 E ActivityManager: 	at com.android.server.am.OomAdjuster.updateOomAdjPendingTargetsLocked(OomAdjuster.java:862)
06-03 00:04:15.078  5731  6150 E ActivityManager: 	at com.android.server.am.ProcessStateController.runPendingUpdateImpl(ProcessStateController.java:201)
06-03 00:04:15.078  5731  6150 E ActivityManager: 	at com.android.server.am.ProcessStateController.runPendingUpdate(ProcessStateController.java:195)
06-03 00:04:15.078  5731  6150 E ActivityManager: 	at com.android.server.am.ActivityManagerService.updateOomAdjPendingTargetsLocked(ActivityManagerService.java:15715)
06-03 00:04:15.078  5731  6150 E ActivityManager: 	at com.android.server.am.ActiveServices.bumpServiceExecutingLocked(ActiveServices.java:5420)
06-03 00:04:15.078  5731  6150 E ActivityManager: 	at com.android.server.am.ActiveServices.removeConnectionLocked(ActiveServices.java:6922)
06-03 00:04:15.078  5731  6150 E ActivityManager: 	at com.android.server.am.ActiveServices.killServicesLocked(ActiveServices.java:7529)
06-03 00:04:15.078  5731  6150 E ActivityManager: 	at com.android.server.am.ActivityManagerService.cleanUpApplicationRecordLocked(ActivityManagerService.java:13682)
06-03 00:04:15.078  5731  6150 E ActivityManager: 	at com.android.server.am.ActivityManagerService.handleAppDiedLocked(ActivityManagerService.java:3443)
06-03 00:04:15.078  5731  6150 E ActivityManager: 	at com.android.server.am.ActivityManagerService.appDiedLocked(ActivityManagerService.java:3565)
06-03 00:04:15.078  5731  6150 E ActivityManager: 	at com.android.server.am.ActivityManagerService$AppDeathRecipient.binderDied(ActivityManagerService.java:1542)
06-03 00:04:15.078  5731  6150 E ActivityManager: 	at android.os.IBinder$DeathRecipient.binderDied(IBinder.java:340)
06-03 00:04:15.078  5731  6150 E ActivityManager: 	at android.os.BinderProxy.sendDeathNotice(BinderProxy.java:787)
06-03 00:04:15.090  6312  6312 W MediaPlayerList: onMediaKeyEventSessionChanged(Token): Addressed Player changed to a player we didn't have a session for
06-03 00:04:15.092  5731  8543 I ImeTracker: org.telegram.messenger:b2db8561: onFailed at PHASE_WM_NOTIFY_HIDE_ANIMATION_FINISHED
06-03 00:04:15.097  5617  5617 I Zygote  : Process 5702 exited due to signal 9 (Killed)
06-03 00:04:15.103  5731  5886 D ConnectivityService: releasing NetworkRequest [ REQUEST id=2815, [ Capabilities: INTERNET&NOT_RESTRICTED&TRUSTED&NOT_VCN_MANAGED&NOT_BANDWIDTH_CONSTRAINED Uid: 10468 RequestorUid: 10468 RequestorPkg: com.xiaomi.wearable UnderlyingNetworks: Null] ] (release request)
06-03 00:04:15.103  5731  6150 D ActivityManager: sync unfroze 15497 com.android.chrome:sandboxed_process0:org.chromium.content.app.SandboxedProcessService0:0 for 33
06-03 00:04:15.104  5731  5886 D ConnectivityService: releasing NetworkRequest [ REQUEST id=2819, [ Capabilities: INTERNET&NOT_RESTRICTED&TRUSTED&NOT_VCN_MANAGED&NOT_BANDWIDTH_CONSTRAINED Uid: 10468 RequestorUid: 10468 RequestorPkg: com.xiaomi.wearable UnderlyingNetworks: Null] ] (release request)
06-03 00:04:15.105  5731  5886 D ConnectivityService: releasing NetworkRequest [ REQUEST id=2811, [ Capabilities: INTERNET&NOT_RESTRICTED&TRUSTED&NOT_VCN_MANAGED&NOT_BANDWIDTH_CONSTRAINED Uid: 10468 RequestorUid: 10468 RequestorPkg: com.xiaomi.wearable UnderlyingNetworks: Null] ] (release request)
06-03 00:04:15.109 15498 15498 I cr_ChildProcessService: Destroying ChildProcessService pid=15498
06-03 00:04:15.110  9122  9122 D ImeBackCallbackSender: Unregister OnBackInvokedCallback at app window (packageName=org.telegram.messenger)
06-03 00:04:15.110 15497 15497 I cr_ChildProcessService: Destroying ChildProcessService pid=15497
06-03 00:04:15.110  9122  9122 I ImeTracker: org.telegram.messenger:b2db8561: onHidden
06-03 00:04:15.112 15767 15767 D AudioSystem: onNewService: media.audio_policy service obtained 0xb40000794308a9c0
06-03 00:04:15.114 15767 15767 D AudioSystem: getService: IAudioPolicyService retrieved: 0xb40000794308a9c0  cached: 0xb40000794308a9c0
06-03 00:04:15.117  5731  8542 D MediaSessionService: onSessionPlaybackStateChanged: record=com.example.musicfy.debug/androidx.media3.session.id./10 (userId=0) playbackState=PlaybackState {state=NONE(0), position=0, buffered position=0, speed=0.0, updated=22118994, actions=7339653, custom actions=[], active item id=0, error=null}
06-03 00:04:15.117  5731  6155 D MediaSessionService: onSessionActiveStateChanged: record=com.example.musicfy.debug/androidx.media3.session.id./10 (userId=0) active=true
06-03 00:04:15.117  5731  5924 D MediaSessionService: setFgsIfSessionIsLinkedToNotification: record=com.example.musicfy.debug/androidx.media3.session.id./10 (userId=0)
06-03 00:04:15.118  5731  6156 I ImeTracker: org.telegram.messenger:b2db8561: onFinished on previously finished token at PHASE_NOT_SET with STATUS_SUCCESS
06-03 00:04:15.118  6312  6312 I MediaPlayerList: Adding wrapped media player: com.example.musicfy.debug at key: 4
06-03 00:04:15.118  6312  6312 I MediaPlayerList: onMediaKeyEventSessionChanged: token=com.example.musicfy.debug
06-03 00:04:15.118  5731  5762 I libprocessgroup: Removed cgroup /sys/fs/cgroup/apps/uid_10468/pid_5702
06-03 00:04:15.119  5731  5762 I libprocessgroup: Removed cgroup /sys/fs/cgroup/apps/uid_10335/pid_10185
06-03 00:04:15.119  5731  5808 D MediaSessionService: onSessionPlaybackStateChanged: record=com.example.musicfy.debug/androidx.media3.session.id./10 (userId=0) playbackState=PlaybackState {state=NONE(0), position=0, buffered position=0, speed=0.0, updated=22118997, actions=7339653, custom actions=[], active item id=0, error=null}
06-03 00:04:15.119  6312  6312 I PlayerSettingsManager: activePlayerChanged : com.example.musicfy.debug
06-03 00:04:15.120  5731  6150 W ActivityManager: Scheduling restart of crashed service com.android.chrome/org.chromium.chrome.browser.customtabs.CustomTabsConnectionService in 1000ms for connection
06-03 00:04:15.123 15497 15497 I ocessService0:0: System.exit called, status: 0
06-03 00:04:15.123 15497 15497 I AndroidRuntime: VM exiting with result code 0, cleanup skipped.
06-03 00:04:15.125 15498 15498 I ileged_process0: System.exit called, status: 0
06-03 00:04:15.125 15498 15498 I AndroidRuntime: VM exiting with result code 0, cleanup skipped.
06-03 00:04:15.125  6312  6312 I PlayerSettingsManager: updateRemoteDevice: repeat (STATE_REPEAT_OFF -> STATE_REPEAT_OFF), shuffle (STATE_SHUFFLE_OFF -> STATE_SHUFFLE_OFF)
06-03 00:04:15.125  6312  6312 I MediaPlayerList: sendMediaUpdate: Creating a one item queue for a player with no queue
06-03 00:04:15.126  6312  6312 I bluetooth: system/btif/avrcp/avrcp_service.cc:532 SendMediaUpdate: track_changed=false :  play_state=true :  queue=false
06-03 00:04:15.126  8954 18846 I AiAiEcho: Settings changed for uri: content://settings/secure/media_button_receiver
06-03 00:04:15.126  8954 18846 I AiAiEcho: Settings changed for uri: content://settings/secure/media_button_receiver
06-03 00:04:15.126  5731  5767 I ActivityManager: Killing 15497:com.android.chrome:sandboxed_process0:org.chromium.content.app.SandboxedProcessService0:0/u0a335i-8999 (adj 0): isolated not needed
06-03 00:04:15.127  8954  9418 I AiAiEcho: #postPredictionTargets: Sending updates to UISurface lockscreen with targets# 0 (types=[])
06-03 00:04:15.127  8954  9418 I AiAiEcho: #postPredictionTargets: Sending updates to UISurface lockscreen with targets# 0 (types=[])
06-03 00:04:15.128  6186  6674 D GoogleSmartspaceProv: onTargetsAvailable: 0 targets, isEnabled=true
06-03 00:04:15.129  6186  6674 D GoogleSmartspaceProv: onTargetsAvailable: 0 converted targets
06-03 00:04:15.129  6186  6674 D GoogleSmartspaceProv: onTargetsAvailable: 0 targets, isEnabled=true
06-03 00:04:15.129  6186  6674 D GoogleSmartspaceProv: onTargetsAvailable: 0 converted targets
06-03 00:04:15.129  6186  6674 D DataAggregator:   provider WeatherProvider: 0 targets
06-03 00:04:15.129  6186  6674 D DataAggregator:   provider CalendarProvider: 0 targets
06-03 00:04:15.129  6186  6674 D DataAggregator:   provider AlarmProvider: 0 targets
06-03 00:04:15.129  6186  6674 D DataAggregator:   provider MediaProvider: 0 targets
06-03 00:04:15.129  6186  6674 D DataAggregator:   provider NowPlayingProvider: 0 targets
06-03 00:04:15.129  6186  6674 D DataAggregator:   provider SmartspacerBridgeProvider: 0 targets
06-03 00:04:15.129  6186  6674 D DataAggregator:   provider GoogleSmartspaceProvider: 0 targets
06-03 00:04:15.129  6186  6674 D DataAggregator:   targets unchanged (0), skipping broadcast
06-03 00:04:15.129  6186  6674 D DataAggregator:   provider WeatherProvider: 0 targets
06-03 00:04:15.129  6186  6674 D DataAggregator:   provider CalendarProvider: 0 targets
06-03 00:04:15.132  6186  6674 D DataAggregator:   provider AlarmProvider: 0 targets
06-03 00:04:15.132  6186  6674 D DataAggregator:   provider MediaProvider: 0 targets
06-03 00:04:15.132  6186  6674 D DataAggregator:   provider NowPlayingProvider: 0 targets
06-03 00:04:15.132  6186  6674 D DataAggregator:   provider SmartspacerBridgeProvider: 0 targets
06-03 00:04:15.132  6186  6674 D DataAggregator:   provider GoogleSmartspaceProvider: 0 targets
06-03 00:04:15.132  6186  6674 D DataAggregator:   targets unchanged (0), skipping broadcast
06-03 00:04:15.134  6312  6312 I MediaPlayerList: sendMediaUpdate: Creating a one item queue for a player with no queue
06-03 00:04:15.134  9329  9329 E MediaSyncManager_9329_9329: onActiveSessionsChanged controllerSize=1 controllerAndCaback.size=0
06-03 00:04:15.134  6312  6312 I bluetooth: system/btif/avrcp/avrcp_service.cc:532 SendMediaUpdate: track_changed=false :  play_state=false :  queue=false
06-03 00:04:15.136  8954 18846 I AiAiEcho: Settings changed for uri: content://settings/secure/media_button_receiver
06-03 00:04:15.137  8954  9418 I AiAiEcho: #postPredictionTargets: Sending updates to UISurface lockscreen with targets# 0 (types=[])
06-03 00:04:15.138  6186  6674 D GoogleSmartspaceProv: onTargetsAvailable: 0 targets, isEnabled=true
06-03 00:04:15.138  9329  9329 I MediaSyncManager_9329_9329: onActiveSessionsChanged packageName:com.example.musicfy.debug isInBlackList:false
06-03 00:04:15.138  6186  6674 D GoogleSmartspaceProv: onTargetsAvailable: 0 converted targets
06-03 00:04:15.138  6186  6674 D DataAggregator:   provider WeatherProvider: 0 targets
06-03 00:04:15.138  6186  6674 D DataAggregator:   provider CalendarProvider: 0 targets
06-03 00:04:15.138  6186  6674 D DataAggregator:   provider AlarmProvider: 0 targets
06-03 00:04:15.138  6186  6674 D DataAggregator:   provider MediaProvider: 0 targets
06-03 00:04:15.138  6186  6674 D DataAggregator:   provider NowPlayingProvider: 0 targets
06-03 00:04:15.138  6186  6674 D DataAggregator:   provider SmartspacerBridgeProvider: 0 targets
06-03 00:04:15.139  6186  6674 D DataAggregator:   provider GoogleSmartspaceProvider: 0 targets
06-03 00:04:15.139  6186  6674 D DataAggregator:   targets unchanged (0), skipping broadcast
06-03 00:04:15.142  6555 14045 I SemanticLocation: (REDACTED) [OdlhCache] flushing %d segments
06-03 00:04:15.143  6555  6555 I Dtdi    : (REDACTED) [MediaControllerFilter] packageName=%s resolved=%s
06-03 00:04:15.152 15767 15767 I MediaController: Init 7022113 [AndroidXMedia3/1.7.1] [garnet, 2312DRA50G, Xiaomi, 36]
06-03 00:04:15.155  9329  9329 E MediaSyncManager_9329_9329: updateController packageName:com.example.musicfy.debug playbackState:0 playbackState?.actions:7339653 playbackState:PlaybackState {state=NONE(0), position=0, buffered position=0, speed=0.0, updated=22118997, actions=7339653, custom actions=[], active item id=0, error=null}
06-03 00:04:15.155  9329  9329 I DeviceManagerService_9329_9329: onUnbind() called with: intent = Intent { act=fitness.intent.action.DEVICE xflg=0x4 pkg=com.xiaomi.wearable (has extras) }
06-03 00:04:15.156  9329  9329 I DeviceManagerService_9329_9329: onDestroy() called
06-03 00:04:15.159  5731  6149 W ActivityManager: Scheduling restart of crashed service com.xiaomi.wearable/com.google.android.libraries.wear.companion.esim.service.EsimProfileHandlingService in 40960ms for start-requested
06-03 00:04:15.166  8942 20440 I etdk    : (REDACTED) HDM. appOpsListener %s %s
06-03 00:04:15.166  8942 20440 I etdk    : (REDACTED) HDM. Ignoring irrelevant audio permission changes for package %s
06-03 00:04:15.166  7482 15375 I LocationHistory: (REDACTED) [API0] saving %d segments
06-03 00:04:15.169  5731  5746 D FileUtils: Rounded bytes from 7657684992 to 8000000000
06-03 00:04:15.170  5731  5759 W ActivityManager: Rescheduling restart of crashed service com.android.chrome/org.chromium.chrome.browser.customtabs.CustomTabsConnectionService in 29949ms for mem-pressure-event
06-03 00:04:15.170  5731  5759 W ActivityManager: Rescheduling restart of crashed service com.xiaomi.wearable/com.google.android.libraries.wear.companion.esim.service.EsimProfileHandlingService in 69949ms for mem-pressure-event
06-03 00:04:15.173  5731  5886 D ConnectivityService: NetReassign [no changes] [c 0] [a 1] [i 0]
06-03 00:04:15.176  5618  5807 D NativePermissionController: checkPermission: missing 13 for 10136
06-03 00:04:15.177  5618  5807 D NativePermissionController: checkPermission: missing 13 for 10136
06-03 00:04:15.180  5731  5762 I libprocessgroup: Removed cgroup /sys/fs/cgroup/apps/uid_90001/pid_15497
06-03 00:04:15.182 12485 12485 I Zygote  : Process 15497 exited cleanly (0)
06-03 00:04:15.183  5618 15478 D NativePermissionController: checkPermission: missing 13 for 10136
06-03 00:04:15.184  5618 29917 D NativePermissionController: checkPermission: missing 13 for 10136
06-03 00:04:15.185  5731  8546 I ActivityManager: Process com.android.chrome:privileged_process0 (pid 15498) has died: fg  SVC 
06-03 00:04:15.185  5617  5617 I Zygote  : Process 15498 exited cleanly (0)
06-03 00:04:15.188  5731  5886 D InetDiagMessage: Destroyed 0 sockets, proto=IPPROTO_TCP, family=AF_INET, states=14
06-03 00:04:15.188  8942 20440 I etdk    : (REDACTED) HDM. appOpsListener %s %s
06-03 00:04:15.188  8942 20440 I etdk    : (REDACTED) HDM. Ignoring irrelevant audio permission changes for package %s
06-03 00:04:15.189  5731  5762 I libprocessgroup: Removed cgroup /sys/fs/cgroup/apps/uid_10335/pid_15498
06-03 00:04:15.189  5731  5886 D InetDiagMessage: Destroyed 0 sockets, proto=IPPROTO_TCP, family=AF_INET6, states=14
06-03 00:04:15.189  5731  5886 D InetDiagMessage: Destroyed live tcp sockets for uids={10335} in 3ms
06-03 00:04:15.190  5731  5886 D InetDiagMessage: Destroyed 0 sockets, proto=IPPROTO_TCP, family=AF_INET, states=14
06-03 00:04:15.191  5731  5886 D InetDiagMessage: Destroyed 0 sockets, proto=IPPROTO_TCP, family=AF_INET6, states=14
06-03 00:04:15.191  5731  5886 D InetDiagMessage: Destroyed live tcp sockets for uids={20335} in 1ms
06-03 00:04:15.196 16088 16171 W SoLoader: Initializing SoLoader: 2
06-03 00:04:15.196 16088 16171 W SoLoader: context.getApplicationContext returned null, holding reference to original context.ApplicationSoSource fallbacks to: /data/app/~~lPHsUJtTjcG772DjkUIyRg==/com.instagram.android-65M6Ns_hYfWNHTSZr-xNgA==/lib/arm64
06-03 00:04:15.199 15767 15767 D MusicService: Google Cast initialized
06-03 00:04:15.200  7482 15375 I LocationHistory: [DataProvider] Opening SQLite [CONTEXT service_id=314 ]
06-03 00:04:15.205  9122  9122 D FullKeyboardServiceDelegate: onTrimMemory called with level: 20
06-03 00:04:15.205  5989  6060 I PluginActionManager[com.android.systemui.action.PLUGIN_NOTIFICATION_MENU_ROW]: Found 0 plugins
06-03 00:04:15.234 16088 16171 W BackupSoSource: adding backup source from split: ExtractFromZipSoSource[/data/app/~~lPHsUJtTjcG772DjkUIyRg==/com.instagram.android-65M6Ns_hYfWNHTSZr-xNgA==/split_heliumcore.apk]
06-03 00:04:15.235 16088 16171 W BackupSoSource: adding backup source from split: ExtractFromZipSoSource[/data/app/~~lPHsUJtTjcG772DjkUIyRg==/com.instagram.android-65M6Ns_hYfWNHTSZr-xNgA==/split_heliumiab.apk]
06-03 00:04:15.236 16088 16171 W SoLoader: SoLoader initialized: 2
06-03 00:04:15.236 16088 16171 W FbSoLoader: Setting up native deps, useAssetManager=true
06-03 00:04:15.240 16088 16171 W FbSoLoader: Will use precomputed native lib dependencies file
06-03 00:04:15.243 16088 16170 W CrashLoopRemedyLog: unable to delete remedy log, instaCrash: false
06-03 00:04:15.243 16088 16170 W CrashLoopRemedyLog: unable to delete remedy log, instaCrash: true
06-03 00:04:15.243 16173 16173 W qcom-system-daemon: libminijail[16173]: failed to get path of fd 3: No such file or directory
06-03 00:04:15.243 16173 16173 W qcom-system-daemon: libminijail[16173]: allowing syscall: connect
06-03 00:04:15.243 16173 16173 W qcom-system-daemon: libminijail[16173]: allowing syscall: fcntl
06-03 00:04:15.243 16173 16173 W qcom-system-daemon: libminijail[16173]: allowing syscall: sendto
06-03 00:04:15.243 16173 16173 W qcom-system-daemon: libminijail[16173]: allowing syscall: socket
06-03 00:04:15.243 16173 16173 W qcom-system-daemon: libminijail[16173]: allowing syscall: writev
06-03 00:04:15.244 16173 16173 W qcom-system-daemon: libminijail[16173]: compile_file: <fd>(53): syscall sigaltstack redefined here
06-03 00:04:15.244 16173 16173 W qcom-system-daemon: libminijail[16173]: compile_file: <fd>(46): previous definition here
06-03 00:04:15.244 16173 16173 W qcom-system-daemon: libminijail[16173]: compile_file: <fd>(72): syscall exit redefined here
06-03 00:04:15.244 16173 16173 W qcom-system-daemon: libminijail[16173]: compile_file: <fd>(60): previous definition here
06-03 00:04:15.244 16173 16173 W qcom-system-daemon: libminijail[16173]: compile_file: <fd>(73): syscall restart_syscall redefined here
06-03 00:04:15.244 16173 16173 W qcom-system-daemon: libminijail[16173]: compile_file: <fd>(59): previous definition here
06-03 00:04:15.244 16173 16173 W qcom-system-daemon: libminijail[16173]: logging seccomp filter failures
06-03 00:04:15.244 16173 16173 I QCOMSysDaemon: Starting qcom system daemon
06-03 00:04:15.244 16173 16173 E Diag_Lib: diag: Diag_LSM_Init: invoked for pid: 16173 with init_count: 0
06-03 00:04:15.244 16173 16173 E Diag_Lib: diag:failed to connect to diag socket
06-03 00:04:15.244 16173 16173 E Diag_Lib:  Diag_LSM_Init: Failed to open handle to diag driver, error = 111
06-03 00:04:15.244 16173 16173 E QCOMSysDaemon:  Diag_LSM_Init failed : 0
06-03 00:04:15.249 16088 16171 W SoLoader: Prepending SoSource lib-compressed: SuperpackSoSource[root = /data/data/com.instagram.android/lib-compressed flags = 1 split = dynamic split:base compressedPath = assets/lib/libs.spo identity = base]
06-03 00:04:15.256  5623 16080 I MIUS    : MIUS: DelayStopThreadLoop() enter lock, upd_state_cnt[1]
06-03 00:04:15.256  5623 16080 D PAL: API: pal_stream_set_param: 495: Enter. Stream handle :0xb4000077c395f1d0K param_id -268435455
06-03 00:04:15.256  5623 16080 D PAL: StreamUltraSound: setParameters: 204: MIUS: enter PAL_PARAM_ID_UPD_NOTIFY_MSG case
06-03 00:04:15.256  5623 16080 D PAL: StreamUltraSound: setParameters: 213: MIUS: notify msg_ id is 0xA1000001
06-03 00:04:15.256  5623 16080 D PAL: SessionAlsaPcm: setParameters: 2351: Enter. param id: -268435455 (PAL_PARAM_ID_UPD_NOTIFY_MSG)
06-03 00:04:15.256  5623 16080 D PAL: SessionAlsaPcm: setParameters: 2642: MIUS: upd notify msg id [0xA1000001] 
06-03 00:04:15.256  5623 16080 D PAL: ResourceManager: getDeviceNameFromID: 1242: pcm id name is PCM121 
06-03 00:04:15.256  5623 16080 D PAL: ResourceManager: getDeviceNameFromID: 1242: pcm id name is PCM121 
06-03 00:04:15.256  5623 16080 D PAL: SessionAlsaUtils: setStreamMetadataType: 1266: - mixer -PCM121 control-
06-03 00:04:15.256  5623 16080 D PAL: SessionAlsaUtils: getModuleInstanceId: 1095: - mixer -PCM121 getTaggedInfo-
06-03 00:04:15.256  5623 16080 D PAL: SessionAlsaUtils: getModuleInstanceId: 1117: num of tags associated with stream 121 is 2
06-03 00:04:15.256  5623 16080 D PAL: SessionAlsaUtils: getModuleInstanceId: 1123: tag id[0] = 0xc0000005, num_modules = 0x1
06-03 00:04:15.256  5623 16080 D PAL: SessionAlsaUtils: getModuleInstanceId: 1123: tag id[1] = 0xc0000032, num_modules = 0x1
06-03 00:04:15.256  5623 16080 D PAL: SessionAlsaUtils: getModuleInstanceId: 1131: MIID is 0x42d5
06-03 00:04:15.256  5623 16080 D PAL: SessionAlsaPcm: setParameters: 2648: MIUS: get upd module iid: deviceId=121 miid=0x42d5  txAifBackEnds=CODEC_DMA-LPAIF_RXTX-TX-4 tagid=c0000032, status=0
06-03 00:04:15.256  5623 16080 D PAL: ResourceManager: getDeviceNameFromID: 1242: pcm id name is PCM121 
06-03 00:04:15.256  5623 16080 D PAL: SessionAlsaUtils: setMixerParameter: 1222: - mixer -PCM121-
06-03 00:04:15.256  5623 16080 D PAL: SessionAlsaUtils: setMixerParameter: 1230: - mixer -PCM121 setParam-
06-03 00:04:15.257  1481  2640 D AGM: graph: graph_set_config: 1227 entry graph_handle 0x147534c
06-03 00:04:15.257  1481  2640 I gsl     : gsl_send_spf_cmd:157 sending pkt with token 0x783
06-03 00:04:15.257 16175 16175 I flags_health_check: ServerConfigurableFlagsReset reset_mode value: 1
06-03 00:04:15.257 16175 16175 I flags_health_check: ServerConfigurableFlagsReset updatable crashing detected, resetting flags.
06-03 00:04:15.257  1481  2640 I gsl     : gsl_send_spf_cmd:184 rcvd pkt token : 0x783
06-03 00:04:15.257  1481  2640 D AGM: graph: graph_set_config: 1235 exit, graph handle 0x147534c, ret 0
06-03 00:04:15.257  5623 16080 D PAL: SessionAlsaUtils: setMixerParameter: 1239: ret = 0, cnt = 24
06-03 00:04:15.257  5623 16080 D PAL: SessionAlsaPcm: setParameters: 2657: MIUS: Upd device switch setMixerParameter successfully!
06-03 00:04:15.257  5623 16080 D PAL: SessionAlsaPcm: setParameters: 2719: Exit. status 0
